d:\docunemt\临时工程项目\btcminercontrol\btcminercontrol\hostservices\btcminercontrol\x64\release\vc143.pdb
d:\docunemt\临时工程项目\btcminercontrol\btcminercontrol\hostservices\btcminercontrol\x64\release\self_test.obj
d:\docunemt\临时工程项目\btcminercontrol\btcminercontrol\hostservices\btcminercontrol\x64\release\config.obj
d:\docunemt\临时工程项目\btcminercontrol\btcminercontrol\hostservices\btcminercontrol\x64\release\server.obj
d:\docunemt\临时工程项目\btcminercontrol\btcminercontrol\hostservices\btcminercontrol\x64\release\scheduler.obj
d:\docunemt\临时工程项目\btcminercontrol\btcminercontrol\hostservices\btcminercontrol\x64\release\manager.obj
d:\docunemt\临时工程项目\btcminercontrol\btcminercontrol\hostservices\btcminercontrol\x64\release\protocol.obj
d:\docunemt\临时工程项目\btcminercontrol\btcminercontrol\hostservices\btcminercontrol\x64\release\client.obj
d:\docunemt\临时工程项目\btcminercontrol\btcminercontrol\hostservices\btcminercontrol\x64\release\verify.obj
d:\docunemt\临时工程项目\btcminercontrol\btcminercontrol\hostservices\btcminercontrol\x64\release\midstate.obj
d:\docunemt\临时工程项目\btcminercontrol\btcminercontrol\hostservices\btcminercontrol\x64\release\merkle.obj
d:\docunemt\临时工程项目\btcminercontrol\btcminercontrol\hostservices\btcminercontrol\x64\release\coinbase.obj
d:\docunemt\临时工程项目\btcminercontrol\btcminercontrol\hostservices\btcminercontrol\x64\release\sha256.obj
d:\docunemt\临时工程项目\btcminercontrol\btcminercontrol\hostservices\btcminercontrol\x64\release\main.obj
d:\docunemt\临时工程项目\btcminercontrol\btcminercontrol\hostservices\x64\release\btcminercontrol.exe
d:\docunemt\临时工程项目\btcminercontrol\btcminercontrol\hostservices\x64\release\btcminercontrol.pdb
d:\docunemt\临时工程项目\btcminercontrol\btcminercontrol\hostservices\btcminercontrol\x64\release\btcminercontrol.ipdb
d:\docunemt\临时工程项目\btcminercontrol\btcminercontrol\hostservices\btcminercontrol\x64\release\btcminercontrol.iobj
d:\docunemt\临时工程项目\btcminercontrol\btcminercontrol\hostservices\btcminercontrol\x64\release\btcminercontrol.tlog\cl.command.1.tlog
d:\docunemt\临时工程项目\btcminercontrol\btcminercontrol\hostservices\btcminercontrol\x64\release\btcminercontrol.tlog\cl.items.tlog
d:\docunemt\临时工程项目\btcminercontrol\btcminercontrol\hostservices\btcminercontrol\x64\release\btcminercontrol.tlog\cl.read.1.tlog
d:\docunemt\临时工程项目\btcminercontrol\btcminercontrol\hostservices\btcminercontrol\x64\release\btcminercontrol.tlog\cl.write.1.tlog
d:\docunemt\临时工程项目\btcminercontrol\btcminercontrol\hostservices\btcminercontrol\x64\release\btcminercontrol.tlog\link.command.1.tlog
d:\docunemt\临时工程项目\btcminercontrol\btcminercontrol\hostservices\btcminercontrol\x64\release\btcminercontrol.tlog\link.read.1.tlog
d:\docunemt\临时工程项目\btcminercontrol\btcminercontrol\hostservices\btcminercontrol\x64\release\btcminercontrol.tlog\link.secondary.1.tlog
d:\docunemt\临时工程项目\btcminercontrol\btcminercontrol\hostservices\btcminercontrol\x64\release\btcminercontrol.tlog\link.write.1.tlog
