<html>
<body>
<pre>
<h1>µVision Build Log</h1>
<h2>Tool Versions:</h2>
IDE-Version: ¦ÌVision V5.42.0.0
Copyright (C) 2025 ARM Ltd and ARM Germany GmbH. All rights reserved.
License Information: 1 Lenovo, 1, LIC=HN0AE-586QS-74TS0-B5YRQ-CXLRK-YAUB2
 
Tool Versions:
Toolchain:       MDK-ARM Plus  Version: 5.42.0.0
Toolchain Path:  C:\Keil_v5\ARM\ARMCC\Bin
C Compiler:      Armcc.exe V5.06 update 7 (build 960)
Assembler:       Armasm.exe V5.06 update 7 (build 960)
Linker/Locator:  ArmLink.exe V5.06 update 7 (build 960)
Library Manager: ArmAr.exe V5.06 update 7 (build 960)
Hex Converter:   FromElf.exe V5.06 update 7 (build 960)
CPU DLL:         SARMCM3.DLL V5.42.0.0
Dialog DLL:      DCM.DLL V1.17.5.0
Target DLL:      Segger\JL2CM3.dll V2.99.45.0
Dialog DLL:      TCM.DLL V1.56.6.0
 
<h2>Project:</h2>
D:\Document\tempPrj\SWAP\BTCMinerMS\MDK-ARM\BTCMinerMS.uvprojx
Project File Date:  08/16/2026

<h2>Output:</h2>
*** Using Compiler 'V5.06 update 7 (build 960)', folder: 'C:\Keil_v5\ARM\ARMCC\Bin'
Rebuild target 'BTCMinerMS'
assembling startup_stm32f10x_cl.s...
compiling debug_serial.c...
compiling stm32f1xx_hal_eth.c...
compiling tmp1075.c...
compiling Delay.c...
compiling stm32f1xx_hal_gpio_ex.c...
compiling stm32f1xx_it.c...
compiling lwip_eth.c...
compiling tps546d24a.c...
compiling stm32f1xx_hal_msp.c...
compiling protocol.c...
compiling bm1366.c...
..\Core\Src\bm1366.c(190): warning:  #223-D: function "printf" declared implicitly
       printf("[CHIP] TX %u:", (unsigned)len);
..\Core\Src\bm1366.c(396): warning:  #223-D: function "printf" declared implicitly
       printf("[CHIP] recv %u bytes:", (unsigned)diag_len);
..\Core\Src\bm1366.c(415): warning:  #223-D: function "printf" declared implicitly
       printf("[CHIP] reset pulse (RST low 10ms -> high 50ms)\r\n");
..\Core\Src\bm1366.c(501): warning:  #177-D: variable "baud_cmd"  was declared but never referenced
           uint8_t baud_cmd[] = {0x00, 0x28, 0x11, 0x30, 0x02, 0x00};
..\Core\Src\bm1366.c: 4 warnings, 0 errors
compiling eth_drv.c...
compiling main.c...
../Core/Src/main.c(111): warning:  #550-D: variable "last_job_valid"  was set but never used
  static int  last_job_valid  = 0;
../Core/Src/main.c: 1 warning, 0 errors
compiling stm32f1xx_hal_flash.c...
compiling stm32f1xx_hal_flash_ex.c...
compiling stm32f1xx_hal_cortex.c...
compiling stm32f1xx_hal.c...
compiling system_stm32f1xx.c...
compiling stm32f1xx_hal_gpio.c...
compiling stm32f1xx_hal_pwr.c...
compiling stm32f1xx_hal_dma.c...
compiling stm32f1xx_hal_exti.c...
compiling stm32f1xx_hal_rcc_ex.c...
compiling stm32f1xx_hal_uart.c...
compiling stm32f1xx_hal_rcc.c...
compiling stm32f1xx_hal_i2c.c...
compiling def.c...
compiling sys.c...
compiling inet_chksum.c...
compiling mem.c...
compiling stats.c...
compiling pbuf.c...
compiling init.c...
compiling timeouts.c...
compiling memp.c...
compiling netif.c...
compiling tcp.c...
compiling tcp_out.c...
compiling tcp_in.c...
compiling sys_arch.c...
compiling ip.c...
compiling ip4_addr.c...
compiling acd.c...
compiling ethernet.c...
compiling etharp.c...
compiling ip4.c...
compiling eth_netif.c...
compiling udp.c...
compiling icmp.c...
compiling dhcp.c...
linking...
Program Size: Code=47520 RO-data=1612 RW-data=372 ZI-data=31228  
FromELF: creating hex file...
"BTCMinerMS\BTCMinerMS.axf" - 0 Error(s), 5 Warning(s).

<h2>Software Packages used:</h2>

Package Vendor: Keil
                https://www.keil.com/pack/Keil.STM32F1xx_DFP.2.4.1.pack
                Keil::STM32F1xx_DFP@2.4.1
                STMicroelectronics STM32F1 Series Device Support, Drivers and Examples

<h2>Collection of Component include folders:</h2>
  C:/Keil_v5/MDK/PACK/Keil/STM32F1xx_DFP/2.4.1/Device/Include

<h2>Collection of Component Files used:</h2>
Build Time Elapsed:  00:00:13
</pre>
</body>
</html>
