Component: ARM Compiler 5.06 update 7 (build 960) Tool: armlink [4d3601]

==============================================================================

Section Cross References

    startup_stm32f40xx.o(RESET) refers to startup_stm32f40xx.o(STACK) for __initial_sp
    startup_stm32f40xx.o(RESET) refers to startup_stm32f40xx.o(.text) for Reset_Handler
    startup_stm32f40xx.o(RESET) refers to stm32f4xx_it.o(i.NMI_Handler) for NMI_Handler
    startup_stm32f40xx.o(RESET) refers to stm32f4xx_it.o(i.HardFault_Handler) for HardFault_Handler
    startup_stm32f40xx.o(RESET) refers to stm32f4xx_it.o(i.MemManage_Handler) for MemManage_Handler
    startup_stm32f40xx.o(RESET) refers to stm32f4xx_it.o(i.BusFault_Handler) for BusFault_Handler
    startup_stm32f40xx.o(RESET) refers to stm32f4xx_it.o(i.UsageFault_Handler) for UsageFault_Handler
    startup_stm32f40xx.o(RESET) refers to stm32f4xx_it.o(i.SVC_Handler) for SVC_Handler
    startup_stm32f40xx.o(RESET) refers to stm32f4xx_it.o(i.DebugMon_Handler) for DebugMon_Handler
    startup_stm32f40xx.o(RESET) refers to stm32f4xx_it.o(i.PendSV_Handler) for PendSV_Handler
    startup_stm32f40xx.o(RESET) refers to main.o(i.SysTick_Handler) for SysTick_Handler
    startup_stm32f40xx.o(RESET) refers to stm32f4xx_it.o(i.USART1_IRQHandler) for USART1_IRQHandler
    startup_stm32f40xx.o(.text) refers to system_stm32f4xx.o(i.SystemInit) for SystemInit
    startup_stm32f40xx.o(.text) refers to entry.o(.ARM.Collect$$$$00000000) for __main
    system_stm32f4xx.o(i.SystemCoreClockUpdate) refers to system_stm32f4xx.o(.data) for .data
    system_stm32f4xx.o(i.SystemInit) refers to system_stm32f4xx.o(i.SetSysClock) for SetSysClock
    stm32f4xx_gpio.o(i.GPIO_DeInit) refers to stm32f4xx_rcc.o(i.RCC_AHB1PeriphResetCmd) for RCC_AHB1PeriphResetCmd
    stm32f4xx_rcc.o(i.RCC_GetClocksFreq) refers to stm32f4xx_rcc.o(.data) for .data
    stm32f4xx_rcc.o(i.RCC_WaitForHSEStartUp) refers to stm32f4xx_rcc.o(i.RCC_GetFlagStatus) for RCC_GetFlagStatus
    stm32f4xx_usart.o(i.USART_DeInit) refers to stm32f4xx_rcc.o(i.RCC_APB2PeriphResetCmd) for RCC_APB2PeriphResetCmd
    stm32f4xx_usart.o(i.USART_DeInit) refers to stm32f4xx_rcc.o(i.RCC_APB1PeriphResetCmd) for RCC_APB1PeriphResetCmd
    stm32f4xx_usart.o(i.USART_Init) refers to stm32f4xx_rcc.o(i.RCC_GetClocksFreq) for RCC_GetClocksFreq
    stm32f4xx_flash.o(i.FLASH_EraseAllBank1Sectors) refers to stm32f4xx_flash.o(i.FLASH_WaitForLastOperation) for FLASH_WaitForLastOperation
    stm32f4xx_flash.o(i.FLASH_EraseAllBank2Sectors) refers to stm32f4xx_flash.o(i.FLASH_WaitForLastOperation) for FLASH_WaitForLastOperation
    stm32f4xx_flash.o(i.FLASH_EraseAllSectors) refers to stm32f4xx_flash.o(i.FLASH_WaitForLastOperation) for FLASH_WaitForLastOperation
    stm32f4xx_flash.o(i.FLASH_EraseSector) refers to stm32f4xx_flash.o(i.FLASH_WaitForLastOperation) for FLASH_WaitForLastOperation
    stm32f4xx_flash.o(i.FLASH_OB_Launch) refers to stm32f4xx_flash.o(i.FLASH_WaitForLastOperation) for FLASH_WaitForLastOperation
    stm32f4xx_flash.o(i.FLASH_OB_PCROP1Config) refers to stm32f4xx_flash.o(i.FLASH_WaitForLastOperation) for FLASH_WaitForLastOperation
    stm32f4xx_flash.o(i.FLASH_OB_PCROPConfig) refers to stm32f4xx_flash.o(i.FLASH_WaitForLastOperation) for FLASH_WaitForLastOperation
    stm32f4xx_flash.o(i.FLASH_OB_RDPConfig) refers to stm32f4xx_flash.o(i.FLASH_WaitForLastOperation) for FLASH_WaitForLastOperation
    stm32f4xx_flash.o(i.FLASH_OB_UserConfig) refers to stm32f4xx_flash.o(i.FLASH_WaitForLastOperation) for FLASH_WaitForLastOperation
    stm32f4xx_flash.o(i.FLASH_OB_WRP1Config) refers to stm32f4xx_flash.o(i.FLASH_WaitForLastOperation) for FLASH_WaitForLastOperation
    stm32f4xx_flash.o(i.FLASH_OB_WRPConfig) refers to stm32f4xx_flash.o(i.FLASH_WaitForLastOperation) for FLASH_WaitForLastOperation
    stm32f4xx_flash.o(i.FLASH_ProgramByte) refers to stm32f4xx_flash.o(i.FLASH_WaitForLastOperation) for FLASH_WaitForLastOperation
    stm32f4xx_flash.o(i.FLASH_ProgramDoubleWord) refers to stm32f4xx_flash.o(i.FLASH_WaitForLastOperation) for FLASH_WaitForLastOperation
    stm32f4xx_flash.o(i.FLASH_ProgramHalfWord) refers to stm32f4xx_flash.o(i.FLASH_WaitForLastOperation) for FLASH_WaitForLastOperation
    stm32f4xx_flash.o(i.FLASH_ProgramWord) refers to stm32f4xx_flash.o(i.FLASH_WaitForLastOperation) for FLASH_WaitForLastOperation
    stm32f4xx_flash.o(i.FLASH_WaitForLastOperation) refers to stm32f4xx_flash.o(i.FLASH_GetStatus) for FLASH_GetStatus
    stm32f4xx_syscfg.o(i.SYSCFG_DeInit) refers to stm32f4xx_rcc.o(i.RCC_APB2PeriphResetCmd) for RCC_APB2PeriphResetCmd
    stm32f4xx_tim.o(i.TIM_DeInit) refers to stm32f4xx_rcc.o(i.RCC_APB2PeriphResetCmd) for RCC_APB2PeriphResetCmd
    stm32f4xx_tim.o(i.TIM_DeInit) refers to stm32f4xx_rcc.o(i.RCC_APB1PeriphResetCmd) for RCC_APB1PeriphResetCmd
    stm32f4xx_tim.o(i.TIM_ETRClockMode1Config) refers to stm32f4xx_tim.o(i.TIM_ETRConfig) for TIM_ETRConfig
[...]
    write_u64                                0x08007489   Thumb Code    38  protocol.o(i.write_u64)
    .constdata                               0x080074ae   Section       24  main.o(.constdata)
    pc_ip                                    0x080074ae   Data           4  main.o(.constdata)
    eth_cfg                                  0x080074b2   Data          20  main.o(.constdata)
    .constdata                               0x080074c6   Section      256  bm1366.o(.constdata)
    CRC5_TABLE                               0x080074c6   Data         256  bm1366.o(.constdata)
    .constdata                               0x080075c8   Section       12  memp.o(.constdata)
    .constdata                               0x080075d4   Section       12  memp.o(.constdata)
    .constdata                               0x080075e0   Section       12  memp.o(.constdata)
    .constdata                               0x080075ec   Section       12  memp.o(.constdata)
    .constdata                               0x080075f8   Section       12  memp.o(.constdata)
    .constdata                               0x08007604   Section       12  memp.o(.constdata)
    .constdata                               0x08007610   Section       12  memp.o(.constdata)
    .constdata                               0x0800761c   Section       12  memp.o(.constdata)
    .constdata                               0x08007628   Section       32  memp.o(.constdata)
    .constdata                               0x08007648   Section       84  tcp.o(.constdata)
    tcp_persist_backoff                      0x08007648   Data           7  tcp.o(.constdata)
    tcp_state_str                            0x08007650   Data          44  tcp.o(.constdata)
    tcp_backoff                              0x0800767c   Data          13  tcp.o(.constdata)
    .constdata                               0x0800769c   Section       16  timeouts.o(.constdata)
    .constdata                               0x080076ac   Section        4  ip4_addr.o(.constdata)
    .constdata                               0x080076b0   Section        6  ethernet.o(.constdata)
    .constdata                               0x080076b6   Section        6  ethernet.o(.constdata)
    .conststring                             0x080076bc   Section      117  tcp.o(.conststring)
    .data                                    0x20000000   Section       16  stm32f4xx_rcc.o(.data)
    APBAHBPrescTable                         0x20000000   Data          16  stm32f4xx_rcc.o(.data)
    .data                                    0x20000010   Section       16  main.o(.data)
    net_rx_len                               0x20000010   Data           2  main.o(.data)
    connected                                0x20000018   Data           4  main.o(.data)
    asic_ready                               0x2000001c   Data           4  main.o(.data)
    .data                                    0x20000020   Section       12  bm1366.o(.data)
    bm1366_chip_count                        0x20000020   Data           1  bm1366.o(.data)
    bm1366_address_interval                  0x20000021   Data           1  bm1366.o(.data)
    uart_rx_head                             0x20000022   Data           2  bm1366.o(.data)
    uart_rx_tail                             0x20000024   Data           2  bm1366.o(.data)
    bm1366_cur_baud                          0x20000028   Data           4  bm1366.o(.data)
    .data                                    0x2000002c   Section       38  eth_drv.o(.data)
    rx_head                                  0x2000002c   Data           2  eth_drv.o(.data)
    rx_tail                                  0x2000002e   Data           2  eth_drv.o(.data)
    dest_port                                0x20000030   Data           2  eth_drv.o(.data)
    eth_lport                                0x20000032   Data           2  eth_drv.o(.data)
    tcp_pcba                                 0x20000034   Data           4  eth_drv.o(.data)
    tcp_state                                0x20000038   Data           4  eth_drv.o(.data)
    dest_ip_addr                             0x2000003c   Data           4  eth_drv.o(.data)
    eth_ip                                   0x20000040   Data           4  eth_drv.o(.data)
    eth_gw                                   0x20000044   Data           4  eth_drv.o(.data)
    eth_mask                                 0x20000048   Data           4  eth_drv.o(.data)
    eth_mac                                  0x2000004c   Data           6  eth_drv.o(.data)
    .data                                    0x20000054   Section       12  mem.o(.data)
    ram                                      0x20000054   Data           4  mem.o(.data)
    ram_end                                  0x20000058   Data           4  mem.o(.data)
    lfree                                    0x2000005c   Data           4  mem.o(.data)
    .data                                    0x20000060   Section        4  memp.o(.data)
    memp_tab_RAW_PCB                         0x20000060   Data           4  memp.o(.data)
    .data                                    0x20000064   Section        4  memp.o(.data)
    memp_tab_TCP_PCB                         0x20000064   Data           4  memp.o(.data)
    .data                                    0x20000068   Section        4  memp.o(.data)
    memp_tab_TCP_PCB_LISTEN                  0x20000068   Data           4  memp.o(.data)
    .data                                    0x2000006c   Section        4  memp.o(.data)
    memp_tab_TCP_SEG                         0x2000006c   Data           4  memp.o(.data)
    .data                                    0x20000070   Section        4  memp.o(.data)
    memp_tab_ARP_QUEUE                       0x20000070   Data           4  memp.o(.data)
    .data                                    0x20000074   Section        4  memp.o(.data)
    memp_tab_SYS_TIMEOUT                     0x20000074   Data           4  memp.o(.data)
    .data                                    0x20000078   Section        4  memp.o(.data)
    memp_tab_PBUF                            0x20000078   Data           4  memp.o(.data)
    .data                                    0x2000007c   Section        4  memp.o(.data)
    memp_tab_PBUF_POOL                       0x2000007c   Data           4  memp.o(.data)
    .data                                    0x20000080   Section       12  netif.o(.data)
    netif_num                                0x20000080   Data           1  netif.o(.data)
    .data                                    0x2000008c   Section        1  pbuf.o(.data)
    .data                                    0x20000090   Section        4  raw.o(.data)
    raw_pcbs                                 0x20000090   Data           4  raw.o(.data)
    .data                                    0x20000094   Section       32  tcp.o(.data)
    tcp_timer                                0x20000095   Data           1  tcp.o(.data)
    tcp_timer_ctr                            0x20000096   Data           1  tcp.o(.data)
    tcp_port                                 0x20000098   Data           2  tcp.o(.data)
    iss                                      0x2000009c   Data           4  tcp.o(.data)
    .data                                    0x200000b4   Section       36  tcp_in.o(.data)
    flags                                    0x200000b4   Data           1  tcp_in.o(.data)
    recv_flags                               0x200000b5   Data           1  tcp_in.o(.data)
    tcphdr_optlen                            0x200000b6   Data           2  tcp_in.o(.data)
    tcphdr_opt1len                           0x200000b8   Data           2  tcp_in.o(.data)
    tcp_optidx                               0x200000ba   Data           2  tcp_in.o(.data)
    recv_acked                               0x200000bc   Data           2  tcp_in.o(.data)
    tcplen                                   0x200000be   Data           2  tcp_in.o(.data)
    tcphdr                                   0x200000c0   Data           4  tcp_in.o(.data)
    tcphdr_opt2                              0x200000c4   Data           4  tcp_in.o(.data)
    seqno                                    0x200000c8   Data           4  tcp_in.o(.data)
    ackno                                    0x200000cc   Data           4  tcp_in.o(.data)
    recv_data                                0x200000d0   Data           4  tcp_in.o(.data)
    .data                                    0x200000d8   Section       12  timeouts.o(.data)
    next_timeout                             0x200000d8   Data           4  timeouts.o(.data)
    current_timeout_due_time                 0x200000dc   Data           4  timeouts.o(.data)
    tcpip_tcp_timer_active                   0x200000e0   Data           4  timeouts.o(.data)
    .data                                    0x200000e4   Section        1  etharp.o(.data)
    etharp_cached_entry                      0x200000e4   Data           1  etharp.o(.data)
    .data                                    0x200000e6   Section        2  ip4.o(.data)
    ip_id                                    0x200000e6   Data           2  ip4.o(.data)
    .bss                                     0x200000e8   Section     2304  main.o(.bss)
    net_rx_buf                               0x200000e8   Data        2048  main.o(.bss)
    net_tx_buf                               0x200008e8   Data         256  main.o(.bss)
    .bss                                     0x200009e8   Section      256  bm1366.o(.bss)
    uart_rx_buf                              0x200009e8   Data         256  bm1366.o(.bss)
    .bss                                     0x20000ae8   Section    13456  eth_drv.o(.bss)
    eth_netif                                0x20002f48   Data          48  eth_drv.o(.bss)
    rx_ring                                  0x20002f78   Data        4096  eth_drv.o(.bss)
    .bss                                     0x20003f78   Section       24  ip.o(.bss)
    .bss                                     0x20003f90   Section    30739  mem.o(.bss)
    .bss                                     0x2000b7a3   Section      115  memp.o(.bss)
    .bss                                     0x2000b816   Section     1251  memp.o(.bss)
    .bss                                     0x2000bcf9   Section      259  memp.o(.bss)
    .bss                                     0x2000bdfc   Section     1027  memp.o(.bss)
    .bss                                     0x2000c1ff   Section      243  memp.o(.bss)
    .bss                                     0x2000c2f2   Section      131  memp.o(.bss)
    .bss                                     0x2000c375   Section      323  memp.o(.bss)
    .bss                                     0x2000c4b8   Section    30723  memp.o(.bss)
    .bss                                     0x20013cbc   Section       16  tcp_in.o(.bss)
    inseg                                    0x20013cbc   Data          16  tcp_in.o(.bss)
    .bss                                     0x20013ccc   Section      192  etharp.o(.bss)
    arp_table                                0x20013ccc   Data         192  etharp.o(.bss)
    STACK                                    0x20013d90   Section     1024  startup_stm32f40xx.o(STACK)

    Global Symbols

    Symbol Name                              Value     Ov Type        Size  Object(Section)

    BuildAttributes$$THM_ISAv4$E$P$D$K$B$S$7EM$VFPi3$EXTD16$VFPS$VFMA$PE$A:L22UL41UL21$X:L11$S22US41US21$IEEE1$IW$USESV6$~STKCKD$USESV7$~SHL$OSPACE$ROPI$EBA8$MICROLIB$REQ8$PRES8$EABIv2 0x00000000   Number         0  anon$$obj.o ABSOLUTE
    __ARM_use_no_argv                        0x00000000   Number         0  main.o ABSOLUTE
    __arm_fini_                               - Undefined Weak Reference
    __cpp_initialize__aeabi_                  - Undefined Weak Reference
    __cxa_finalize                            - Undefined Weak Reference
    __decompress                              - Undefined Weak Reference
    _clock_init                               - Undefined Weak Reference
    _microlib_exit                            - Undefined Weak Reference
    __Vectors_Size                           0x00000188   Number         0  startup_stm32f40xx.o ABSOLUTE
    __Vectors                                0x08000000   Data           4  startup_stm32f40xx.o(RESET)
    __Vectors_End                            0x08000188   Data           0  startup_stm32f40xx.o(RESET)
    __main                                   0x08000189   Thumb Code     0  entry.o(.ARM.Collect$$$$00000000)
    _main_stk                                0x08000189   Thumb Code     0  entry2.o(.ARM.Collect$$$$00000001)
    _main_scatterload                        0x0800018d   Thumb Code     0  entry5.o(.ARM.Collect$$$$00000004)
    __main_after_scatterload                 0x08000191   Thumb Code     0  entry5.o(.ARM.Collect$$$$00000004)
    _main_clock                              0x08000191   Thumb Code     0  entry7b.o(.ARM.Collect$$$$00000008)
    _main_cpp_init                           0x08000191   Thumb Code     0  entry8b.o(.ARM.Collect$$$$0000000A)
    _main_init                               0x08000191   Thumb Code     0  entry9a.o(.ARM.Collect$$$$0000000B)
    __rt_lib_shutdown_fini                   0x08000199   Thumb Code     0  entry12b.o(.ARM.Collect$$$$0000000E)
    __rt_final_cpp                           0x0800019d   Thumb Code     0  entry10a.o(.ARM.Collect$$$$0000000F)
    __rt_final_exit                          0x0800019d   Thumb Code     0  entry11a.o(.ARM.Collect$$$$00000011)
    Reset_Handler                            0x080001a1   Thumb Code     8  startup_stm32f40xx.o(.text)
    ADC_IRQHandler                           0x080001bb   Thumb Code     0  startup_stm32f40xx.o(.text)
    CAN1_RX0_IRQHandler                      0x080001bb   Thumb Code     0  startup_stm32f40xx.o(.text)
    CAN1_RX1_IRQHandler                      0x080001bb   Thumb Code     0  startup_stm32f40xx.o(.text)
    CAN1_SCE_IRQHandler                      0x080001bb   Thumb Code     0  startup_stm32f40xx.o(.text)
    CAN1_TX_IRQHandler                       0x080001bb   Thumb Code     0  startup_stm32f40xx.o(.text)
    CAN2_RX0_IRQHandler                      0x080001bb   Thumb Code     0  startup_stm32f40xx.o(.text)
    CAN2_RX1_IRQHandler                      0x080001bb   Thumb Code     0  startup_stm32f40xx.o(.text)
    CAN2_SCE_IRQHandler                      0x080001bb   Thumb Code     0  startup_stm32f40xx.o(.text)
    CAN2_TX_IRQHandler                       0x080001bb   Thumb Code     0  startup_stm32f40xx.o(.text)
    CRYP_IRQHandler                          0x080001bb   Thumb Code     0  startup_stm32f40xx.o(.text)
    DCMI_IRQHandler                          0x080001bb   Thumb Code     0  startup_stm32f40xx.o(.text)
    DMA1_Stream0_IRQHandler                  0x080001bb   Thumb Code     0  startup_stm32f40xx.o(.text)
    DMA1_Stream1_IRQHandler                  0x080001bb   Thumb Code     0  startup_stm32f40xx.o(.text)
    DMA1_Stream2_IRQHandler                  0x080001bb   Thumb Code     0  startup_stm32f40xx.o(.text)
    DMA1_Stream3_IRQHandler                  0x080001bb   Thumb Code     0  startup_stm32f40xx.o(.text)
    DMA1_Stream4_IRQHandler                  0x080001bb   Thumb Code     0  startup_stm32f40xx.o(.text)
    DMA1_Stream5_IRQHandler                  0x080001bb   Thumb Code     0  startup_stm32f40xx.o(.text)
    DMA1_Stream6_IRQHandler                  0x080001bb   Thumb Code     0  startup_stm32f40xx.o(.text)
    DMA1_Stream7_IRQHandler                  0x080001bb   Thumb Code     0  startup_stm32f40xx.o(.text)
    DMA2_Stream0_IRQHandler                  0x080001bb   Thumb Code     0  startup_stm32f40xx.o(.text)
    DMA2_Stream1_IRQHandler                  0x080001bb   Thumb Code     0  startup_stm32f40xx.o(.text)
    DMA2_Stream2_IRQHandler                  0x080001bb   Thumb Code     0  startup_stm32f40xx.o(.text)
    DMA2_Stream3_IRQHandler                  0x080001bb   Thumb Code     0  startup_stm32f40xx.o(.text)
    DMA2_Stream4_IRQHandler                  0x080001bb   Thumb Code     0  startup_stm32f40xx.o(.text)
    DMA2_Stream5_IRQHandler                  0x080001bb   Thumb Code     0  startup_stm32f40xx.o(.text)
    DMA2_Stream6_IRQHandler                  0x080001bb   Thumb Code     0  startup_stm32f40xx.o(.text)
    DMA2_Stream7_IRQHandler                  0x080001bb   Thumb Code     0  startup_stm32f40xx.o(.text)
    ETH_IRQHandler                           0x080001bb   Thumb Code     0  startup_stm32f40xx.o(.text)
    ETH_WKUP_IRQHandler                      0x080001bb   Thumb Code     0  startup_stm32f40xx.o(.text)
    EXTI0_IRQHandler                         0x080001bb   Thumb Code     0  startup_stm32f40xx.o(.text)
    EXTI15_10_IRQHandler                     0x080001bb   Thumb Code     0  startup_stm32f40xx.o(.text)
    EXTI1_IRQHandler                         0x080001bb   Thumb Code     0  startup_stm32f40xx.o(.text)
    EXTI2_IRQHandler                         0x080001bb   Thumb Code     0  startup_stm32f40xx.o(.text)
    EXTI3_IRQHandler                         0x080001bb   Thumb Code     0  startup_stm32f40xx.o(.text)
    EXTI4_IRQHandler                         0x080001bb   Thumb Code     0  startup_stm32f40xx.o(.text)
    EXTI9_5_IRQHandler                       0x080001bb   Thumb Code     0  startup_stm32f40xx.o(.text)
    FLASH_IRQHandler                         0x080001bb   Thumb Code     0  startup_stm32f40xx.o(.text)
    FPU_IRQHandler                           0x080001bb   Thumb Code     0  startup_stm32f40xx.o(.text)
    FSMC_IRQHandler                          0x080001bb   Thumb Code     0  startup_stm32f40xx.o(.text)
    HASH_RNG_IRQHandler                      0x080001bb   Thumb Code     0  startup_stm32f40xx.o(.text)
    I2C1_ER_IRQHandler                       0x080001bb   Thumb Code     0  startup_stm32f40xx.o(.text)
    I2C1_EV_IRQHandler                       0x080001bb   Thumb Code     0  startup_stm32f40xx.o(.text)
    I2C2_ER_IRQHandler                       0x080001bb   Thumb Code     0  startup_stm32f40xx.o(.text)
    I2C2_EV_IRQHandler                       0x080001bb   Thumb Code     0  startup_stm32f40xx.o(.text)
    I2C3_ER_IRQHandler                       0x080001bb   Thumb Code     0  startup_stm32f40xx.o(.text)
    I2C3_EV_IRQHandler                       0x080001bb   Thumb Code     0  startup_stm32f40xx.o(.text)
    OTG_FS_IRQHandler                        0x080001bb   Thumb Code     0  startup_stm32f40xx.o(.text)
    OTG_FS_WKUP_IRQHandler                   0x080001bb   Thumb Code     0  startup_stm32f40xx.o(.text)
    OTG_HS_EP1_IN_IRQHandler                 0x080001bb   Thumb Code     0  startup_stm32f40xx.o(.text)
    OTG_HS_EP1_OUT_IRQHandler                0x080001bb   Thumb Code     0  startup_stm32f40xx.o(.text)
    OTG_HS_IRQHandler                        0x080001bb   Thumb Code     0  startup_stm32f40xx.o(.text)
    OTG_HS_WKUP_IRQHandler                   0x080001bb   Thumb Code     0  startup_stm32f40xx.o(.text)
    PVD_IRQHandler                           0x080001bb   Thumb Code     0  startup_stm32f40xx.o(.text)
    RCC_IRQHandler                           0x080001bb   Thumb Code     0  startup_stm32f40xx.o(.text)
    RTC_Alarm_IRQHandler                     0x080001bb   Thumb Code     0  startup_stm32f40xx.o(.text)
    RTC_WKUP_IRQHandler                      0x080001bb   Thumb Code     0  startup_stm32f40xx.o(.text)
    SDIO_IRQHandler                          0x080001bb   Thumb Code     0  startup_stm32f40xx.o(.text)
    SPI1_IRQHandler                          0x080001bb   Thumb Code     0  startup_stm32f40xx.o(.text)
    SPI2_IRQHandler                          0x080001bb   Thumb Code     0  startup_stm32f40xx.o(.text)
    SPI3_IRQHandler                          0x080001bb   Thumb Code     0  startup_stm32f40xx.o(.text)
    TAMP_STAMP_IRQHandler                    0x080001bb   Thumb Code     0  startup_stm32f40xx.o(.text)
    TIM1_BRK_TIM9_IRQHandler                 0x080001bb   Thumb Code     0  startup_stm32f40xx.o(.text)
    TIM1_CC_IRQHandler                       0x080001bb   Thumb Code     0  startup_stm32f40xx.o(.text)
    TIM1_TRG_COM_TIM11_IRQHandler            0x080001bb   Thumb Code     0  startup_stm32f40xx.o(.text)
    TIM1_UP_TIM10_IRQHandler                 0x080001bb   Thumb Code     0  startup_stm32f40xx.o(.text)
    TIM2_IRQHandler                          0x080001bb   Thumb Code     0  startup_stm32f40xx.o(.text)
    TIM3_IRQHandler                          0x080001bb   Thumb Code     0  startup_stm32f40xx.o(.text)
    TIM4_IRQHandler                          0x080001bb   Thumb Code     0  startup_stm32f40xx.o(.text)
    TIM5_IRQHandler                          0x080001bb   Thumb Code     0  startup_stm32f40xx.o(.text)
    TIM6_DAC_IRQHandler                      0x080001bb   Thumb Code     0  startup_stm32f40xx.o(.text)
    TIM7_IRQHandler                          0x080001bb   Thumb Code     0  startup_stm32f40xx.o(.text)
    TIM8_BRK_TIM12_IRQHandler                0x080001bb   Thumb Code     0  startup_stm32f40xx.o(.text)
    TIM8_CC_IRQHandler                       0x080001bb   Thumb Code     0  startup_stm32f40xx.o(.text)
    TIM8_TRG_COM_TIM14_IRQHandler            0x080001bb   Thumb Code     0  startup_stm32f40xx.o(.text)
    TIM8_UP_TIM13_IRQHandler                 0x080001bb   Thumb Code     0  startup_stm32f40xx.o(.text)
    UART4_IRQHandler                         0x080001bb   Thumb Code     0  startup_stm32f40xx.o(.text)
    UART5_IRQHandler                         0x080001bb   Thumb Code     0  startup_stm32f40xx.o(.text)
    USART2_IRQHandler                        0x080001bb   Thumb Code     0  startup_stm32f40xx.o(.text)
    USART3_IRQHandler                        0x080001bb   Thumb Code     0  startup_stm32f40xx.o(.text)
    USART6_IRQHandler                        0x080001bb   Thumb Code     0  startup_stm32f40xx.o(.text)
    WWDG_IRQHandler                          0x080001bb   Thumb Code     0  startup_stm32f40xx.o(.text)
    __aeabi_llsr                             0x080001c5   Thumb Code    32  llushr.o(.text)
    _ll_ushift_r                             0x080001c5   Thumb Code     0  llushr.o(.text)
    ___aeabi_memcpy4$move                    0x080001e5   Thumb Code     0  memmovea.o(.text)
    ___aeabi_memcpy8$move                    0x080001e5   Thumb Code     0  memmovea.o(.text)
    __aeabi_memcpy                           0x080001e5   Thumb Code    64  memmovea.o(.text)
    __aeabi_memmove                          0x080001e5   Thumb Code     0  memmovea.o(.text)
    __aeabi_memmove4                         0x080001e5   Thumb Code     0  memmovea.o(.text)
    __aeabi_memmove8                         0x080001e5   Thumb Code     0  memmovea.o(.text)
    __aeabi_memset                           0x08000225   Thumb Code    14  memseta.o(.text)
    __aeabi_memset4                          0x08000225   Thumb Code     0  memseta.o(.text)
    __aeabi_memset8                          0x08000225   Thumb Code     0  memseta.o(.text)
    __aeabi_memclr                           0x08000233   Thumb Code     4  memseta.o(.text)
    __aeabi_memclr4                          0x08000233   Thumb Code     0  memseta.o(.text)
    __aeabi_memclr8                          0x08000233   Thumb Code     0  memseta.o(.text)
    _memset$wrapper                          0x08000237   Thumb Code    18  memseta.o(.text)
    memcmp                                   0x08000249   Thumb Code    26  memcmp.o(.text)
    __aeabi_dmul                             0x08000263   Thumb Code   228  dmul.o(.text)
    __aeabi_ddiv                             0x08000347   Thumb Code   222  ddiv.o(.text)
    __aeabi_uidiv                            0x08000425   Thumb Code     0  uidiv.o(.text)
    __aeabi_uidivmod                         0x08000425   Thumb Code    44  uidiv.o(.text)
    __aeabi_uldivmod                         0x08000451   Thumb Code    98  uldiv.o(.text)
    __I$use$fp                               0x080004b3   Thumb Code     0  iusefp.o(.text)
    _double_round                            0x080004b3   Thumb Code    30  depilogue.o(.text)
    _double_epilogue                         0x080004d1   Thumb Code   156  depilogue.o(.text)
    __aeabi_dadd                             0x0800056d   Thumb Code   322  dadd.o(.text)
    __aeabi_dsub                             0x080006af   Thumb Code     6  dadd.o(.text)
    __aeabi_drsub                            0x080006b5   Thumb Code     6  dadd.o(.text)
    __aeabi_d2ulz                            0x080006bb   Thumb Code    48  dfixul.o(.text)
    __aeabi_cdrcmple                         0x080006ed   Thumb Code    48  cdrcmple.o(.text)
    __scatterload                            0x0800071d   Thumb Code    28  init.o(.text)
    __scatterload_rt2                        0x0800071d   Thumb Code     0  init.o(.text)
    __aeabi_llsl                             0x08000741   Thumb Code    30  llshl.o(.text)
    _ll_shift_l                              0x08000741   Thumb Code     0  llshl.o(.text)
    __aeabi_lasr                             0x0800075f   Thumb Code    36  llsshr.o(.text)
    _ll_sshift_r                             0x0800075f   Thumb Code     0  llsshr.o(.text)
    BusFault_Handler                         0x08000783   Thumb Code     2  stm32f4xx_it.o(i.BusFault_Handler)
    DebugMon_Handler                         0x08000785   Thumb Code     2  stm32f4xx_it.o(i.DebugMon_Handler)
    DebugSerial_Init                         0x08000789   Thumb Code   154  debug_serial.o(i.DebugSerial_Init)
    DebugSerial_Printf                       0x0800082d   Thumb Code    32  debug_serial.o(i.DebugSerial_Printf)
    DebugSerial_PutChar                      0x0800084d   Thumb Code    30  debug_serial.o(i.DebugSerial_PutChar)
    DebugSerial_Puts                         0x08000871   Thumb Code    32  debug_serial.o(i.DebugSerial_Puts)
    Delay_ms                                 0x08000891   Thumb Code    24  delay.o(i.Delay_ms)
    Delay_us                                 0x080008a9   Thumb Code    30  delay.o(i.Delay_us)
    ETH_DMATransmissionRequest               0x080008c9   Thumb Code    14  lwip_eth.o(i.ETH_DMATransmissionRequest)
    ETH_DMA_Init                             0x080008dd   Thumb Code   146  lwip_eth.o(i.ETH_DMA_Init)
    ETH_GetRxPktSize                         0x0800097d   Thumb Code    38  lwip_eth.o(i.ETH_GetRxPktSize)
    ETH_GetSoftwareResetStatus               0x080009a5   Thumb Code    10  lwip_eth.o(i.ETH_GetSoftwareResetStatus)
    ETH_MAC_Init                             0x080009b5   Thumb Code    54  lwip_eth.o(i.ETH_MAC_Init)
    ETH_ReadPHYRegister                      0x080009f9   Thumb Code    24  lwip_eth.o(i.ETH_ReadPHYRegister)
    ETH_ReleaseRxDesc                        0x08000a15   Thumb Code    14  lwip_eth.o(i.ETH_ReleaseRxDesc)
    ETH_SoftwareReset                        0x08000a25   Thumb Code    12  lwip_eth.o(i.ETH_SoftwareReset)
    ETH_WritePHYRegister                     0x08000a35   Thumb Code    22  lwip_eth.o(i.ETH_WritePHYRegister)
    FLASH_SetLatency                         0x08000a51   Thumb Code     6  stm32f4xx_flash.o(i.FLASH_SetLatency)
    GPIO_Init                                0x08000a5d   Thumb Code   124  stm32f4xx_gpio.o(i.GPIO_Init)
    GPIO_PinAFConfig                         0x08000ad9   Thumb Code    32  stm32f4xx_gpio.o(i.GPIO_PinAFConfig)
    GPIO_ReadOutputDataBit                   0x08000af9   Thumb Code    14  stm32f4xx_gpio.o(i.GPIO_ReadOutputDataBit)
    GPIO_ResetBits                           0x08000b07   Thumb Code     4  stm32f4xx_gpio.o(i.GPIO_ResetBits)
    GPIO_SetBits                             0x08000b0b   Thumb Code     4  stm32f4xx_gpio.o(i.GPIO_SetBits)
    HardFault_Handler                        0x08000b0f   Thumb Code     2  stm32f4xx_it.o(i.HardFault_Handler)
    MemManage_Handler                        0x08000b11   Thumb Code     2  stm32f4xx_it.o(i.MemManage_Handler)
    NMI_Handler                              0x08000b13   Thumb Code     2  stm32f4xx_it.o(i.NMI_Handler)
    NVIC_Init                                0x08000b15   Thumb Code    98  misc.o(i.NVIC_Init)
    PendSV_Handler                           0x08000b7d   Thumb Code     2  stm32f4xx_it.o(i.PendSV_Handler)
    RCC_AHB1PeriphClockCmd                   0x08000b81   Thumb Code    22  stm32f4xx_rcc.o(i.RCC_AHB1PeriphClockCmd)
    RCC_APB2PeriphClockCmd                   0x08000b9d   Thumb Code    22  stm32f4xx_rcc.o(i.RCC_APB2PeriphClockCmd)
    RCC_DeInit                               0x08000bb9   Thumb Code    68  stm32f4xx_rcc.o(i.RCC_DeInit)
    RCC_GetClocksFreq                        0x08000c0d   Thumb Code   148  stm32f4xx_rcc.o(i.RCC_GetClocksFreq)
    RCC_GetFlagStatus                        0x08000cb1   Thumb Code    50  stm32f4xx_rcc.o(i.RCC_GetFlagStatus)
    RCC_GetSYSCLKSource                      0x08000ce9   Thumb Code    10  stm32f4xx_rcc.o(i.RCC_GetSYSCLKSource)
    RCC_HCLKConfig                           0x08000cf9   Thumb Code    14  stm32f4xx_rcc.o(i.RCC_HCLKConfig)
    RCC_HSEConfig                            0x08000d0d   Thumb Code    10  stm32f4xx_rcc.o(i.RCC_HSEConfig)
    RCC_PCLK1Config                          0x08000d1d   Thumb Code    14  stm32f4xx_rcc.o(i.RCC_PCLK1Config)
    RCC_PCLK2Config                          0x08000d31   Thumb Code    16  stm32f4xx_rcc.o(i.RCC_PCLK2Config)
    RCC_PLLCmd                               0x08000d45   Thumb Code     6  stm32f4xx_rcc.o(i.RCC_PLLCmd)
    RCC_PLLConfig                            0x08000d51   Thumb Code    32  stm32f4xx_rcc.o(i.RCC_PLLConfig)
    RCC_SYSCLKConfig                         0x08000d75   Thumb Code    14  stm32f4xx_rcc.o(i.RCC_SYSCLKConfig)
    SVC_Handler                              0x08000d89   Thumb Code     2  stm32f4xx_it.o(i.SVC_Handler)
    SysTick_Handler                          0x08000e45   Thumb Code    10  main.o(i.SysTick_Handler)
    SystemInit                               0x08000e55   Thumb Code    74  system_stm32f4xx.o(i.SystemInit)
    USART1_IRQHandler                        0x08000eb1   Thumb Code     4  stm32f4xx_it.o(i.USART1_IRQHandler)
    USART_Cmd                                0x08000eb5   Thumb Code    24  stm32f4xx_usart.o(i.USART_Cmd)
    USART_GetFlagStatus                      0x08000ecd   Thumb Code    14  stm32f4xx_usart.o(i.USART_GetFlagStatus)
    USART_GetITStatus                        0x08000edb   Thumb Code    64  stm32f4xx_usart.o(i.USART_GetITStatus)
    USART_ITConfig                           0x08000f1b   Thumb Code    54  stm32f4xx_usart.o(i.USART_ITConfig)
    USART_Init                               0x08000f51   Thumb Code   180  stm32f4xx_usart.o(i.USART_Init)
    USART_ReceiveData                        0x0800100d   Thumb Code     8  stm32f4xx_usart.o(i.USART_ReceiveData)
    USART_SendData                           0x08001015   Thumb Code     8  stm32f4xx_usart.o(i.USART_SendData)
    USART_StructInit                         0x0800101d   Thumb Code    22  stm32f4xx_usart.o(i.USART_StructInit)
    UsageFault_Handler                       0x08001033   Thumb Code     2  stm32f4xx_it.o(i.UsageFault_Handler)
    __0vsnprintf                             0x08001035   Thumb Code    46  printfa.o(i.__0vsnprintf)
    __1vsnprintf                             0x08001035   Thumb Code     0  printfa.o(i.__0vsnprintf)
    __2vsnprintf                             0x08001035   Thumb Code     0  printfa.o(i.__0vsnprintf)
    __c89vsnprintf                           0x08001035   Thumb Code     0  printfa.o(i.__0vsnprintf)
    vsnprintf                                0x08001035   Thumb Code     0  printfa.o(i.__0vsnprintf)
    __scatterload_copy                       0x08001069   Thumb Code    14  handlers.o(i.__scatterload_copy)
    __scatterload_null                       0x08001077   Thumb Code     2  handlers.o(i.__scatterload_null)
    __scatterload_zeroinit                   0x08001079   Thumb Code    14  handlers.o(i.__scatterload_zeroinit)
    bm1366_crc16                             0x080019a7   Thumb Code    60  bm1366.o(i.bm1366_crc16)
    bm1366_crc5                              0x080019e5   Thumb Code    28  bm1366.o(i.bm1366_crc5)
    bm1366_frequency_transition              0x08001a05   Thumb Code    12  bm1366.o(i.bm1366_frequency_transition)
    bm1366_get_address_interval              0x08001a11   Thumb Code     6  bm1366.o(i.bm1366_get_address_interval)
    bm1366_get_chip_count                    0x08001a1d   Thumb Code     6  bm1366.o(i.bm1366_get_chip_count)
    bm1366_pll_calc                          0x08001a29   Thumb Code   142  bm1366.o(i.bm1366_pll_calc)
    bm1366_read_result                       0x08001abd   Thumb Code   158  bm1366.o(i.bm1366_read_result)
    bm1366_send_job                          0x08001b61   Thumb Code    12  bm1366.o(i.bm1366_send_job)
    bm1366_set_frequency                     0x08001b6d   Thumb Code    12  bm1366.o(i.bm1366_set_frequency)
    bm1366_uart_init                         0x08001b79   Thumb Code   218  bm1366.o(i.bm1366_uart_init)
    bm1366_uart_isr_handler                  0x08001c61   Thumb Code    36  bm1366.o(i.bm1366_uart_isr_handler)
    bm1366_uart_send                         0x08001c89   Thumb Code    58  bm1366.o(i.bm1366_uart_send)
    eth_connect                              0x08001e0d   Thumb Code   184  eth_drv.o(i.eth_connect)
    eth_gpio_init                            0x08001ed5   Thumb Code     4  eth_drv.o(i.eth_gpio_init)
    eth_init                                 0x08001ed9   Thumb Code   310  eth_drv.o(i.eth_init)
    eth_is_disconnected                      0x08002025   Thumb Code    22  eth_drv.o(i.eth_is_disconnected)
    eth_poll                                 0x080020a1   Thumb Code    14  eth_drv.o(i.eth_poll)
    eth_recv                                 0x080020b1   Thumb Code    66  eth_drv.o(i.eth_recv)
    eth_reset                                0x08002155   Thumb Code     2  eth_drv.o(i.eth_reset)
    eth_send                                 0x08002159   Thumb Code    58  eth_drv.o(i.eth_send)
    etharp_input                             0x080022b5   Thumb Code   166  etharp.o(i.etharp_input)
    etharp_output                            0x0800235d   Thumb Code   240  etharp.o(i.etharp_output)
    etharp_query                             0x080024c5   Thumb Code   346  etharp.o(i.etharp_query)
    etharp_request                           0x080026b5   Thumb Code     6  etharp.o(i.etharp_request)
    etharp_tmr                               0x080026e1   Thumb Code    90  etharp.o(i.etharp_tmr)
    ethernet_input                           0x080027e1   Thumb Code   164  ethernet.o(i.ethernet_input)
    ethernet_output                          0x08002889   Thumb Code    76  ethernet.o(i.ethernet_output)
    inet_chksum                              0x080029f5   Thumb Code    12  inet_chksum.o(i.inet_chksum)
    inet_chksum_pseudo                       0x08002a01   Thumb Code    40  inet_chksum.o(i.inet_chksum_pseudo)
    ip4_addr_isbroadcast_u32                 0x08002a95   Thumb Code    64  ip4_addr.o(i.ip4_addr_isbroadcast_u32)
    ip4_input                                0x08002ad5   Thumb Code   354  ip4.o(i.ip4_input)
    ip4_output_if                            0x08002c6d   Thumb Code    34  ip4.o(i.ip4_output_if)
    ip4_output_if_src                        0x08002c91   Thumb Code   208  ip4.o(i.ip4_output_if_src)
    ip4_route                                0x08002d69   Thumb Code    88  ip4.o(i.ip4_route)
    ip_chksum_pseudo                         0x08002dc9   Thumb Code    12  inet_chksum.o(i.ip_chksum_pseudo)
    lwip_htonl                               0x08002ead   Thumb Code    24  def.o(i.lwip_htonl)
    lwip_htons                               0x08002ec5   Thumb Code    10  def.o(i.lwip_htons)
    lwip_init                                0x08002ecf   Thumb Code    26  init.o(i.lwip_init)
    lwip_standard_chksum                     0x08002ee9   Thumb Code    86  inet_chksum.o(i.lwip_standard_chksum)
    main                                     0x08002f41   Thumb Code   362  main.o(i.main)
    mem_free                                 0x080032b5   Thumb Code   114  mem.o(i.mem_free)
    mem_init                                 0x0800332d   Thumb Code    46  mem.o(i.mem_init)
    mem_malloc                               0x080033b5   Thumb Code   196  mem.o(i.mem_malloc)
    mem_trim                                 0x0800348d   Thumb Code   240  mem.o(i.mem_trim)
    memp_free                                0x08003581   Thumb Code    20  memp.o(i.memp_free)
    memp_init                                0x08003599   Thumb Code    24  memp.o(i.memp_init)
    memp_init_pool                           0x080035b5   Thumb Code    42  memp.o(i.memp_init_pool)
    memp_malloc                              0x080035e1   Thumb Code    18  memp.o(i.memp_malloc)
    netif_add                                0x080035f9   Thumb Code   166  netif.o(i.netif_add)
    netif_get_by_index                       0x0800372d   Thumb Code    34  netif.o(i.netif_get_by_index)
    netif_init                               0x08003755   Thumb Code     2  netif.o(i.netif_init)
    netif_set_addr                           0x080037bd   Thumb Code    94  netif.o(i.netif_set_addr)
    netif_set_default                        0x08003821   Thumb Code     6  netif.o(i.netif_set_default)
    netif_set_up                             0x0800382d   Thumb Code    28  netif.o(i.netif_set_up)
    pbuf_add_header                          0x08003849   Thumb Code     6  pbuf.o(i.pbuf_add_header)
    pbuf_alloc                               0x080038a3   Thumb Code   234  pbuf.o(i.pbuf_alloc)
    pbuf_alloc_reference                     0x0800398d   Thumb Code    48  pbuf.o(i.pbuf_alloc_reference)
    pbuf_cat                                 0x080039bd   Thumb Code    40  pbuf.o(i.pbuf_cat)
    pbuf_clen                                0x080039e5   Thumb Code    18  pbuf.o(i.pbuf_clen)
    pbuf_clone                               0x080039f7   Thumb Code    34  pbuf.o(i.pbuf_clone)
    pbuf_copy                                0x08003a19   Thumb Code    18  pbuf.o(i.pbuf_copy)
    pbuf_copy_partial                        0x08003a2b   Thumb Code   106  pbuf.o(i.pbuf_copy_partial)
    pbuf_copy_partial_pbuf                   0x08003a95   Thumb Code   184  pbuf.o(i.pbuf_copy_partial_pbuf)
    pbuf_free                                0x08003b4d   Thumb Code    98  pbuf.o(i.pbuf_free)
    pbuf_free_ooseq                          0x08003bb1   Thumb Code    42  pbuf.o(i.pbuf_free_ooseq)
    pbuf_realloc                             0x08003c19   Thumb Code    80  pbuf.o(i.pbuf_realloc)
    pbuf_ref                                 0x08003c69   Thumb Code    28  pbuf.o(i.pbuf_ref)
    pbuf_remove_header                       0x08003c85   Thumb Code    54  pbuf.o(i.pbuf_remove_header)
    pbuf_take                                0x08003cbb   Thumb Code    84  pbuf.o(i.pbuf_take)
    protocol_decode_job                      0x08003ee1   Thumb Code   160  protocol.o(i.protocol_decode_job)
    protocol_decode_setparams                0x08003f81   Thumb Code    32  protocol.o(i.protocol_decode_setparams)
    protocol_encode_hello                    0x08003fa1   Thumb Code    52  protocol.o(i.protocol_encode_hello)
    protocol_encode_nonce                    0x08003fd5   Thumb Code    74  protocol.o(i.protocol_encode_nonce)
    protocol_peek_frame                      0x08004025   Thumb Code    60  protocol.o(i.protocol_peek_frame)
    raw_input                                0x0800406d   Thumb Code   136  raw.o(i.raw_input)
    raw_netif_ip_addr_changed                0x0800413d   Thumb Code    48  raw.o(i.raw_netif_ip_addr_changed)
    sys_arch_protect                         0x08004465   Thumb Code     6  eth_drv.o(i.sys_arch_protect)
    sys_arch_unprotect                       0x0800446b   Thumb Code     4  eth_drv.o(i.sys_arch_unprotect)
    sys_check_timeouts                       0x08004471   Thumb Code    70  timeouts.o(i.sys_check_timeouts)
    sys_now                                  0x080044c1   Thumb Code     6  eth_drv.o(i.sys_now)
    sys_timeout                              0x080044cd   Thumb Code    26  timeouts.o(i.sys_timeout)
    sys_timeouts_init                        0x08004541   Thumb Code    28  timeouts.o(i.sys_timeouts_init)
    tcp_abandon                              0x080045e5   Thumb Code   214  tcp.o(i.tcp_abandon)
    tcp_abort                                0x080046c1   Thumb Code     6  tcp.o(i.tcp_abort)
    tcp_alloc                                0x080046c9   Thumb Code   158  tcp.o(i.tcp_alloc)
    tcp_backlog_accepted                     0x08004775   Thumb Code    28  tcp.o(i.tcp_backlog_accepted)
    tcp_bind                                 0x08004791   Thumb Code   134  tcp.o(i.tcp_bind)
    tcp_close                                0x08004825   Thumb Code    30  tcp.o(i.tcp_close)
    tcp_connect                              0x080049a1   Thumb Code   258  tcp.o(i.tcp_connect)
    tcp_eff_send_mss_netif                   0x08004b87   Thumb Code    30  tcp.o(i.tcp_eff_send_mss_netif)
    tcp_enqueue_flags                        0x08004ba5   Thumb Code   156  tcp_out.o(i.tcp_enqueue_flags)
    tcp_err                                  0x08004c41   Thumb Code    10  tcp.o(i.tcp_err)
    tcp_fasttmr                              0x08004c5d   Thumb Code   102  tcp.o(i.tcp_fasttmr)
    tcp_free                                 0x08004cc9   Thumb Code     8  tcp.o(i.tcp_free)
    tcp_free_ooseq                           0x08004d3d   Thumb Code    20  tcp.o(i.tcp_free_ooseq)
    tcp_init                                 0x08004da1   Thumb Code     2  tcp.o(i.tcp_init)
    tcp_input                                0x08004da5   Thumb Code   960  tcp_in.o(i.tcp_input)
    tcp_keepalive                            0x080051bd   Thumb Code    64  tcp_out.o(i.tcp_keepalive)
    tcp_netif_ip_addr_changed                0x080053fd   Thumb Code    72  tcp.o(i.tcp_netif_ip_addr_changed)
    tcp_new                                  0x0800546b   Thumb Code     6  tcp.o(i.tcp_new)
    tcp_next_iss                             0x080054c9   Thumb Code    12  tcp.o(i.tcp_next_iss)
    tcp_output                               0x08005555   Thumb Code   522  tcp_out.o(i.tcp_output)
    tcp_pcb_purge                            0x08005a1d   Thumb Code    78  tcp.o(i.tcp_pcb_purge)
    tcp_pcb_remove                           0x08005a6b   Thumb Code    80  tcp.o(i.tcp_pcb_remove)
    tcp_process_refused_data                 0x08005f1d   Thumb Code   124  tcp.o(i.tcp_process_refused_data)
    tcp_recv                                 0x08006665   Thumb Code    10  tcp.o(i.tcp_recv)
    tcp_recv_null                            0x080066d9   Thumb Code    46  tcp.o(i.tcp_recv_null)
    tcp_recved                               0x08006707   Thumb Code    66  tcp.o(i.tcp_recved)
    tcp_rexmit                               0x0800675d   Thumb Code   108  tcp_out.o(i.tcp_rexmit)
    tcp_rexmit_fast                          0x080067c9   Thumb Code    92  tcp_out.o(i.tcp_rexmit_fast)
    tcp_rexmit_rto                           0x08006825   Thumb Code    26  tcp_out.o(i.tcp_rexmit_rto)
    tcp_rexmit_rto_commit                    0x0800683f   Thumb Code    18  tcp_out.o(i.tcp_rexmit_rto_commit)
    tcp_rexmit_rto_prepare                   0x08006851   Thumb Code   116  tcp_out.o(i.tcp_rexmit_rto_prepare)
    tcp_rst                                  0x080068d7   Thumb Code    50  tcp_out.o(i.tcp_rst)
    tcp_rst_netif                            0x08006953   Thumb Code    50  tcp_out.o(i.tcp_rst_netif)
    tcp_seg_copy                             0x08006985   Thumb Code    38  tcp.o(i.tcp_seg_copy)
    tcp_seg_free                             0x080069ab   Thumb Code    30  tcp.o(i.tcp_seg_free)
    tcp_segs_free                            0x080069c9   Thumb Code    18  tcp.o(i.tcp_segs_free)
    tcp_send_empty_ack                       0x080069db   Thumb Code    96  tcp_out.o(i.tcp_send_empty_ack)
    tcp_send_fin                             0x08006a3b   Thumb Code    72  tcp_out.o(i.tcp_send_fin)
    tcp_slowtmr                              0x08006a85   Thumb Code   744  tcp.o(i.tcp_slowtmr)
    tcp_split_unsent_seg                     0x08006d7d   Thumb Code   304  tcp_out.o(i.tcp_split_unsent_seg)
    tcp_timer_needed                         0x08006ead   Thumb Code    36  timeouts.o(i.tcp_timer_needed)
    tcp_tmr                                  0x08006f49   Thumb Code    28  tcp.o(i.tcp_tmr)
    tcp_trigger_input_pcb_close              0x08006f69   Thumb Code    12  tcp_in.o(i.tcp_trigger_input_pcb_close)
    tcp_update_rcv_ann_wnd                   0x08006f79   Thumb Code    50  tcp.o(i.tcp_update_rcv_ann_wnd)
    tcp_write                                0x08006fab   Thumb Code   820  tcp_out.o(i.tcp_write)
    tcp_zero_window_probe                    0x0800732d   Thumb Code   188  tcp_out.o(i.tcp_zero_window_probe)
    memp_RAW_PCB                             0x080075c8   Data          12  memp.o(.constdata)
    memp_TCP_PCB                             0x080075d4   Data          12  memp.o(.constdata)
    memp_TCP_PCB_LISTEN                      0x080075e0   Data          12  memp.o(.constdata)
    memp_TCP_SEG                             0x080075ec   Data          12  memp.o(.constdata)
    memp_ARP_QUEUE                           0x080075f8   Data          12  memp.o(.constdata)
    memp_SYS_TIMEOUT                         0x08007604   Data          12  memp.o(.constdata)
    memp_PBUF                                0x08007610   Data          12  memp.o(.constdata)
    memp_PBUF_POOL                           0x0800761c   Data          12  memp.o(.constdata)
    memp_pools                               0x08007628   Data          32  memp.o(.constdata)
    tcp_pcb_lists                            0x0800768c   Data          16  tcp.o(.constdata)
    lwip_cyclic_timers                       0x0800769c   Data          16  timeouts.o(.constdata)
    ip_addr_any                              0x080076ac   Data           4  ip4_addr.o(.constdata)
    ethbroadcast                             0x080076b0   Data           6  ethernet.o(.constdata)
    ethzero                                  0x080076b6   Data           6  ethernet.o(.constdata)
    Region$$Table$$Base                      0x08007734   Number         0  anon$$obj.o(Region$$Table)
    Region$$Table$$Limit                     0x08007754   Number         0  anon$$obj.o(Region$$Table)
    g_ms                                     0x20000014   Data           4  main.o(.data)
    netif_list                               0x20000084   Data           4  netif.o(.data)
    netif_default                            0x20000088   Data           4  netif.o(.data)
    pbuf_free_ooseq_pending                  0x2000008c   Data           1  pbuf.o(.data)
    tcp_active_pcbs_changed                  0x20000094   Data           1  tcp.o(.data)
    tcp_ticks                                0x200000a0   Data           4  tcp.o(.data)
    tcp_bound_pcbs                           0x200000a4   Data           4  tcp.o(.data)
    tcp_listen_pcbs                          0x200000a8   Data           4  tcp.o(.data)
    tcp_active_pcbs                          0x200000ac   Data           4  tcp.o(.data)
    tcp_tw_pcbs                              0x200000b0   Data           4  tcp.o(.data)
    tcp_input_pcb                            0x200000d4   Data           4  tcp_in.o(.data)
    ETH_Rx_Desc                              0x20000ae8   Data         128  eth_drv.o(.bss)
    ETH_Tx_Desc                              0x20000b68   Data          64  eth_drv.o(.bss)
    ETH_Rx_Buff                              0x20000ba8   Data        6080  eth_drv.o(.bss)
    ETH_Tx_Buff                              0x20002368   Data        3040  eth_drv.o(.bss)
    ip_data                                  0x20003f78   Data          24  ip.o(.bss)
    ram_heap                                 0x20003f90   Data       30739  mem.o(.bss)
    memp_memory_RAW_PCB_base                 0x2000b7a3   Data         115  memp.o(.bss)
    memp_memory_TCP_PCB_base                 0x2000b816   Data        1251  memp.o(.bss)
    memp_memory_TCP_PCB_LISTEN_base          0x2000bcf9   Data         259  memp.o(.bss)
    memp_memory_TCP_SEG_base                 0x2000bdfc   Data        1027  memp.o(.bss)
    memp_memory_ARP_QUEUE_base               0x2000c1ff   Data         243  memp.o(.bss)
    memp_memory_SYS_TIMEOUT_base             0x2000c2f2   Data         131  memp.o(.bss)
    memp_memory_PBUF_base                    0x2000c375   Data         323  memp.o(.bss)
    memp_memory_PBUF_POOL_base               0x2000c4b8   Data       30723  memp.o(.bss)
    __initial_sp                             0x20014190   Data           0  startup_stm32f40xx.o(STACK)



==============================================================================

Memory Map of the image

  Image Entry point : 0x08000189

  Load Region LR_IROM1 (Base: 0x08000000, Size: 0x0000783c, Max: 0x00100000, ABSOLUTE)

    Execution Region ER_IROM1 (Exec base: 0x08000000, Load base: 0x08000000, Size: 0x00007754, Max: 0x00100000, ABSOLUTE)

    Exec Addr    Load Addr    Size         Type   Attr      Idx    E Section Name        Object

    0x08000000   0x08000000   0x00000188   Data   RO            3    RESET               startup_stm32f40xx.o
    0x08000188   0x08000188   0x00000000   Code   RO         4879  * .ARM.Collect$$$$00000000  mc_w.l(entry.o)
    0x08000188   0x08000188   0x00000004   Code   RO         4966    .ARM.Collect$$$$00000001  mc_w.l(entry2.o)
    0x0800018c   0x0800018c   0x00000004   Code   RO         4969    .ARM.Collect$$$$00000004  mc_w.l(entry5.o)
    0x08000190   0x08000190   0x00000000   Code   RO         4971    .ARM.Collect$$$$00000008  mc_w.l(entry7b.o)
    0x08000190   0x08000190   0x00000000   Code   RO         4973    .ARM.Collect$$$$0000000A  mc_w.l(entry8b.o)
    0x08000190   0x08000190   0x00000008   Code   RO         4974    .ARM.Collect$$$$0000000B  mc_w.l(entry9a.o)
    0x08000198   0x08000198   0x00000004   Code   RO         4981    .ARM.Collect$$$$0000000E  mc_w.l(entry12b.o)
    0x0800019c   0x0800019c   0x00000000   Code   RO         4976    .ARM.Collect$$$$0000000F  mc_w.l(entry10a.o)
    0x0800019c   0x0800019c   0x00000000   Code   RO         4978    .ARM.Collect$$$$00000011  mc_w.l(entry11a.o)
    0x0800019c   0x0800019c   0x00000004   Code   RO         4967    .ARM.Collect$$$$00002712  mc_w.l(entry2.o)
    0x080001a0   0x080001a0   0x00000024   Code   RO            4    .text               startup_stm32f40xx.o
    0x080001c4   0x080001c4   0x00000020   Code   RO         4882    .text               mc_w.l(llushr.o)
    0x080001e4   0x080001e4   0x00000040   Code   RO         4914    .text               mc_w.l(memmovea.o)
    0x08000224   0x08000224   0x00000024   Code   RO         4916    .text               mc_w.l(memseta.o)
    0x08000248   0x08000248   0x0000001a   Code   RO         4920    .text               mc_w.l(memcmp.o)
    0x08000262   0x08000262   0x000000e4   Code   RO         4958    .text               mf_w.l(dmul.o)
    0x08000346   0x08000346   0x000000de   Code   RO         4960    .text               mf_w.l(ddiv.o)
    0x08000424   0x08000424   0x0000002c   Code   RO         4985    .text               mc_w.l(uidiv.o)
    0x08000450   0x08000450   0x00000062   Code   RO         4987    .text               mc_w.l(uldiv.o)
    0x080004b2   0x080004b2   0x00000000   Code   RO         4998    .text               mc_w.l(iusefp.o)
    0x080004b2   0x080004b2   0x000000ba   Code   RO         4999    .text               mf_w.l(depilogue.o)
    0x0800056c   0x0800056c   0x0000014e   Code   RO         5001    .text               mf_w.l(dadd.o)
    0x080006ba   0x080006ba   0x00000030   Code   RO         5003    .text               mf_w.l(dfixul.o)
    0x080006ea   0x080006ea   0x00000002   PAD
    0x080006ec   0x080006ec   0x00000030   Code   RO         5005    .text               mf_w.l(cdrcmple.o)
    0x0800071c   0x0800071c   0x00000024   Code   RO         5007    .text               mc_w.l(init.o)
    0x08000740   0x08000740   0x0000001e   Code   RO         5010    .text               mc_w.l(llshl.o)
    0x0800075e   0x0800075e   0x00000024   Code   RO         5012    .text               mc_w.l(llsshr.o)
    0x08000782   0x08000782   0x00000002   Code   RO         2255    i.BusFault_Handler  stm32f4xx_it.o
    0x08000784   0x08000784   0x00000002   Code   RO         2256    i.DebugMon_Handler  stm32f4xx_it.o
    0x08000786   0x08000786   0x00000002   PAD
    0x08000788   0x08000788   0x000000a4   Code   RO         2957    i.DebugSerial_Init  debug_serial.o
    0x0800082c   0x0800082c   0x00000020   Code   RO         2958    i.DebugSerial_Printf  debug_serial.o
    0x0800084c   0x0800084c   0x00000024   Code   RO         2959    i.DebugSerial_PutChar  debug_serial.o
    0x08000870   0x08000870   0x00000020   Code   RO         2960    i.DebugSerial_Puts  debug_serial.o
    0x08000890   0x08000890   0x00000018   Code   RO         2921    i.Delay_ms          delay.o
    0x080008a8   0x080008a8   0x0000001e   Code   RO         2923    i.Delay_us          delay.o
    0x080008c6   0x080008c6   0x00000002   PAD
    0x080008c8   0x080008c8   0x00000014   Code   RO         3007    i.ETH_DMATransmissionRequest  lwip_eth.o
    0x080008dc   0x080008dc   0x000000a0   Code   RO         3008    i.ETH_DMA_Init      lwip_eth.o
    0x0800097c   0x0800097c   0x00000026   Code   RO         3009    i.ETH_GetRxPktSize  lwip_eth.o
    0x080009a2   0x080009a2   0x00000002   PAD
    0x080009a4   0x080009a4   0x00000010   Code   RO         3010    i.ETH_GetSoftwareResetStatus  lwip_eth.o
    0x080009b4   0x080009b4   0x00000044   Code   RO         3011    i.ETH_MAC_Init      lwip_eth.o
    0x080009f8   0x080009f8   0x0000001c   Code   RO         3012    i.ETH_ReadPHYRegister  lwip_eth.o
    0x08000a14   0x08000a14   0x0000000e   Code   RO         3013    i.ETH_ReleaseRxDesc  lwip_eth.o
    0x08000a22   0x08000a22   0x00000002   PAD
    0x08000a24   0x08000a24   0x00000010   Code   RO         3014    i.ETH_SoftwareReset  lwip_eth.o
    0x08000a34   0x08000a34   0x0000001c   Code   RO         3015    i.ETH_WritePHYRegister  lwip_eth.o
    0x08000a50   0x08000a50   0x0000000c   Code   RO          876    i.FLASH_SetLatency  stm32f4xx_flash.o
    0x08000a5c   0x08000a5c   0x0000007c   Code   RO          208    i.GPIO_Init         stm32f4xx_gpio.o
    0x08000ad8   0x08000ad8   0x00000020   Code   RO          209    i.GPIO_PinAFConfig  stm32f4xx_gpio.o
    0x08000af8   0x08000af8   0x0000000e   Code   RO          214    i.GPIO_ReadOutputDataBit  stm32f4xx_gpio.o
    0x08000b06   0x08000b06   0x00000004   Code   RO          215    i.GPIO_ResetBits    stm32f4xx_gpio.o
    0x08000b0a   0x08000b0a   0x00000004   Code   RO          216    i.GPIO_SetBits      stm32f4xx_gpio.o
    0x08000b0e   0x08000b0e   0x00000002   Code   RO         2257    i.HardFault_Handler  stm32f4xx_it.o
    0x08000b10   0x08000b10   0x00000002   Code   RO         2258    i.MemManage_Handler  stm32f4xx_it.o
    0x08000b12   0x08000b12   0x00000002   Code   RO         2259    i.NMI_Handler       stm32f4xx_it.o
    0x08000b14   0x08000b14   0x00000068   Code   RO          155    i.NVIC_Init         misc.o
    0x08000b7c   0x08000b7c   0x00000002   Code   RO         2260    i.PendSV_Handler    stm32f4xx_it.o
    0x08000b7e   0x08000b7e   0x00000002   PAD
    0x08000b80   0x08000b80   0x0000001c   Code   RO          309    i.RCC_AHB1PeriphClockCmd  stm32f4xx_rcc.o
    0x08000b9c   0x08000b9c   0x0000001c   Code   RO          321    i.RCC_APB2PeriphClockCmd  stm32f4xx_rcc.o
    0x08000bb8   0x08000bb8   0x00000054   Code   RO          329    i.RCC_DeInit        stm32f4xx_rcc.o
    0x08000c0c   0x08000c0c   0x000000a4   Code   RO          330    i.RCC_GetClocksFreq  stm32f4xx_rcc.o
    0x08000cb0   0x08000cb0   0x00000038   Code   RO          331    i.RCC_GetFlagStatus  stm32f4xx_rcc.o
    0x08000ce8   0x08000ce8   0x00000010   Code   RO          333    i.RCC_GetSYSCLKSource  stm32f4xx_rcc.o
    0x08000cf8   0x08000cf8   0x00000014   Code   RO          334    i.RCC_HCLKConfig    stm32f4xx_rcc.o
    0x08000d0c   0x08000d0c   0x00000010   Code   RO          335    i.RCC_HSEConfig     stm32f4xx_rcc.o
    0x08000d1c   0x08000d1c   0x00000014   Code   RO          345    i.RCC_PCLK1Config   stm32f4xx_rcc.o
    0x08000d30   0x08000d30   0x00000014   Code   RO          346    i.RCC_PCLK2Config   stm32f4xx_rcc.o
    0x08000d44   0x08000d44   0x0000000c   Code   RO          347    i.RCC_PLLCmd        stm32f4xx_rcc.o
    0x08000d50   0x08000d50   0x00000024   Code   RO          348    i.RCC_PLLConfig     stm32f4xx_rcc.o
    0x08000d74   0x08000d74   0x00000014   Code   RO          359    i.RCC_SYSCLKConfig  stm32f4xx_rcc.o
    0x08000d88   0x08000d88   0x00000002   Code   RO         2261    i.SVC_Handler       stm32f4xx_it.o
    0x08000d8a   0x08000d8a   0x00000002   PAD
    0x08000d8c   0x08000d8c   0x000000b8   Code   RO           13    i.SetSysClock       system_stm32f4xx.o
    0x08000e44   0x08000e44   0x00000010   Code   RO         2143    i.SysTick_Handler   main.o
    0x08000e54   0x08000e54   0x0000005c   Code   RO           15    i.SystemInit        system_stm32f4xx.o
    0x08000eb0   0x08000eb0   0x00000004   Code   RO         2262    i.USART1_IRQHandler  stm32f4xx_it.o
    0x08000eb4   0x08000eb4   0x00000018   Code   RO          651    i.USART_Cmd         stm32f4xx_usart.o
    0x08000ecc   0x08000ecc   0x0000000e   Code   RO          654    i.USART_GetFlagStatus  stm32f4xx_usart.o
    0x08000eda   0x08000eda   0x00000040   Code   RO          655    i.USART_GetITStatus  stm32f4xx_usart.o
    0x08000f1a   0x08000f1a   0x00000036   Code   RO          657    i.USART_ITConfig    stm32f4xx_usart.o
    0x08000f50   0x08000f50   0x000000bc   Code   RO          658    i.USART_Init        stm32f4xx_usart.o
    0x0800100c   0x0800100c   0x00000008   Code   RO          665    i.USART_ReceiveData  stm32f4xx_usart.o
    0x08001014   0x08001014   0x00000008   Code   RO          668    i.USART_SendData    stm32f4xx_usart.o
    0x0800101c   0x0800101c   0x00000016   Code   RO          674    i.USART_StructInit  stm32f4xx_usart.o
    0x08001032   0x08001032   0x00000002   Code   RO         2263    i.UsageFault_Handler  stm32f4xx_it.o
    0x08001034   0x08001034   0x00000034   Code   RO         4934    i.__0vsnprintf      mc_w.l(printfa.o)
    0x08001068   0x08001068   0x0000000e   Code   RO         5021    i.__scatterload_copy  mc_w.l(handlers.o)
    0x08001076   0x08001076   0x00000002   Code   RO         5022    i.__scatterload_null  mc_w.l(handlers.o)
    0x08001078   0x08001078   0x0000000e   Code   RO         5023    i.__scatterload_zeroinit  mc_w.l(handlers.o)
    0x08001086   0x08001086   0x00000002   PAD
    0x08001088   0x08001088   0x00000184   Code   RO         4936    i._fp_digits        mc_w.l(printfa.o)
    0x0800120c   0x0800120c   0x000006b4   Code   RO         4937    i._printf_core      mc_w.l(printfa.o)
    0x080018c0   0x080018c0   0x00000024   Code   RO         4938    i._printf_post_padding  mc_w.l(printfa.o)
    0x080018e4   0x080018e4   0x0000002e   Code   RO         4939    i._printf_pre_padding  mc_w.l(printfa.o)
    0x08001912   0x08001912   0x0000007e   Code   RO         2331    i._send_packet      bm1366.o
    0x08001990   0x08001990   0x00000016   Code   RO         4940    i._snputc           mc_w.l(printfa.o)
    0x080019a6   0x080019a6   0x0000003c   Code   RO         2333    i.bm1366_crc16      bm1366.o
    0x080019e2   0x080019e2   0x00000002   PAD
    0x080019e4   0x080019e4   0x00000020   Code   RO         2334    i.bm1366_crc5       bm1366.o
    0x08001a04   0x08001a04   0x0000000c   Code   RO         2335    i.bm1366_frequency_transition  bm1366.o
    0x08001a10   0x08001a10   0x0000000c   Code   RO         2336    i.bm1366_get_address_interval  bm1366.o
    0x08001a1c   0x08001a1c   0x0000000c   Code   RO         2337    i.bm1366_get_chip_count  bm1366.o
    0x08001a28   0x08001a28   0x00000094   Code   RO         2340    i.bm1366_pll_calc   bm1366.o
    0x08001abc   0x08001abc   0x000000a4   Code   RO         2342    i.bm1366_read_result  bm1366.o
    0x08001b60   0x08001b60   0x0000000c   Code   RO         2345    i.bm1366_send_job   bm1366.o
    0x08001b6c   0x08001b6c   0x0000000c   Code   RO         2349    i.bm1366_set_frequency  bm1366.o
    0x08001b78   0x08001b78   0x000000e8   Code   RO         2356    i.bm1366_uart_init  bm1366.o
    0x08001c60   0x08001c60   0x00000028   Code   RO         2357    i.bm1366_uart_isr_handler  bm1366.o
    0x08001c88   0x08001c88   0x00000040   Code   RO         2359    i.bm1366_uart_send  bm1366.o
    0x08001cc8   0x08001cc8   0x0000002a   Code   RO         2551    i.build_frame       protocol.o
    0x08001cf2   0x08001cf2   0x00000002   PAD
    0x08001cf4   0x08001cf4   0x000000d8   Code   RO         2144    i.check_bm1366_results  main.o
    0x08001dcc   0x08001dcc   0x0000001c   Code   RO         3370    i.do_memp_free_pool  memp.o
    0x08001de8   0x08001de8   0x00000022   Code   RO         3371    i.do_memp_malloc_pool  memp.o
    0x08001e0a   0x08001e0a   0x00000002   PAD
    0x08001e0c   0x08001e0c   0x000000c8   Code   RO         2648    i.eth_connect       eth_drv.o
    0x08001ed4   0x08001ed4   0x00000004   Code   RO         2649    i.eth_gpio_init     eth_drv.o
    0x08001ed8   0x08001ed8   0x0000014c   Code   RO         2650    i.eth_init          eth_drv.o
    0x08002024   0x08002024   0x0000001c   Code   RO         2652    i.eth_is_disconnected  eth_drv.o
    0x08002040   0x08002040   0x00000060   Code   RO         2653    i.eth_output        eth_drv.o
    0x080020a0   0x080020a0   0x0000000e   Code   RO         2654    i.eth_poll          eth_drv.o
    0x080020ae   0x080020ae   0x00000002   PAD
    0x080020b0   0x080020b0   0x0000004c   Code   RO         2655    i.eth_recv          eth_drv.o
    0x080020fc   0x080020fc   0x00000058   Code   RO         2656    i.eth_recv_poll     eth_drv.o
    0x08002154   0x08002154   0x00000002   Code   RO         2657    i.eth_reset         eth_drv.o
    0x08002156   0x08002156   0x00000002   PAD
    0x08002158   0x08002158   0x00000040   Code   RO         2658    i.eth_send          eth_drv.o
    0x08002198   0x08002198   0x000000f4   Code   RO         4646    i.etharp_find_entry  etharp.o
    0x0800228c   0x0800228c   0x00000028   Code   RO         4647    i.etharp_free_entry  etharp.o
    0x080022b4   0x080022b4   0x000000a6   Code   RO         4649    i.etharp_input      etharp.o
    0x0800235a   0x0800235a   0x00000002   PAD
    0x0800235c   0x0800235c   0x000000fc   Code   RO         4650    i.etharp_output     etharp.o
    0x08002458   0x08002458   0x0000006c   Code   RO         4651    i.etharp_output_to_arp_index  etharp.o
    0x080024c4   0x080024c4   0x00000164   Code   RO         4652    i.etharp_query      etharp.o
    0x08002628   0x08002628   0x0000008c   Code   RO         4653    i.etharp_raw        etharp.o
    0x080026b4   0x080026b4   0x0000000c   Code   RO         4654    i.etharp_request    etharp.o
    0x080026c0   0x080026c0   0x00000020   Code   RO         4655    i.etharp_request_dst  etharp.o
    0x080026e0   0x080026e0   0x00000060   Code   RO         4656    i.etharp_tmr        etharp.o
    0x08002740   0x08002740   0x000000a0   Code   RO         4657    i.etharp_update_arp_entry  etharp.o
    0x080027e0   0x080027e0   0x000000a8   Code   RO         4854    i.ethernet_input    ethernet.o
    0x08002888   0x08002888   0x0000004c   Code   RO         4855    i.ethernet_output   ethernet.o
    0x080028d4   0x080028d4   0x0000001e   Code   RO         4658    i.free_etharp_q     etharp.o
    0x080028f2   0x080028f2   0x00000002   PAD
    0x080028f4   0x080028f4   0x00000098   Code   RO         2145    i.handle_job        main.o
    0x0800298c   0x0800298c   0x00000068   Code   RO         2146    i.handle_setparams  main.o
    0x080029f4   0x080029f4   0x0000000c   Code   RO         3168    i.inet_chksum       inet_chksum.o
    0x08002a00   0x08002a00   0x00000028   Code   RO         3170    i.inet_chksum_pseudo  inet_chksum.o
    0x08002a28   0x08002a28   0x0000006c   Code   RO         3172    i.inet_cksum_pseudo_base  inet_chksum.o
    0x08002a94   0x08002a94   0x00000040   Code   RO         4754    i.ip4_addr_isbroadcast_u32  ip4_addr.o
    0x08002ad4   0x08002ad4   0x0000016c   Code   RO         4811    i.ip4_input         ip4.o
    0x08002c40   0x08002c40   0x0000002c   Code   RO         4812    i.ip4_input_accept  ip4.o
    0x08002c6c   0x08002c6c   0x00000022   Code   RO         4814    i.ip4_output_if     ip4.o
    0x08002c8e   0x08002c8e   0x00000002   PAD
    0x08002c90   0x08002c90   0x000000d8   Code   RO         4815    i.ip4_output_if_src  ip4.o
    0x08002d68   0x08002d68   0x00000060   Code   RO         4816    i.ip4_route         ip4.o
    0x08002dc8   0x08002dc8   0x0000000c   Code   RO         3174    i.ip_chksum_pseudo  inet_chksum.o
    0x08002dd4   0x08002dd4   0x00000038   Code   RO         2147    i.led_init          main.o
    0x08002e0c   0x08002e0c   0x00000020   Code   RO         2148    i.led_off           main.o
    0x08002e2c   0x08002e2c   0x00000010   Code   RO         2149    i.led_on            main.o
    0x08002e3c   0x08002e3c   0x00000030   Code   RO         2150    i.led_toggle        main.o
    0x08002e6c   0x08002e6c   0x00000040   Code   RO         4546    i.lwip_cyclic_timer  timeouts.o
    0x08002eac   0x08002eac   0x00000018   Code   RO         3108    i.lwip_htonl        def.o
    0x08002ec4   0x08002ec4   0x0000000a   Code   RO         3109    i.lwip_htons        def.o
    0x08002ece   0x08002ece   0x0000001a   Code   RO         3236    i.lwip_init         init.o
    0x08002ee8   0x08002ee8   0x00000056   Code   RO         3176    i.lwip_standard_chksum  inet_chksum.o
    0x08002f3e   0x08002f3e   0x00000002   PAD
    0x08002f40   0x08002f40   0x00000374   Code   RO         2151    i.main              main.o
    0x080032b4   0x080032b4   0x00000078   Code   RO         3307    i.mem_free          mem.o
    0x0800332c   0x0800332c   0x00000038   Code   RO         3308    i.mem_init          mem.o
    0x08003364   0x08003364   0x00000050   Code   RO         3309    i.mem_link_valid    mem.o
    0x080033b4   0x080033b4   0x000000c8   Code   RO         3310    i.mem_malloc        mem.o
    0x0800347c   0x0800347c   0x00000010   Code   RO         3311    i.mem_to_ptr        mem.o
    0x0800348c   0x0800348c   0x000000f4   Code   RO         3312    i.mem_trim          mem.o
    0x08003580   0x08003580   0x00000018   Code   RO         3372    i.memp_free         memp.o
    0x08003598   0x08003598   0x0000001c   Code   RO         3374    i.memp_init         memp.o
    0x080035b4   0x080035b4   0x0000002a   Code   RO         3375    i.memp_init_pool    memp.o
    0x080035de   0x080035de   0x00000002   PAD
    0x080035e0   0x080035e0   0x00000018   Code   RO         3376    i.memp_malloc       memp.o
    0x080035f8   0x080035f8   0x000000b4   Code   RO         3482    i.netif_add         netif.o
    0x080036ac   0x080036ac   0x0000001a   Code   RO         3484    i.netif_do_ip_addr_changed  netif.o
    0x080036c6   0x080036c6   0x00000016   Code   RO         3485    i.netif_do_set_gw   netif.o
    0x080036dc   0x080036dc   0x00000038   Code   RO         3486    i.netif_do_set_ipaddr  netif.o
    0x08003714   0x08003714   0x00000016   Code   RO         3487    i.netif_do_set_netmask  netif.o
    0x0800372a   0x0800372a   0x00000002   PAD
    0x0800372c   0x0800372c   0x00000028   Code   RO         3489    i.netif_get_by_index  netif.o
    0x08003754   0x08003754   0x00000002   Code   RO         3491    i.netif_init        netif.o
    0x08003756   0x08003756   0x00000002   PAD
    0x08003758   0x08003758   0x0000003c   Code   RO         2660    i.netif_init_cb     eth_drv.o
    0x08003794   0x08003794   0x00000022   Code   RO         3493    i.netif_issue_reports  netif.o
    0x080037b6   0x080037b6   0x00000006   Code   RO         3495    i.netif_null_output_ip4  netif.o
    0x080037bc   0x080037bc   0x00000064   Code   RO         3497    i.netif_set_addr    netif.o
    0x08003820   0x08003820   0x0000000c   Code   RO         3498    i.netif_set_default  netif.o
    0x0800382c   0x0800382c   0x0000001c   Code   RO         3505    i.netif_set_up      netif.o
    0x08003848   0x08003848   0x00000006   Code   RO         3645    i.pbuf_add_header   pbuf.o
    0x0800384e   0x0800384e   0x00000054   Code   RO         3647    i.pbuf_add_header_impl  pbuf.o
    0x080038a2   0x080038a2   0x000000ea   Code   RO         3648    i.pbuf_alloc        pbuf.o
    0x0800398c   0x0800398c   0x00000030   Code   RO         3649    i.pbuf_alloc_reference  pbuf.o
    0x080039bc   0x080039bc   0x00000028   Code   RO         3650    i.pbuf_cat          pbuf.o
    0x080039e4   0x080039e4   0x00000012   Code   RO         3652    i.pbuf_clen         pbuf.o
    0x080039f6   0x080039f6   0x00000022   Code   RO         3653    i.pbuf_clone        pbuf.o
    0x08003a18   0x08003a18   0x00000012   Code   RO         3655    i.pbuf_copy         pbuf.o
    0x08003a2a   0x08003a2a   0x0000006a   Code   RO         3656    i.pbuf_copy_partial  pbuf.o
    0x08003a94   0x08003a94   0x000000b8   Code   RO         3657    i.pbuf_copy_partial_pbuf  pbuf.o
    0x08003b4c   0x08003b4c   0x00000062   Code   RO         3659    i.pbuf_free         pbuf.o
    0x08003bae   0x08003bae   0x00000002   PAD
    0x08003bb0   0x08003bb0   0x00000034   Code   RO         3661    i.pbuf_free_ooseq   pbuf.o
    0x08003be4   0x08003be4   0x0000001c   Code   RO         3667    i.pbuf_init_alloced_pbuf  pbuf.o
    0x08003c00   0x08003c00   0x00000018   Code   RO         3670    i.pbuf_pool_is_empty  pbuf.o
    0x08003c18   0x08003c18   0x00000050   Code   RO         3672    i.pbuf_realloc      pbuf.o
    0x08003c68   0x08003c68   0x0000001c   Code   RO         3673    i.pbuf_ref          pbuf.o
    0x08003c84   0x08003c84   0x00000036   Code   RO         3674    i.pbuf_remove_header  pbuf.o
    0x08003cba   0x08003cba   0x00000054   Code   RO         3678    i.pbuf_take         pbuf.o
    0x08003d0e   0x08003d0e   0x00000086   Code   RO         2661    i.phy_init          eth_drv.o
    0x08003d94   0x08003d94   0x00000080   Code   RO         3313    i.plug_holes        mem.o
    0x08003e14   0x08003e14   0x000000cc   Code   RO         2152    i.process_rx_data   main.o
    0x08003ee0   0x08003ee0   0x000000a0   Code   RO         2552    i.protocol_decode_job  protocol.o
    0x08003f80   0x08003f80   0x00000020   Code   RO         2553    i.protocol_decode_setparams  protocol.o
    0x08003fa0   0x08003fa0   0x00000034   Code   RO         2557    i.protocol_encode_hello  protocol.o
    0x08003fd4   0x08003fd4   0x00000050   Code   RO         2558    i.protocol_encode_nonce  protocol.o
    0x08004024   0x08004024   0x0000003c   Code   RO         2559    i.protocol_peek_frame  protocol.o
    0x08004060   0x08004060   0x0000000c   Code   RO         3314    i.ptr_to_mem        mem.o
    0x0800406c   0x0800406c   0x00000090   Code   RO         3887    i.raw_input         raw.o
    0x080040fc   0x080040fc   0x00000040   Code   RO         3888    i.raw_input_local_match  raw.o
    0x0800413c   0x0800413c   0x00000034   Code   RO         3889    i.raw_netif_ip_addr_changed  raw.o
    0x08004170   0x08004170   0x00000016   Code   RO         2560    i.read_u32          protocol.o
    0x08004186   0x08004186   0x00000002   PAD
    0x08004188   0x08004188   0x000000cc   Code   RO         2153    i.receive_tcp_data  main.o
    0x08004254   0x08004254   0x0000018c   Code   RO         2662    i.rmii_gpio_init    eth_drv.o
    0x080043e0   0x080043e0   0x00000084   Code   RO         2154    i.send_board_hello  main.o
    0x08004464   0x08004464   0x00000006   Code   RO         2663    i.sys_arch_protect  eth_drv.o
    0x0800446a   0x0800446a   0x00000004   Code   RO         2664    i.sys_arch_unprotect  eth_drv.o
    0x0800446e   0x0800446e   0x00000002   PAD
    0x08004470   0x08004470   0x00000050   Code   RO         4547    i.sys_check_timeouts  timeouts.o
    0x080044c0   0x080044c0   0x0000000c   Code   RO         2665    i.sys_now           eth_drv.o
    0x080044cc   0x080044cc   0x0000001a   Code   RO         4549    i.sys_timeout       timeouts.o
    0x080044e6   0x080044e6   0x00000002   PAD
    0x080044e8   0x080044e8   0x00000058   Code   RO         4550    i.sys_timeout_abs   timeouts.o
    0x08004540   0x08004540   0x00000024   Code   RO         4551    i.sys_timeouts_init  timeouts.o
    0x08004564   0x08004564   0x00000080   Code   RO         2155    i.system_clock_init  main.o
    0x080045e4   0x080045e4   0x000000dc   Code   RO         3986    i.tcp_abandon       tcp.o
    0x080046c0   0x080046c0   0x00000006   Code   RO         3987    i.tcp_abort         tcp.o
    0x080046c6   0x080046c6   0x00000002   PAD
    0x080046c8   0x080046c8   0x000000ac   Code   RO         3990    i.tcp_alloc         tcp.o
    0x08004774   0x08004774   0x0000001c   Code   RO         3992    i.tcp_backlog_accepted  tcp.o
    0x08004790   0x08004790   0x00000094   Code   RO         3994    i.tcp_bind          tcp.o
    0x08004824   0x08004824   0x0000001e   Code   RO         3996    i.tcp_close         tcp.o
    0x08004842   0x08004842   0x00000002   PAD
    0x08004844   0x08004844   0x000000f4   Code   RO         3997    i.tcp_close_shutdown  tcp.o
    0x08004938   0x08004938   0x00000066   Code   RO         3998    i.tcp_close_shutdown_fin  tcp.o
    0x0800499e   0x0800499e   0x00000002   PAD
    0x080049a0   0x080049a0   0x00000108   Code   RO         3999    i.tcp_connect       tcp.o
    0x08004aa8   0x08004aa8   0x0000003c   Code   RO         2666    i.tcp_connected_cb  eth_drv.o
    0x08004ae4   0x08004ae4   0x000000a2   Code   RO         4390    i.tcp_create_segment  tcp_out.o
    0x08004b86   0x08004b86   0x0000001e   Code   RO         4001    i.tcp_eff_send_mss_netif  tcp.o
    0x08004ba4   0x08004ba4   0x0000009c   Code   RO         4391    i.tcp_enqueue_flags  tcp_out.o
    0x08004c40   0x08004c40   0x0000000a   Code   RO         4002    i.tcp_err           tcp.o
    0x08004c4a   0x08004c4a   0x00000002   PAD
    0x08004c4c   0x08004c4c   0x00000010   Code   RO         2667    i.tcp_err_cb        eth_drv.o
    0x08004c5c   0x08004c5c   0x0000006c   Code   RO         4003    i.tcp_fasttmr       tcp.o
    0x08004cc8   0x08004cc8   0x00000008   Code   RO         4004    i.tcp_free          tcp.o
    0x08004cd0   0x08004cd0   0x00000064   Code   RO         4316    i.tcp_free_acked_segments  tcp_in.o
    0x08004d34   0x08004d34   0x00000008   Code   RO         4005    i.tcp_free_listen   tcp.o
    0x08004d3c   0x08004d3c   0x00000014   Code   RO         4006    i.tcp_free_ooseq    tcp.o
    0x08004d50   0x08004d50   0x00000028   Code   RO         4317    i.tcp_get_next_optbyte  tcp_in.o
    0x08004d78   0x08004d78   0x00000028   Code   RO         4007    i.tcp_handle_closepend  tcp.o
    0x08004da0   0x08004da0   0x00000002   Code   RO         4008    i.tcp_init          tcp.o
    0x08004da2   0x08004da2   0x00000002   PAD
    0x08004da4   0x08004da4   0x000003d8   Code   RO         4318    i.tcp_input         tcp_in.o
    0x0800517c   0x0800517c   0x00000040   Code   RO         4319    i.tcp_input_delayed_close  tcp_in.o
    0x080051bc   0x080051bc   0x00000040   Code   RO         4392    i.tcp_keepalive     tcp_out.o
    0x080051fc   0x080051fc   0x00000050   Code   RO         4009    i.tcp_kill_prio     tcp.o
    0x0800524c   0x0800524c   0x0000003c   Code   RO         4010    i.tcp_kill_state    tcp.o
    0x08005288   0x08005288   0x00000034   Code   RO         4011    i.tcp_kill_timewait  tcp.o
    0x080052bc   0x080052bc   0x00000020   Code   RO         4012    i.tcp_listen_closed  tcp.o
    0x080052dc   0x080052dc   0x00000120   Code   RO         4320    i.tcp_listen_input  tcp_in.o
    0x080053fc   0x080053fc   0x0000004c   Code   RO         4015    i.tcp_netif_ip_addr_changed  tcp.o
    0x08005448   0x08005448   0x00000022   Code   RO         4016    i.tcp_netif_ip_addr_changed_pcblist  tcp.o
    0x0800546a   0x0800546a   0x00000006   Code   RO         4017    i.tcp_new           tcp.o
    0x08005470   0x08005470   0x00000058   Code   RO         4019    i.tcp_new_port      tcp.o
    0x080054c8   0x080054c8   0x00000010   Code   RO         4020    i.tcp_next_iss      tcp.o
    0x080054d8   0x080054d8   0x0000007c   Code   RO         4321    i.tcp_oos_insert_segment  tcp_in.o
    0x08005554   0x08005554   0x00000210   Code   RO         4393    i.tcp_output        tcp_out.o
    0x08005764   0x08005764   0x0000002e   Code   RO         4394    i.tcp_output_alloc_header  tcp_out.o
    0x08005792   0x08005792   0x00000070   Code   RO         4395    i.tcp_output_alloc_header_common  tcp_out.o
    0x08005802   0x08005802   0x00000032   Code   RO         4396    i.tcp_output_control_segment  tcp_out.o
    0x08005834   0x08005834   0x0000004c   Code   RO         4397    i.tcp_output_control_segment_netif  tcp_out.o
    0x08005880   0x08005880   0x00000002   Code   RO         4398    i.tcp_output_fill_options  tcp_out.o
    0x08005882   0x08005882   0x00000002   PAD
    0x08005884   0x08005884   0x000000c0   Code   RO         4399    i.tcp_output_segment  tcp_out.o
    0x08005944   0x08005944   0x00000010   Code   RO         4400    i.tcp_output_segment_busy  tcp_out.o
    0x08005954   0x08005954   0x00000074   Code   RO         4322    i.tcp_parseopt      tcp_in.o
    0x080059c8   0x080059c8   0x00000054   Code   RO         4401    i.tcp_pbuf_prealloc  tcp_out.o
    0x08005a1c   0x08005a1c   0x0000004e   Code   RO         4021    i.tcp_pcb_purge     tcp.o
    0x08005a6a   0x08005a6a   0x00000050   Code   RO         4022    i.tcp_pcb_remove    tcp.o
    0x08005aba   0x08005aba   0x00000002   PAD
    0x08005abc   0x08005abc   0x00000460   Code   RO         4323    i.tcp_process       tcp_in.o
    0x08005f1c   0x08005f1c   0x0000007c   Code   RO         4024    i.tcp_process_refused_data  tcp.o
    0x08005f98   0x08005f98   0x000006cc   Code   RO         4324    i.tcp_receive       tcp_in.o
    0x08006664   0x08006664   0x0000000a   Code   RO         4025    i.tcp_recv          tcp.o
    0x0800666e   0x0800666e   0x00000002   PAD
    0x08006670   0x08006670   0x00000068   Code   RO         2668    i.tcp_recv_cb       eth_drv.o
    0x080066d8   0x080066d8   0x0000002e   Code   RO         4026    i.tcp_recv_null     tcp.o
    0x08006706   0x08006706   0x00000042   Code   RO         4027    i.tcp_recved        tcp.o
    0x08006748   0x08006748   0x00000014   Code   RO         4028    i.tcp_remove_listener  tcp.o
    0x0800675c   0x0800675c   0x0000006c   Code   RO         4402    i.tcp_rexmit        tcp_out.o
    0x080067c8   0x080067c8   0x0000005c   Code   RO         4403    i.tcp_rexmit_fast   tcp_out.o
    0x08006824   0x08006824   0x0000001a   Code   RO         4404    i.tcp_rexmit_rto    tcp_out.o
    0x0800683e   0x0800683e   0x00000012   Code   RO         4405    i.tcp_rexmit_rto_commit  tcp_out.o
    0x08006850   0x08006850   0x00000074   Code   RO         4406    i.tcp_rexmit_rto_prepare  tcp_out.o
    0x080068c4   0x080068c4   0x00000012   Code   RO         4407    i.tcp_route         tcp_out.o
    0x080068d6   0x080068d6   0x00000032   Code   RO         4408    i.tcp_rst           tcp_out.o
    0x08006908   0x08006908   0x0000004a   Code   RO         4409    i.tcp_rst_common    tcp_out.o
    0x08006952   0x08006952   0x00000032   Code   RO         4410    i.tcp_rst_netif     tcp_out.o
    0x08006984   0x08006984   0x00000026   Code   RO         4029    i.tcp_seg_copy      tcp.o
    0x080069aa   0x080069aa   0x0000001e   Code   RO         4030    i.tcp_seg_free      tcp.o
    0x080069c8   0x080069c8   0x00000012   Code   RO         4031    i.tcp_segs_free     tcp.o
    0x080069da   0x080069da   0x00000060   Code   RO         4411    i.tcp_send_empty_ack  tcp_out.o
    0x08006a3a   0x08006a3a   0x00000048   Code   RO         4412    i.tcp_send_fin      tcp_out.o
    0x08006a82   0x08006a82   0x00000002   PAD
    0x08006a84   0x08006a84   0x000002f8   Code   RO         4035    i.tcp_slowtmr       tcp.o
    0x08006d7c   0x08006d7c   0x00000130   Code   RO         4413    i.tcp_split_unsent_seg  tcp_out.o
    0x08006eac   0x08006eac   0x00000034   Code   RO         4554    i.tcp_timer_needed  timeouts.o
    0x08006ee0   0x08006ee0   0x00000068   Code   RO         4325    i.tcp_timewait_input  tcp_in.o
    0x08006f48   0x08006f48   0x00000020   Code   RO         4037    i.tcp_tmr           tcp.o
    0x08006f68   0x08006f68   0x00000010   Code   RO         4326    i.tcp_trigger_input_pcb_close  tcp_in.o
    0x08006f78   0x08006f78   0x00000032   Code   RO         4039    i.tcp_update_rcv_ann_wnd  tcp.o
    0x08006faa   0x08006faa   0x00000334   Code   RO         4414    i.tcp_write         tcp_out.o
    0x080072de   0x080072de   0x0000004e   Code   RO         4415    i.tcp_write_checks  tcp_out.o
    0x0800732c   0x0800732c   0x000000bc   Code   RO         4416    i.tcp_zero_window_probe  tcp_out.o
    0x080073e8   0x080073e8   0x00000038   Code   RO         4555    i.tcpip_tcp_timer   timeouts.o
    0x08007420   0x08007420   0x0000002c   Code   RO         2362    i.uart_rb_get       bm1366.o
    0x0800744c   0x0800744c   0x00000024   Code   RO         2363    i.uart_rb_put       bm1366.o
    0x08007470   0x08007470   0x00000008   Code   RO         2561    i.write_u16         protocol.o
    0x08007478   0x08007478   0x00000010   Code   RO         2562    i.write_u32         protocol.o
    0x08007488   0x08007488   0x00000026   Code   RO         2563    i.write_u64         protocol.o
    0x080074ae   0x080074ae   0x00000018   Data   RO         2157    .constdata          main.o
    0x080074c6   0x080074c6   0x00000100   Data   RO         2365    .constdata          bm1366.o
    0x080075c6   0x080075c6   0x00000002   PAD
    0x080075c8   0x080075c8   0x0000000c   Data   RO         3386    .constdata          memp.o
    0x080075d4   0x080075d4   0x0000000c   Data   RO         3387    .constdata          memp.o
    0x080075e0   0x080075e0   0x0000000c   Data   RO         3388    .constdata          memp.o
    0x080075ec   0x080075ec   0x0000000c   Data   RO         3389    .constdata          memp.o
    0x080075f8   0x080075f8   0x0000000c   Data   RO         3390    .constdata          memp.o
    0x08007604   0x08007604   0x0000000c   Data   RO         3391    .constdata          memp.o
    0x08007610   0x08007610   0x0000000c   Data   RO         3392    .constdata          memp.o
    0x0800761c   0x0800761c   0x0000000c   Data   RO         3393    .constdata          memp.o
    0x08007628   0x08007628   0x00000020   Data   RO         3394    .constdata          memp.o
    0x08007648   0x08007648   0x00000054   Data   RO         4040    .constdata          tcp.o
    0x0800769c   0x0800769c   0x00000010   Data   RO         4556    .constdata          timeouts.o
    0x080076ac   0x080076ac   0x00000004   Data   RO         4761    .constdata          ip4_addr.o
    0x080076b0   0x080076b0   0x00000006   Data   RO         4856    .constdata          ethernet.o
    0x080076b6   0x080076b6   0x00000006   Data   RO         4857    .constdata          ethernet.o
    0x080076bc   0x080076bc   0x00000075   Data   RO         4041    .conststring        tcp.o
    0x08007731   0x08007731   0x00000003   PAD
    0x08007734   0x08007734   0x00000020   Data   RO         5019    Region$$Table       anon$$obj.o


    Execution Region RW_IRAM1 (Exec base: 0x20000000, Load base: 0x08007754, Size: 0x00014190, Max: 0x00020000, ABSOLUTE)

    Exec Addr    Load Addr    Size         Type   Attr      Idx    E Section Name        Object

    0x20000000   0x08007754   0x00000010   Data   RW          362    .data               stm32f4xx_rcc.o
    0x20000010   0x08007764   0x00000010   Data   RW         2158    .data               main.o
    0x20000020   0x08007774   0x0000000c   Data   RW         2366    .data               bm1366.o
    0x2000002c   0x08007780   0x00000026   Data   RW         2670    .data               eth_drv.o
    0x20000052   0x080077a6   0x00000002   PAD
    0x20000054   0x080077a8   0x0000000c   Data   RW         3316    .data               mem.o
    0x20000060   0x080077b4   0x00000004   Data   RW         3395    .data               memp.o
    0x20000064   0x080077b8   0x00000004   Data   RW         3396    .data               memp.o
    0x20000068   0x080077bc   0x00000004   Data   RW         3397    .data               memp.o
    0x2000006c   0x080077c0   0x00000004   Data   RW         3398    .data               memp.o
    0x20000070   0x080077c4   0x00000004   Data   RW         3399    .data               memp.o
    0x20000074   0x080077c8   0x00000004   Data   RW         3400    .data               memp.o
    0x20000078   0x080077cc   0x00000004   Data   RW         3401    .data               memp.o
    0x2000007c   0x080077d0   0x00000004   Data   RW         3402    .data               memp.o
    0x20000080   0x080077d4   0x0000000c   Data   RW         3506    .data               netif.o
    0x2000008c   0x080077e0   0x00000001   Data   RW         3681    .data               pbuf.o
    0x2000008d   0x080077e1   0x00000003   PAD
    0x20000090   0x080077e4   0x00000004   Data   RW         3897    .data               raw.o
    0x20000094   0x080077e8   0x00000020   Data   RW         4042    .data               tcp.o
    0x200000b4   0x08007808   0x00000024   Data   RW         4328    .data               tcp_in.o
    0x200000d8   0x0800782c   0x0000000c   Data   RW         4558    .data               timeouts.o
    0x200000e4   0x08007838   0x00000001   Data   RW         4660    .data               etharp.o
    0x200000e5   0x08007839   0x00000001   PAD
    0x200000e6   0x0800783a   0x00000002   Data   RW         4817    .data               ip4.o
    0x200000e8        -       0x00000900   Zero   RW         2156    .bss                main.o
    0x200009e8        -       0x00000100   Zero   RW         2364    .bss                bm1366.o
    0x20000ae8        -       0x00003490   Zero   RW         2669    .bss                eth_drv.o
    0x20003f78        -       0x00000018   Zero   RW         3294    .bss                ip.o
    0x20003f90        -       0x00007813   Zero   RW         3315    .bss                mem.o
    0x2000b7a3        -       0x00000073   Zero   RW         3378    .bss                memp.o
    0x2000b816        -       0x000004e3   Zero   RW         3379    .bss                memp.o
    0x2000bcf9        -       0x00000103   Zero   RW         3380    .bss                memp.o
    0x2000bdfc        -       0x00000403   Zero   RW         3381    .bss                memp.o
    0x2000c1ff        -       0x000000f3   Zero   RW         3382    .bss                memp.o
    0x2000c2f2        -       0x00000083   Zero   RW         3383    .bss                memp.o
    0x2000c375        -       0x00000143   Zero   RW         3384    .bss                memp.o
    0x2000c4b8        -       0x00007803   Zero   RW         3385    .bss                memp.o
    0x20013cbb   0x0800783c   0x00000001   PAD
    0x20013cbc        -       0x00000010   Zero   RW         4327    .bss                tcp_in.o
    0x20013ccc        -       0x000000c0   Zero   RW         4659    .bss                etharp.o
    0x20013d8c   0x0800783c   0x00000004   PAD
    0x20013d90        -       0x00000400   Zero   RW            1    STACK               startup_stm32f40xx.o


==============================================================================

Image component sizes


      Code (inc. data)   RO Data    RW Data    ZI Data      Debug   Object Name

         0          0          0          0          0        548   altcp.o
      1006         72        256         12        256      12552   bm1366.o
       264         16          0          0          0       3285   debug_serial.o
        34          0          0          0          0       1194   def.o
        54          0          0          0          0       1158   delay.o
      1696        144          0         38      13456      42688   eth_drv.o
      1636         60          0          1        192      13460   etharp.o
       244          4         12          0          0       2918   ethernet.o
       258          0          0          0          0      13197   inet_chksum.o
        26          0          0          0          0      13167   init.o
         0          0          0          0         24       3326   ip.o
       754         30          0          2          0       6244   ip4.o
        64          0          4          0          0       9046   ip4_addr.o
       388         54          0          0          0       8080   lwip_eth.o
      2192        900         24         16       2304      39479   main.o
       856         44          0         12      30739       8765   mem.o
       180         14        128         32      34072      10448   memp.o
       104          6          0          0          0       1340   misc.o
       528         32          0         12          0      14605   netif.o
      1220         14          0          1          0      28297   pbuf.o
       510          6          0          0          0       7723   protocol.o
       260         16          0          4          0       3596   raw.o
        36          8        392          0       1024       1020   startup_stm32f40xx.o
        12          6          0          0          0        659   stm32f4xx_flash.o
       178          0          0          0          0       4340   stm32f4xx_gpio.o
        20          0          0          0          0       4780   stm32f4xx_it.o
       520         94          0         16          0      11890   stm32f4xx_rcc.o
       382          8          0          0          0       7528   stm32f4xx_usart.o
       276         34          0          0          0     274265   system_stm32f4xx.o
      3236        112        201         32          0      41803   tcp.o
      4696        158          0         36         16      23991   tcp_in.o
      3598         12          0          0          0      27863   tcp_out.o
       402         64         16         12          0       7110   timeouts.o

    ----------------------------------------------------------------------
     25692       1908       1070        232      82088     650365   Object Totals
         0          0         32          0          0          0   (incl. Generated)
        62          0          5          6          5          0   (incl. Padding)

    ----------------------------------------------------------------------

      Code (inc. data)   RO Data    RW Data    ZI Data      Debug   Library Member Name

         0          0          0          0          0          0   entry.o
         0          0          0          0          0          0   entry10a.o
         0          0          0          0          0          0   entry11a.o
         4          0          0          0          0          0   entry12b.o
         8          4          0          0          0          0   entry2.o
         4          0          0          0          0          0   entry5.o
         0          0          0          0          0          0   entry7b.o
         0          0          0          0          0          0   entry8b.o
         8          4          0          0          0          0   entry9a.o
        30          0          0          0          0          0   handlers.o
        36          8          0          0          0         68   init.o
         0          0          0          0          0          0   iusefp.o
        30          0          0          0          0         68   llshl.o
        36          0          0          0          0         68   llsshr.o
        32          0          0          0          0         68   llushr.o
        26          0          0          0          0         80   memcmp.o
        64          0          0          0          0         76   memmovea.o
        36          0          0          0          0        108   memseta.o
      2260         86          0          0          0        528   printfa.o
        44          0          0          0          0         80   uidiv.o
        98          0          0          0          0         92   uldiv.o
        48          0          0          0          0         68   cdrcmple.o
       334          0          0          0          0        148   dadd.o
       222          0          0          0          0        100   ddiv.o
       186          0          0          0          0        176   depilogue.o
        48          0          0          0          0         68   dfixul.o
       228          0          0          0          0         96   dmul.o

    ----------------------------------------------------------------------
      3786        102          0          0          0       1892   Library Totals
         4          0          0          0          0          0   (incl. Padding)

    ----------------------------------------------------------------------

      Code (inc. data)   RO Data    RW Data    ZI Data      Debug   Library Name

      2716        102          0          0          0       1236   mc_w.l
      1066          0          0          0          0        656   mf_w.l

    ----------------------------------------------------------------------
      3786        102          0          0          0       1892   Library Totals

    ----------------------------------------------------------------------

==============================================================================


      Code (inc. data)   RO Data    RW Data    ZI Data      Debug   

     29478       2010       1070        232      82088     625173   Grand Totals
     29478       2010       1070        232      82088     625173   ELF Image Totals
     29478       2010       1070        232          0          0   ROM Totals

==============================================================================

    Total RO  Size (Code + RO Data)                30548 (  29.83kB)
    Total RW  Size (RW Data + ZI Data)             82320 (  80.39kB)
    Total ROM Size (Code + RO Data + RW Data)      30780 (  30.06kB)

==============================================================================

