<html>
<body>
<pre>
<h1>礦ision Build Log</h1>
<h2>Tool Versions:</h2>
IDE-Version: μVision V5.42.0.0
Copyright (C) 2025 ARM Ltd and ARM Germany GmbH. All rights reserved.
License Information: 1 1, 1, LIC=BUURY-I4SUF-01ZP1-CUJZS-RJ7C6-4M6QY
 
Tool Versions:
Toolchain:       MDK-ARM Plus  Version: 5.42.0.0
Toolchain Path:  D:\Program Files\Keil5\ARM\ARMCC\Bin
C Compiler:      Armcc.exe V5.06 update 7 (build 960)
Assembler:       Armasm.exe V5.06 update 7 (build 960)
Linker/Locator:  ArmLink.exe V5.06 update 7 (build 960)
Library Manager: ArmAr.exe V5.06 update 7 (build 960)
Hex Converter:   FromElf.exe V5.06 update 7 (build 960)
CPU DLL:         SARMCM3.DLL V5.42.0.0
Dialog DLL:      DCM.DLL V1.17.5.0
Target DLL:      Segger\JL2CM3.dll V2.99.45.0
Dialog DLL:      TCM.DLL V1.56.6.0
 
<h2>Project:</h2>
D:\Docunemt\临时工程项目\BTCMinerControl\BTCMinerControl\Miner\F107测试\BTCMinerMS\MDK-ARM\BTCMinerMS.uvprojx
Project File Date:  07/26/2026

<h2>Output:</h2>
*** Using Compiler 'V5.06 update 7 (build 960)', folder: 'D:\Program Files\Keil5\ARM\ARMCC\Bin'
Rebuild target 'BTCMinerMS'
assembling startup_stm32f10x_cl.s...
compiling Delay.c...
compiling stm32f1xx_hal_eth.c...
compiling protocol.c...
compiling debug_serial.c...
compiling stm32f1xx_hal_gpio_ex.c...
compiling lwip_eth.c...
compiling stm32f1xx_hal_msp.c...
compiling stm32f1xx_it.c...
compiling bm1366.c...
..\Core\Src\bm1366.c(18): warning:  #550-D: variable "bm1366_cur_baud"  was set but never used
   static uint32_t bm1366_cur_baud         = BM1366_DEFAULT_BAUD;
..\Core\Src\bm1366.c(346): warning:  #177-D: function "bm1366_frequency_immediate"  was declared but never referenced
   static void bm1366_frequency_immediate(float target_freq_mhz) {
..\Core\Src\bm1366.c: 2 warnings, 0 errors
compiling eth_drv.c...
..\Core\Src\eth_drv.c(26): warning:  #177-D: variable "tcp_connect_timeout"  was declared but never referenced
  static uint32_t        tcp_connect_timeout = 5000;
..\Core\Src\eth_drv.c(43): warning:  #177-D: function "phy_soft_reset"  was declared but never referenced
  static void phy_soft_reset(void) {
..\Core\Src\eth_drv.c: 2 warnings, 0 errors
compiling main.c...
../Core/Src/main.c(658): warning:  #177-D: function "MX_GPIO_Init_Ext"  was declared but never referenced
  static void MX_GPIO_Init_Ext(void)
../Core/Src/main.c: 1 warning, 0 errors
compiling stm32f1xx_hal_exti.c...
compiling stm32f1xx_hal_flash_ex.c...
compiling stm32f1xx_hal_flash.c...
compiling stm32f1xx_hal_cortex.c...
compiling stm32f1xx_hal.c...
compiling stm32f1xx_hal_pwr.c...
compiling stm32f1xx_hal_gpio.c...
compiling stm32f1xx_hal_rcc_ex.c...
compiling stm32f1xx_hal_rcc.c...
compiling stm32f1xx_hal_dma.c...
compiling stm32f1xx_hal_i2c.c...
compiling system_stm32f1xx.c...
compiling mem.c...
compiling def.c...
compiling stm32f1xx_hal_uart.c...
compiling stats.c...
compiling inet_chksum.c...
compiling pbuf.c...
compiling memp.c...
compiling sys.c...
compiling init.c...
compiling netif.c...
compiling ip4_addr.c...
compiling ethernet.c...
compiling ip.c...
compiling tcp_out.c...
compiling tcp.c...
compiling timeouts.c...
compiling icmp.c...
compiling sys_arch.c...
compiling ip4.c...
compiling etharp.c...
compiling tcp_in.c...
compiling eth_netif.c...
linking...
Program Size: Code=34264 RO-data=1772 RW-data=260 ZI-data=29908  
FromELF: creating hex file...
"BTCMinerMS\BTCMinerMS.axf" - 0 Error(s), 5 Warning(s).

<h2>Software Packages used:</h2>

Package Vendor: Keil
                https://www.keil.com/pack/Keil.STM32F1xx_DFP.2.4.1.pack
                Keil::STM32F1xx_DFP@2.4.1
                STMicroelectronics STM32F1 Series Device Support, Drivers and Examples

<h2>Collection of Component include folders:</h2>
  D:/Program Files/Keil5/Keil/STM32F1xx_DFP/2.4.1/Device/Include

<h2>Collection of Component Files used:</h2>
Build Time Elapsed:  00:00:22
</pre>
</body>
</html>
