Component: ARM Compiler 5.06 update 7 (build 960) Tool: armlink [4d3601]

==============================================================================

Section Cross References

    startup_stm32f10x_cl.o(RESET) refers to startup_stm32f10x_cl.o(STACK) for __initial_sp
    startup_stm32f10x_cl.o(RESET) refers to startup_stm32f10x_cl.o(.text) for Reset_Handler
    startup_stm32f10x_cl.o(RESET) refers to stm32f1xx_it.o(i.NMI_Handler) for NMI_Handler
    startup_stm32f10x_cl.o(RESET) refers to stm32f1xx_it.o(i.HardFault_Handler) for HardFault_Handler
    startup_stm32f10x_cl.o(RESET) refers to stm32f1xx_it.o(i.MemManage_Handler) for MemManage_Handler
    startup_stm32f10x_cl.o(RESET) refers to stm32f1xx_it.o(i.BusFault_Handler) for BusFault_Handler
    startup_stm32f10x_cl.o(RESET) refers to stm32f1xx_it.o(i.UsageFault_Handler) for UsageFault_Handler
    startup_stm32f10x_cl.o(RESET) refers to stm32f1xx_it.o(i.SVC_Handler) for SVC_Handler
    startup_stm32f10x_cl.o(RESET) refers to stm32f1xx_it.o(i.DebugMon_Handler) for DebugMon_Handler
    startup_stm32f10x_cl.o(RESET) refers to stm32f1xx_it.o(i.PendSV_Handler) for PendSV_Handler
    startup_stm32f10x_cl.o(RESET) refers to stm32f1xx_it.o(i.SysTick_Handler) for SysTick_Handler
    startup_stm32f10x_cl.o(RESET) refers to stm32f1xx_it.o(i.USART1_IRQHandler) for USART1_IRQHandler
    startup_stm32f10x_cl.o(.text) refers to system_stm32f1xx.o(i.SystemInit) for SystemInit
    startup_stm32f10x_cl.o(.text) refers to entry.o(.ARM.Collect$$$$00000000) for __main
    bm1366.o(i._send_packet) refers to memmovea.o(.text) for __aeabi_memcpy
    bm1366.o(i._send_packet) refers to bm1366.o(i.bm1366_crc16) for bm1366_crc16
    bm1366.o(i._send_packet) refers to bm1366.o(i.bm1366_crc5) for bm1366_crc5
    bm1366.o(i._send_packet) refers to bm1366.o(i.bm1366_uart_send) for bm1366_uart_send
    bm1366.o(i.bm1366_count_chips) refers to stm32f1xx_hal.o(i.HAL_GetTick) for HAL_GetTick
    bm1366.o(i.bm1366_count_chips) refers to bm1366.o(i.uart_rb_get) for uart_rb_get
    bm1366.o(i.bm1366_count_chips) refers to bm1366.o(i.bm1366_crc5) for bm1366_crc5
    bm1366.o(i.bm1366_count_chips) refers to printf8.o(i.__0printf$8) for __2printf
    bm1366.o(i.bm1366_count_chips) refers to bm1366.o(.data) for .data
    bm1366.o(i.bm1366_frequency_transition) refers to bm1366.o(i.bm1366_pll_calc) for bm1366_pll_calc
    bm1366.o(i.bm1366_frequency_transition) refers to fadd.o(.text) for __aeabi_fsub
    bm1366.o(i.bm1366_frequency_transition) refers to cfrcmple.o(.text) for __aeabi_cfrcmple
    bm1366.o(i.bm1366_frequency_transition) refers to fdiv.o(.text) for __aeabi_fdiv
    bm1366.o(i.bm1366_frequency_transition) refers to ffixi.o(.text) for __aeabi_f2iz
    bm1366.o(i.bm1366_frequency_transition) refers to fflti.o(.text) for __aeabi_i2f
    bm1366.o(i.bm1366_frequency_transition) refers to fmul.o(.text) for __aeabi_fmul
    bm1366.o(i.bm1366_frequency_transition) refers to bm1366.o(i.bm1366_set_frequency) for bm1366_set_frequency
    bm1366.o(i.bm1366_frequency_transition) refers to stm32f1xx_hal.o(i.HAL_GetTick) for HAL_GetTick
    bm1366.o(i.bm1366_get_address_interval) refers to bm1366.o(.data) for .data
    bm1366.o(i.bm1366_get_bad_crc) refers to bm1366.o(.data) for .data
    bm1366.o(i.bm1366_get_bad_preamble) refers to bm1366.o(.data) for .data
    bm1366.o(i.bm1366_get_chip_count) refers to bm1366.o(.data) for .data
    bm1366.o(i.bm1366_get_rx_total) refers to bm1366.o(.data) for .data
    bm1366.o(i.bm1366_init_chips) refers to stm32f1xx_hal_gpio.o(i.HAL_GPIO_Init) for HAL_GPIO_Init
    bm1366.o(i.bm1366_init_chips) refers to printf8.o(i.__0printf$8) for __2printf
    bm1366.o(i.bm1366_init_chips) refers to stm32f1xx_hal_gpio.o(i.HAL_GPIO_WritePin) for HAL_GPIO_WritePin
    bm1366.o(i.bm1366_init_chips) refers to stm32f1xx_hal.o(i.HAL_Delay) for HAL_Delay
    bm1366.o(i.bm1366_init_chips) refers to bm1366.o(i.bm1366_set_version_mask) for bm1366_set_version_mask
    bm1366.o(i.bm1366_init_chips) refers to bm1366.o(i.bm1366_send_raw) for bm1366_send_raw
    bm1366.o(i.bm1366_init_chips) refers to bm1366.o(i.bm1366_count_chips) for bm1366_count_chips
    bm1366.o(i.bm1366_init_chips) refers to bm1366.o(i.bm1366_send_cmd) for bm1366_send_cmd
    bm1366.o(i.bm1366_init_chips) refers to bm1366.o(i.bm1366_set_difficulty_mask) for bm1366_set_difficulty_mask
    bm1366.o(i.bm1366_init_chips) refers to bm1366.o(i.bm1366_set_frequency) for bm1366_set_frequency
    bm1366.o(i.bm1366_init_chips) refers to bm1366.o(i.bm1366_set_nonce_space) for bm1366_set_nonce_space
    bm1366.o(i.bm1366_init_chips) refers to bm1366.o(.data) for .data
    bm1366.o(i.bm1366_pll_calc) refers to ffltui.o(.text) for __aeabi_ui2f
    bm1366.o(i.bm1366_pll_calc) refers to fmul.o(.text) for __aeabi_fmul
    bm1366.o(i.bm1366_pll_calc) refers to fdiv.o(.text) for __aeabi_fdiv
    bm1366.o(i.bm1366_pll_calc) refers to fadd.o(.text) for __aeabi_fsub
[...]
    EXTI4_IRQHandler                         0x08000183   Thumb Code     0  startup_stm32f10x_cl.o(.text)
    EXTI9_5_IRQHandler                       0x08000183   Thumb Code     0  startup_stm32f10x_cl.o(.text)
    FLASH_IRQHandler                         0x08000183   Thumb Code     0  startup_stm32f10x_cl.o(.text)
    I2C1_ER_IRQHandler                       0x08000183   Thumb Code     0  startup_stm32f10x_cl.o(.text)
    I2C1_EV_IRQHandler                       0x08000183   Thumb Code     0  startup_stm32f10x_cl.o(.text)
    I2C2_ER_IRQHandler                       0x08000183   Thumb Code     0  startup_stm32f10x_cl.o(.text)
    I2C2_EV_IRQHandler                       0x08000183   Thumb Code     0  startup_stm32f10x_cl.o(.text)
    OTG_FS_IRQHandler                        0x08000183   Thumb Code     0  startup_stm32f10x_cl.o(.text)
    OTG_FS_WKUP_IRQHandler                   0x08000183   Thumb Code     0  startup_stm32f10x_cl.o(.text)
    PVD_IRQHandler                           0x08000183   Thumb Code     0  startup_stm32f10x_cl.o(.text)
    RCC_IRQHandler                           0x08000183   Thumb Code     0  startup_stm32f10x_cl.o(.text)
    RTCAlarm_IRQHandler                      0x08000183   Thumb Code     0  startup_stm32f10x_cl.o(.text)
    RTC_IRQHandler                           0x08000183   Thumb Code     0  startup_stm32f10x_cl.o(.text)
    SPI1_IRQHandler                          0x08000183   Thumb Code     0  startup_stm32f10x_cl.o(.text)
    SPI2_IRQHandler                          0x08000183   Thumb Code     0  startup_stm32f10x_cl.o(.text)
    SPI3_IRQHandler                          0x08000183   Thumb Code     0  startup_stm32f10x_cl.o(.text)
    TAMPER_IRQHandler                        0x08000183   Thumb Code     0  startup_stm32f10x_cl.o(.text)
    TIM1_BRK_IRQHandler                      0x08000183   Thumb Code     0  startup_stm32f10x_cl.o(.text)
    TIM1_CC_IRQHandler                       0x08000183   Thumb Code     0  startup_stm32f10x_cl.o(.text)
    TIM1_TRG_COM_IRQHandler                  0x08000183   Thumb Code     0  startup_stm32f10x_cl.o(.text)
    TIM1_UP_IRQHandler                       0x08000183   Thumb Code     0  startup_stm32f10x_cl.o(.text)
    TIM2_IRQHandler                          0x08000183   Thumb Code     0  startup_stm32f10x_cl.o(.text)
    TIM3_IRQHandler                          0x08000183   Thumb Code     0  startup_stm32f10x_cl.o(.text)
    TIM4_IRQHandler                          0x08000183   Thumb Code     0  startup_stm32f10x_cl.o(.text)
    TIM5_IRQHandler                          0x08000183   Thumb Code     0  startup_stm32f10x_cl.o(.text)
    TIM6_IRQHandler                          0x08000183   Thumb Code     0  startup_stm32f10x_cl.o(.text)
    TIM7_IRQHandler                          0x08000183   Thumb Code     0  startup_stm32f10x_cl.o(.text)
    UART4_IRQHandler                         0x08000183   Thumb Code     0  startup_stm32f10x_cl.o(.text)
    UART5_IRQHandler                         0x08000183   Thumb Code     0  startup_stm32f10x_cl.o(.text)
    USART2_IRQHandler                        0x08000183   Thumb Code     0  startup_stm32f10x_cl.o(.text)
    USART3_IRQHandler                        0x08000183   Thumb Code     0  startup_stm32f10x_cl.o(.text)
    WWDG_IRQHandler                          0x08000183   Thumb Code     0  startup_stm32f10x_cl.o(.text)
    __aeabi_uldivmod                         0x0800018d   Thumb Code    98  uldiv.o(.text)
    __aeabi_llsr                             0x080001ef   Thumb Code    32  llushr.o(.text)
    _ll_ushift_r                             0x080001ef   Thumb Code     0  llushr.o(.text)
    ___aeabi_memcpy8$move                    0x0800020f   Thumb Code     0  memmovea.o(.text)
    __aeabi_memcpy                           0x0800020f   Thumb Code    64  memmovea.o(.text)
    __aeabi_memcpy4                          0x0800020f   Thumb Code     0  memmovea.o(.text)
    __aeabi_memmove                          0x0800020f   Thumb Code     0  memmovea.o(.text)
    __aeabi_memmove4                         0x0800020f   Thumb Code     0  memmovea.o(.text)
    __aeabi_memmove8                         0x0800020f   Thumb Code     0  memmovea.o(.text)
    __aeabi_memset                           0x0800024f   Thumb Code    14  memseta.o(.text)
    __aeabi_memset4                          0x0800024f   Thumb Code     0  memseta.o(.text)
    __aeabi_memset8                          0x0800024f   Thumb Code     0  memseta.o(.text)
    __aeabi_memclr                           0x0800025d   Thumb Code     4  memseta.o(.text)
    __aeabi_memclr4                          0x0800025d   Thumb Code     0  memseta.o(.text)
    __aeabi_memclr8                          0x0800025d   Thumb Code     0  memseta.o(.text)
    _memset$wrapper                          0x08000261   Thumb Code    18  memseta.o(.text)
    strlen                                   0x08000273   Thumb Code    14  strlen.o(.text)
    memcmp                                   0x08000281   Thumb Code    26  memcmp.o(.text)
    __aeabi_fadd                             0x0800029b   Thumb Code   164  fadd.o(.text)
    __aeabi_fsub                             0x0800033f   Thumb Code     6  fadd.o(.text)
    __aeabi_frsub                            0x08000345   Thumb Code     6  fadd.o(.text)
    __aeabi_fmul                             0x0800034b   Thumb Code   100  fmul.o(.text)
    __aeabi_fdiv                             0x080003af   Thumb Code   124  fdiv.o(.text)
    __aeabi_dmul                             0x0800042b   Thumb Code   228  dmul.o(.text)
    __aeabi_ddiv                             0x0800050f   Thumb Code   222  ddiv.o(.text)
    __ARM_scalbn                             0x080005ed   Thumb Code    46  dscalb.o(.text)
    scalbn                                   0x080005ed   Thumb Code     0  dscalb.o(.text)
    __aeabi_ui2f                             0x0800061b   Thumb Code    10  ffltui.o(.text)
    __aeabi_d2uiz                            0x08000625   Thumb Code    50  dfixui.o(.text)
    __aeabi_f2d                              0x08000657   Thumb Code    38  f2d.o(.text)
    __aeabi_cfcmpeq                          0x0800067d   Thumb Code     0  cfcmple.o(.text)
    __aeabi_cfcmple                          0x0800067d   Thumb Code    20  cfcmple.o(.text)
    __aeabi_llsl                             0x08000691   Thumb Code    30  llshl.o(.text)
    _ll_shift_l                              0x08000691   Thumb Code     0  llshl.o(.text)
    __I$use$fp                               0x080006af   Thumb Code     0  iusefp.o(.text)
    _float_round                             0x080006af   Thumb Code    18  fepilogue.o(.text)
    _float_epilogue                          0x080006c1   Thumb Code    92  fepilogue.o(.text)
    _double_round                            0x0800071d   Thumb Code    30  depilogue.o(.text)
    _double_epilogue                         0x0800073b   Thumb Code   156  depilogue.o(.text)
    __scatterload                            0x080007d9   Thumb Code    28  init.o(.text)
    __scatterload_rt2                        0x080007d9   Thumb Code     0  init.o(.text)
    __decompress                             0x080007fd   Thumb Code     0  __dczerorl.o(.text)
    __decompress0                            0x080007fd   Thumb Code    58  __dczerorl.o(.text)
    BusFault_Handler                         0x08000837   Thumb Code     2  stm32f1xx_it.o(i.BusFault_Handler)
    DebugMon_Handler                         0x08000839   Thumb Code     2  stm32f1xx_it.o(i.DebugMon_Handler)
    ETH_DMATransmissionRequest               0x0800083d   Thumb Code    14  lwip_eth.o(i.ETH_DMATransmissionRequest)
    ETH_DMA_Init                             0x08000851   Thumb Code   206  lwip_eth.o(i.ETH_DMA_Init)
    ETH_GetRxPktSize                         0x0800096d   Thumb Code    30  lwip_eth.o(i.ETH_GetRxPktSize)
    ETH_MAC_Init                             0x08000b3d   Thumb Code    46  lwip_eth.o(i.ETH_MAC_Init)
    ETH_ReadPHYRegister                      0x08000b79   Thumb Code    72  lwip_eth.o(i.ETH_ReadPHYRegister)
    ETH_ReleaseRxDesc                        0x08000bc9   Thumb Code    18  lwip_eth.o(i.ETH_ReleaseRxDesc)
    ETH_WritePHYRegister                     0x08000bdd   Thumb Code    66  lwip_eth.o(i.ETH_WritePHYRegister)
    HAL_Delay                                0x08000c29   Thumb Code    34  stm32f1xx_hal.o(i.HAL_Delay)
    HAL_ETH_Init                             0x08000c51   Thumb Code   510  stm32f1xx_hal_eth.o(i.HAL_ETH_Init)
    HAL_ETH_MspInit                          0x08000e65   Thumb Code   236  stm32f1xx_hal_msp.o(i.HAL_ETH_MspInit)
    HAL_ETH_ReadPHYRegister                  0x08000f6d   Thumb Code   140  stm32f1xx_hal_eth.o(i.HAL_ETH_ReadPHYRegister)
    HAL_ETH_WritePHYRegister                 0x08000ff9   Thumb Code   132  stm32f1xx_hal_eth.o(i.HAL_ETH_WritePHYRegister)
    HAL_GPIO_Init                            0x0800107d   Thumb Code   496  stm32f1xx_hal_gpio.o(i.HAL_GPIO_Init)
    HAL_GPIO_TogglePin                       0x08001279   Thumb Code    16  stm32f1xx_hal_gpio.o(i.HAL_GPIO_TogglePin)
    HAL_GPIO_WritePin                        0x08001289   Thumb Code    14  stm32f1xx_hal_gpio.o(i.HAL_GPIO_WritePin)
    HAL_GetTick                              0x08001299   Thumb Code     6  stm32f1xx_hal.o(i.HAL_GetTick)
    HAL_I2C_Init                             0x080012a5   Thumb Code   410  stm32f1xx_hal_i2c.o(i.HAL_I2C_Init)
    HAL_I2C_IsDeviceReady                    0x08001451   Thumb Code   384  stm32f1xx_hal_i2c.o(i.HAL_I2C_IsDeviceReady)
    HAL_I2C_Mem_Read                         0x080015d9   Thumb Code   794  stm32f1xx_hal_i2c.o(i.HAL_I2C_Mem_Read)
    HAL_I2C_Mem_Write                        0x08001905   Thumb Code   362  stm32f1xx_hal_i2c.o(i.HAL_I2C_Mem_Write)
    HAL_I2C_MspInit                          0x08001a79   Thumb Code    80  stm32f1xx_hal_msp.o(i.HAL_I2C_MspInit)
    HAL_IncTick                              0x08001ad5   Thumb Code    12  stm32f1xx_hal.o(i.HAL_IncTick)
    HAL_Init                                 0x08001ae5   Thumb Code    32  stm32f1xx_hal.o(i.HAL_Init)
    HAL_InitTick                             0x08001b09   Thumb Code    58  stm32f1xx_hal.o(i.HAL_InitTick)
    HAL_MspInit                              0x08001b4d   Thumb Code    52  stm32f1xx_hal_msp.o(i.HAL_MspInit)
    HAL_NVIC_EnableIRQ                       0x08001b89   Thumb Code    28  stm32f1xx_hal_cortex.o(i.HAL_NVIC_EnableIRQ)
    HAL_NVIC_SetPriority                     0x08001ba5   Thumb Code    98  stm32f1xx_hal_cortex.o(i.HAL_NVIC_SetPriority)
    HAL_NVIC_SetPriorityGrouping             0x08001c0d   Thumb Code    30  stm32f1xx_hal_cortex.o(i.HAL_NVIC_SetPriorityGrouping)
    HAL_RCC_ClockConfig                      0x08001c31   Thumb Code   364  stm32f1xx_hal_rcc.o(i.HAL_RCC_ClockConfig)
    HAL_RCC_GetHCLKFreq                      0x08001db1   Thumb Code     6  stm32f1xx_hal_rcc.o(i.HAL_RCC_GetHCLKFreq)
    HAL_RCC_GetPCLK1Freq                     0x08001dbd   Thumb Code    22  stm32f1xx_hal_rcc.o(i.HAL_RCC_GetPCLK1Freq)
    HAL_RCC_GetPCLK2Freq                     0x08001ddd   Thumb Code    22  stm32f1xx_hal_rcc.o(i.HAL_RCC_GetPCLK2Freq)
    HAL_RCC_GetSysClockFreq                  0x08001dfd   Thumb Code   138  stm32f1xx_hal_rcc.o(i.HAL_RCC_GetSysClockFreq)
    HAL_RCC_MCOConfig                        0x08001e9d   Thumb Code    64  stm32f1xx_hal_rcc.o(i.HAL_RCC_MCOConfig)
    HAL_RCC_OscConfig                        0x08001ee5   Thumb Code  1294  stm32f1xx_hal_rcc.o(i.HAL_RCC_OscConfig)
    HAL_SYSTICK_Config                       0x080023f5   Thumb Code    36  stm32f1xx_hal_cortex.o(i.HAL_SYSTICK_Config)
    HAL_UART_Init                            0x0800241d   Thumb Code   102  stm32f1xx_hal_uart.o(i.HAL_UART_Init)
    HAL_UART_MspInit                         0x08002485   Thumb Code   186  stm32f1xx_hal_msp.o(i.HAL_UART_MspInit)
    HAL_UART_Transmit                        0x08002559   Thumb Code   184  stm32f1xx_hal_uart.o(i.HAL_UART_Transmit)
    HardFault_Handler                        0x08002611   Thumb Code     2  stm32f1xx_it.o(i.HardFault_Handler)
    MemManage_Handler                        0x08002d11   Thumb Code     2  stm32f1xx_it.o(i.MemManage_Handler)
    NMI_Handler                              0x08002d13   Thumb Code     2  stm32f1xx_it.o(i.NMI_Handler)
    PendSV_Handler                           0x08002d15   Thumb Code     2  stm32f1xx_it.o(i.PendSV_Handler)
    SVC_Handler                              0x08002d3d   Thumb Code     2  stm32f1xx_it.o(i.SVC_Handler)
    SysTick_Handler                          0x08002d41   Thumb Code    16  stm32f1xx_it.o(i.SysTick_Handler)
    SystemClock_Config                       0x08002d55   Thumb Code   150  main.o(i.SystemClock_Config)
    SystemInit                               0x08002df5   Thumb Code     2  system_stm32f1xx.o(i.SystemInit)
    USART1_IRQHandler                        0x08002f9b   Thumb Code     4  stm32f1xx_it.o(i.USART1_IRQHandler)
    UsageFault_Handler                       0x08002f9f   Thumb Code     2  stm32f1xx_it.o(i.UsageFault_Handler)
    __0printf$8                              0x08002fa1   Thumb Code    22  printf8.o(i.__0printf$8)
    __1printf$8                              0x08002fa1   Thumb Code     0  printf8.o(i.__0printf$8)
    __2printf                                0x08002fa1   Thumb Code     0  printf8.o(i.__0printf$8)
    __0snprintf$8                            0x08002fc1   Thumb Code    48  printf8.o(i.__0snprintf$8)
    __1snprintf$8                            0x08002fc1   Thumb Code     0  printf8.o(i.__0snprintf$8)
    __2snprintf                              0x08002fc1   Thumb Code     0  printf8.o(i.__0snprintf$8)
    __scatterload_copy                       0x08002ff5   Thumb Code    14  handlers.o(i.__scatterload_copy)
    __scatterload_null                       0x08003003   Thumb Code     2  handlers.o(i.__scatterload_null)
    __scatterload_zeroinit                   0x08003005   Thumb Code    14  handlers.o(i.__scatterload_zeroinit)
    bm1366_count_chips                       0x080034f5   Thumb Code   256  bm1366.o(i.bm1366_count_chips)
    bm1366_crc16                             0x08003645   Thumb Code    60  bm1366.o(i.bm1366_crc16)
    bm1366_crc5                              0x08003681   Thumb Code    54  bm1366.o(i.bm1366_crc5)
    bm1366_get_address_interval              0x080036b9   Thumb Code     6  bm1366.o(i.bm1366_get_address_interval)
    bm1366_get_bad_crc                       0x080036c5   Thumb Code     6  bm1366.o(i.bm1366_get_bad_crc)
    bm1366_get_bad_preamble                  0x080036d1   Thumb Code     6  bm1366.o(i.bm1366_get_bad_preamble)
    bm1366_get_chip_count                    0x080036dd   Thumb Code     6  bm1366.o(i.bm1366_get_chip_count)
    bm1366_get_rx_total                      0x080036e9   Thumb Code     6  bm1366.o(i.bm1366_get_rx_total)
    bm1366_init_chips                        0x080036f5   Thumb Code   516  bm1366.o(i.bm1366_init_chips)
    bm1366_pll_calc                          0x080039d1   Thumb Code   192  bm1366.o(i.bm1366_pll_calc)
    bm1366_read_result                       0x08003a99   Thumb Code   162  bm1366.o(i.bm1366_read_result)
    bm1366_send_cmd                          0x08003b45   Thumb Code     6  bm1366.o(i.bm1366_send_cmd)
    bm1366_send_job                          0x08003b4b   Thumb Code    96  bm1366.o(i.bm1366_send_job)
    bm1366_send_raw                          0x08003bad   Thumb Code    50  bm1366.o(i.bm1366_send_raw)
    bm1366_set_difficulty_mask               0x08003bfd   Thumb Code    78  bm1366.o(i.bm1366_set_difficulty_mask)
    bm1366_set_frequency                     0x08003c4d   Thumb Code   108  bm1366.o(i.bm1366_set_frequency)
    bm1366_set_nonce_space                   0x08003cc1   Thumb Code   154  bm1366.o(i.bm1366_set_nonce_space)
    bm1366_set_version_mask                  0x08003d69   Thumb Code    36  bm1366.o(i.bm1366_set_version_mask)
    bm1366_uart_init                         0x08003d95   Thumb Code    34  bm1366.o(i.bm1366_uart_init)
    bm1366_uart_isr_handler                  0x08003dbd   Thumb Code    86  bm1366.o(i.bm1366_uart_isr_handler)
    bm1366_uart_recv                         0x08003e21   Thumb Code    32  bm1366.o(i.bm1366_uart_recv)
    bm1366_uart_send                         0x08003e41   Thumb Code    36  bm1366.o(i.bm1366_uart_send)
    dhcp_coarse_tmr                          0x0800411d   Thumb Code   168  dhcp.o(i.dhcp_coarse_tmr)
    dhcp_fine_tmr                            0x080043ad   Thumb Code   110  dhcp.o(i.dhcp_fine_tmr)
    dhcp_network_changed_link_up             0x080044e1   Thumb Code    48  dhcp.o(i.dhcp_network_changed_link_up)
    dhcp_release_and_stop                    0x08004ab9   Thumb Code   188  dhcp.o(i.dhcp_release_and_stop)
    dhcp_renew                               0x08004b7d   Thumb Code   220  dhcp.o(i.dhcp_renew)
    dhcp_start                               0x08004dc5   Thumb Code   116  dhcp.o(i.dhcp_start)
    dhcp_supplied_address                    0x08004e39   Thumb Code    28  dhcp.o(i.dhcp_supplied_address)
    eth_connect                              0x08004e95   Thumb Code   172  eth_drv.o(i.eth_connect)
    eth_get_ip                               0x080053a1   Thumb Code    20  eth_drv.o(i.eth_get_ip)
    eth_has_ip                               0x080053b9   Thumb Code    12  eth_drv.o(i.eth_has_ip)
    eth_init                                 0x080053c9   Thumb Code   258  eth_drv.o(i.eth_init)
    eth_is_connected                         0x080055f9   Thumb Code     6  eth_drv.o(i.eth_is_connected)
    eth_link_status                          0x08005605   Thumb Code    16  eth_drv.o(i.eth_link_status)
    eth_netif_get_rx_count                   0x08005615   Thumb Code     6  eth_netif.o(i.eth_netif_get_rx_count)
    eth_netif_get_tx_count                   0x08005621   Thumb Code     6  eth_netif.o(i.eth_netif_get_tx_count)
    eth_netif_reset_counts                   0x0800562d   Thumb Code    10  eth_netif.o(i.eth_netif_reset_counts)
    eth_poll                                 0x0800563d   Thumb Code   184  eth_drv.o(i.eth_poll)
    eth_print_phy_status                     0x0800572d   Thumb Code   506  eth_drv.o(i.eth_print_phy_status)
    eth_recv                                 0x08005be9   Thumb Code    42  eth_drv.o(i.eth_recv)
    eth_send                                 0x08005c1d   Thumb Code    44  eth_drv.o(i.eth_send)
    etharp_input                             0x08005d61   Thumb Code   154  etharp.o(i.etharp_input)
    etharp_output                            0x08005dfd   Thumb Code   232  etharp.o(i.etharp_output)
    etharp_query                             0x08005f51   Thumb Code   242  etharp.o(i.etharp_query)
    etharp_request                           0x080060d9   Thumb Code     6  etharp.o(i.etharp_request)
    etharp_tmr                               0x08006105   Thumb Code    90  etharp.o(i.etharp_tmr)
    ethernet_input                           0x080061e9   Thumb Code   160  ethernet.o(i.ethernet_input)
    ethernet_output                          0x0800628d   Thumb Code    74  ethernet.o(i.ethernet_output)
    ethernetif_dma_init                      0x080062d9   Thumb Code    38  eth_netif.o(i.ethernetif_dma_init)
    ethernetif_init                          0x08006305   Thumb Code    40  eth_netif.o(i.ethernetif_init)
    ethernetif_input                         0x08006335   Thumb Code    30  eth_netif.o(i.ethernetif_input)
    ethernetif_set_link                      0x08006353   Thumb Code    10  eth_netif.o(i.ethernetif_set_link)
    fputc                                    0x0800635d   Thumb Code    20  debug_serial.o(i.fputc)
    free                                     0x08006375   Thumb Code    76  malloc.o(i.free)
    icmp_dest_unreach                        0x080063c5   Thumb Code     8  icmp.o(i.icmp_dest_unreach)
    icmp_input                               0x080063cd   Thumb Code   294  icmp.o(i.icmp_input)
    inet_chksum                              0x08006581   Thumb Code    12  inet_chksum.o(i.inet_chksum)
    inet_chksum_pbuf                         0x0800658d   Thumb Code    74  inet_chksum.o(i.inet_chksum_pbuf)
    inet_chksum_pseudo                       0x080065d7   Thumb Code    40  inet_chksum.o(i.inet_chksum_pseudo)
    ip4_addr_isbroadcast_u32                 0x0800666b   Thumb Code    46  ip4_addr.o(i.ip4_addr_isbroadcast_u32)
    ip4_input                                0x08006699   Thumb Code   392  ip4.o(i.ip4_input)
    ip4_output_if                            0x08006855   Thumb Code    30  ip4.o(i.ip4_output_if)
    ip4_output_if_src                        0x08006875   Thumb Code   198  ip4.o(i.ip4_output_if_src)
    ip4_route                                0x08006945   Thumb Code    86  ip4.o(i.ip4_route)
    ip_chksum_pseudo                         0x080069a5   Thumb Code    12  inet_chksum.o(i.ip_chksum_pseudo)
    lwip_htonl                               0x08006c5d   Thumb Code     4  def.o(i.lwip_htonl)
    lwip_htons                               0x08006c61   Thumb Code     4  def.o(i.lwip_htons)
    lwip_init                                0x08006c65   Thumb Code    30  init.o(i.lwip_init)
    lwip_standard_chksum                     0x08006c85   Thumb Code    88  inet_chksum.o(i.lwip_standard_chksum)
    main                                     0x08006cdd   Thumb Code  2370  main.o(i.main)
    malloc                                   0x080076bd   Thumb Code    92  malloc.o(i.malloc)
    mem_free                                 0x08007729   Thumb Code     4  mem.o(i.mem_free)
    mem_init                                 0x0800772d   Thumb Code     2  mem.o(i.mem_init)
    mem_malloc                               0x0800772f   Thumb Code    22  mem.o(i.mem_malloc)
    mem_trim                                 0x08007745   Thumb Code     2  mem.o(i.mem_trim)
    memp_free                                0x08007749   Thumb Code    20  memp.o(i.memp_free)
    memp_init                                0x08007761   Thumb Code    26  memp.o(i.memp_init)
    memp_init_pool                           0x08007781   Thumb Code    36  memp.o(i.memp_init_pool)
    memp_malloc                              0x080077a5   Thumb Code    18  memp.o(i.memp_malloc)
    netif_add                                0x080077bd   Thumb Code   156  netif.o(i.netif_add)
    netif_get_by_index                       0x080078e1   Thumb Code    34  netif.o(i.netif_get_by_index)
    netif_init                               0x08007909   Thumb Code     2  netif.o(i.netif_init)
    netif_set_addr                           0x08007935   Thumb Code    90  netif.o(i.netif_set_addr)
    netif_set_default                        0x08007995   Thumb Code     6  netif.o(i.netif_set_default)
    netif_set_link_down                      0x080079a1   Thumb Code    22  netif.o(i.netif_set_link_down)
    netif_set_link_up                        0x080079b7   Thumb Code    42  netif.o(i.netif_set_link_up)
    netif_set_up                             0x080079e1   Thumb Code    28  netif.o(i.netif_set_up)
    pbuf_add_header                          0x08007a17   Thumb Code     6  pbuf.o(i.pbuf_add_header)
    pbuf_alloc                               0x08007a65   Thumb Code   202  pbuf.o(i.pbuf_alloc)
    pbuf_alloc_reference                     0x08007b35   Thumb Code    46  pbuf.o(i.pbuf_alloc_reference)
    pbuf_cat                                 0x08007b63   Thumb Code    40  pbuf.o(i.pbuf_cat)
    pbuf_chain                               0x08007b8b   Thumb Code    18  pbuf.o(i.pbuf_chain)
    pbuf_clen                                0x08007b9d   Thumb Code    18  pbuf.o(i.pbuf_clen)
    pbuf_clone                               0x08007baf   Thumb Code    30  pbuf.o(i.pbuf_clone)
    pbuf_copy                                0x08007bcd   Thumb Code    16  pbuf.o(i.pbuf_copy)
    pbuf_copy_partial                        0x08007bdd   Thumb Code   102  pbuf.o(i.pbuf_copy_partial)
    pbuf_copy_partial_pbuf                   0x08007c43   Thumb Code   176  pbuf.o(i.pbuf_copy_partial_pbuf)
    pbuf_free                                0x08007cf3   Thumb Code    86  pbuf.o(i.pbuf_free)
    pbuf_free_ooseq                          0x08007d49   Thumb Code    42  pbuf.o(i.pbuf_free_ooseq)
    pbuf_header_force                        0x08007d7d   Thumb Code     6  pbuf.o(i.pbuf_header_force)
    pbuf_realloc                             0x08007dad   Thumb Code    78  pbuf.o(i.pbuf_realloc)
    pbuf_ref                                 0x08007dfb   Thumb Code    26  pbuf.o(i.pbuf_ref)
    pbuf_remove_header                       0x08007e15   Thumb Code    46  pbuf.o(i.pbuf_remove_header)
    protocol_decode_job                      0x08007f79   Thumb Code   170  protocol.o(i.protocol_decode_job)
    protocol_decode_latency                  0x08008023   Thumb Code    46  protocol.o(i.protocol_decode_latency)
    protocol_decode_setparams                0x08008051   Thumb Code    24  protocol.o(i.protocol_decode_setparams)
    protocol_decode_setpower                 0x08008069   Thumb Code    18  protocol.o(i.protocol_decode_setpower)
    protocol_encode_ack                      0x0800807b   Thumb Code    16  protocol.o(i.protocol_encode_ack)
    protocol_encode_error                    0x0800808b   Thumb Code    58  protocol.o(i.protocol_encode_error)
    protocol_encode_hello                    0x080080c5   Thumb Code    52  protocol.o(i.protocol_encode_hello)
    protocol_encode_latency                  0x080080f9   Thumb Code    28  protocol.o(i.protocol_encode_latency)
    protocol_encode_nonce                    0x08008115   Thumb Code    74  protocol.o(i.protocol_encode_nonce)
    protocol_encode_telemetry                0x08008165   Thumb Code   104  protocol.o(i.protocol_encode_telemetry)
    protocol_peek_frame                      0x080081cd   Thumb Code    68  protocol.o(i.protocol_peek_frame)
    sys_arch_protect                         0x080087a5   Thumb Code     4  sys_arch.o(i.sys_arch_protect)
    sys_arch_unprotect                       0x080087a9   Thumb Code     2  sys_arch.o(i.sys_arch_unprotect)
    sys_check_timeouts                       0x080087ad   Thumb Code    74  timeouts.o(i.sys_check_timeouts)
    sys_now                                  0x08008801   Thumb Code     4  sys_arch.o(i.sys_now)
    sys_timeout                              0x08008805   Thumb Code    26  timeouts.o(i.sys_timeout)
    sys_timeouts_init                        0x08008871   Thumb Code    30  timeouts.o(i.sys_timeouts_init)
    tcp_abandon                              0x08008899   Thumb Code   206  tcp.o(i.tcp_abandon)
    tcp_abort                                0x0800896d   Thumb Code     6  tcp.o(i.tcp_abort)
    tcp_alloc                                0x08008975   Thumb Code   292  tcp.o(i.tcp_alloc)
    tcp_bind                                 0x08008aa9   Thumb Code   136  tcp.o(i.tcp_bind)
    tcp_close                                0x08008d35   Thumb Code    28  tcp.o(i.tcp_close)
    tcp_connect                              0x08008ead   Thumb Code   250  tcp.o(i.tcp_connect)
    tcp_eff_send_mss_netif                   0x08009045   Thumb Code    30  tcp.o(i.tcp_eff_send_mss_netif)
    tcp_enqueue_flags                        0x08009063   Thumb Code   136  tcp_out.o(i.tcp_enqueue_flags)
    tcp_err                                  0x080090eb   Thumb Code    10  tcp.o(i.tcp_err)
    tcp_fasttmr                              0x080090f5   Thumb Code   102  tcp.o(i.tcp_fasttmr)
    tcp_free                                 0x08009161   Thumb Code     8  tcp.o(i.tcp_free)
    tcp_free_ooseq                           0x080091c9   Thumb Code    20  tcp.o(i.tcp_free_ooseq)
    tcp_init                                 0x08009205   Thumb Code    20  tcp.o(i.tcp_init)
    tcp_input                                0x0800921d   Thumb Code   942  tcp_in.o(i.tcp_input)
    tcp_keepalive                            0x08009625   Thumb Code    50  tcp_out.o(i.tcp_keepalive)
    tcp_netif_ip_addr_changed                0x0800979d   Thumb Code    70  tcp.o(i.tcp_netif_ip_addr_changed)
    tcp_new                                  0x0800980b   Thumb Code     6  tcp.o(i.tcp_new)
    tcp_next_iss                             0x08009871   Thumb Code    12  tcp.o(i.tcp_next_iss)
    tcp_output                               0x080098f5   Thumb Code   500  tcp_out.o(i.tcp_output)
    tcp_pcb_purge                            0x08009d89   Thumb Code    70  tcp.o(i.tcp_pcb_purge)
    tcp_pcb_remove                           0x08009dcf   Thumb Code    80  tcp.o(i.tcp_pcb_remove)
    tcp_poll                                 0x08009e1f   Thumb Code    12  tcp.o(i.tcp_poll)
    tcp_process_refused_data                 0x0800a1ad   Thumb Code   118  tcp.o(i.tcp_process_refused_data)
    tcp_recv                                 0x0800a879   Thumb Code    10  tcp.o(i.tcp_recv)
    tcp_recv_null                            0x0800a883   Thumb Code    44  tcp.o(i.tcp_recv_null)
    tcp_recved                               0x0800a8af   Thumb Code    64  tcp.o(i.tcp_recved)
    tcp_rexmit                               0x0800a8ef   Thumb Code   102  tcp_out.o(i.tcp_rexmit)
    tcp_rexmit_fast                          0x0800a955   Thumb Code    92  tcp_out.o(i.tcp_rexmit_fast)
    tcp_rexmit_rto                           0x0800a9b1   Thumb Code    24  tcp_out.o(i.tcp_rexmit_rto)
    tcp_rexmit_rto_commit                    0x0800a9c9   Thumb Code    18  tcp_out.o(i.tcp_rexmit_rto_commit)
    tcp_rexmit_rto_prepare                   0x0800a9db   Thumb Code   102  tcp_out.o(i.tcp_rexmit_rto_prepare)
    tcp_rst                                  0x0800aa51   Thumb Code    48  tcp_out.o(i.tcp_rst)
    tcp_rst_netif                            0x0800aab3   Thumb Code    46  tcp_out.o(i.tcp_rst_netif)
    tcp_seg_copy                             0x0800aae1   Thumb Code    40  tcp.o(i.tcp_seg_copy)
    tcp_seg_free                             0x0800ab09   Thumb Code    28  tcp.o(i.tcp_seg_free)
    tcp_segs_free                            0x0800ab25   Thumb Code    18  tcp.o(i.tcp_segs_free)
    tcp_send_empty_ack                       0x0800ab37   Thumb Code    70  tcp_out.o(i.tcp_send_empty_ack)
    tcp_send_fin                             0x0800ab7d   Thumb Code    68  tcp_out.o(i.tcp_send_fin)
    tcp_slowtmr                              0x0800abc1   Thumb Code   696  tcp.o(i.tcp_slowtmr)
    tcp_split_unsent_seg                     0x0800ae85   Thumb Code   280  tcp_out.o(i.tcp_split_unsent_seg)
    tcp_timer_needed                         0x0800af9d   Thumb Code    36  timeouts.o(i.tcp_timer_needed)
    tcp_tmr                                  0x0800b039   Thumb Code    28  tcp.o(i.tcp_tmr)
    tcp_trigger_input_pcb_close              0x0800b059   Thumb Code    12  tcp_in.o(i.tcp_trigger_input_pcb_close)
    tcp_update_rcv_ann_wnd                   0x0800b069   Thumb Code    46  tcp.o(i.tcp_update_rcv_ann_wnd)
    tcp_write                                0x0800b099   Thumb Code   848  tcp_out.o(i.tcp_write)
    tcp_zero_window_probe                    0x0800b3e9   Thumb Code   160  tcp_out.o(i.tcp_zero_window_probe)
    tmp1075_init                             0x0800b4c1   Thumb Code     8  tmp1075.o(i.tmp1075_init)
    tmp1075_probe                            0x0800b4c9   Thumb Code    48  tmp1075.o(i.tmp1075_probe)
    tmp1075_read_temperature                 0x0800b4f9   Thumb Code    90  tmp1075.o(i.tmp1075_read_temperature)
    tps546d24a_init                          0x0800b553   Thumb Code     8  tps546d24a.o(i.tps546d24a_init)
    tps546d24a_probe                         0x0800b55b   Thumb Code    32  tps546d24a.o(i.tps546d24a_probe)
    tps546d24a_read_telemetry                0x0800b57d   Thumb Code   256  tps546d24a.o(i.tps546d24a_read_telemetry)
    tps546d24a_set_enabled                   0x0800b681   Thumb Code    94  tps546d24a.o(i.tps546d24a_set_enabled)
    udp_bind                                 0x0800b70d   Thumb Code   174  udp.o(i.udp_bind)
    udp_connect                              0x0800b7c5   Thumb Code    76  udp.o(i.udp_connect)
    udp_init                                 0x0800b815   Thumb Code    20  udp.o(i.udp_init)
    udp_input                                0x0800b82d   Thumb Code   368  udp.o(i.udp_input)
    udp_netif_ip_addr_changed                0x0800b9a5   Thumb Code    48  udp.o(i.udp_netif_ip_addr_changed)
    udp_new                                  0x0800b9d9   Thumb Code    26  udp.o(i.udp_new)
    udp_recv                                 0x0800b9f3   Thumb Code    10  udp.o(i.udp_recv)
    udp_remove                               0x0800b9fd   Thumb Code    48  udp.o(i.udp_remove)
    udp_sendto_if                            0x0800ba31   Thumb Code    60  udp.o(i.udp_sendto_if)
    udp_sendto_if_src                        0x0800ba6d   Thumb Code   224  udp.o(i.udp_sendto_if_src)
    AHBPrescTable                            0x0800bbb6   Data          16  system_stm32f1xx.o(.constdata)
    APBPrescTable                            0x0800bbc6   Data           8  system_stm32f1xx.o(.constdata)
    memp_UDP_PCB                             0x0800bbd0   Data          12  memp.o(.constdata)
    memp_TCP_PCB                             0x0800bbdc   Data          12  memp.o(.constdata)
    memp_TCP_PCB_LISTEN                      0x0800bbe8   Data          12  memp.o(.constdata)
    memp_TCP_SEG                             0x0800bbf4   Data          12  memp.o(.constdata)
    memp_SYS_TIMEOUT                         0x0800bc00   Data          12  memp.o(.constdata)
    memp_PBUF                                0x0800bc0c   Data          12  memp.o(.constdata)
    memp_PBUF_POOL                           0x0800bc18   Data          12  memp.o(.constdata)
    memp_pools                               0x0800bc24   Data          28  memp.o(.constdata)
    lwip_cyclic_timers                       0x0800bc40   Data          32  timeouts.o(.constdata)
    tcp_pcb_lists                            0x0800bca4   Data          16  tcp.o(.constdata)
    ip_addr_any                              0x0800bcb4   Data           4  ip4_addr.o(.constdata)
    ip_addr_broadcast                        0x0800bcb8   Data           4  ip4_addr.o(.constdata)
    ethbroadcast                             0x0800bcbc   Data           6  ethernet.o(.constdata)
    ethzero                                  0x0800bcc2   Data           6  ethernet.o(.constdata)
    Region$$Table$$Base                      0x0800c064   Number         0  anon$$obj.o(Region$$Table)
    Region$$Table$$Limit                     0x0800c084   Number         0  anon$$obj.o(Region$$Table)
    g_ms                                     0x20000048   Data           4  main.o(.data)
    uwTickFreq                               0x200000a8   Data           1  stm32f1xx_hal.o(.data)
    uwTickPrio                               0x200000ac   Data           4  stm32f1xx_hal.o(.data)
    uwTick                                   0x200000b0   Data           4  stm32f1xx_hal.o(.data)
    SystemCoreClock                          0x200000b4   Data           4  system_stm32f1xx.o(.data)
    netif_list                               0x200000d8   Data           4  netif.o(.data)
    netif_default                            0x200000dc   Data           4  netif.o(.data)
    pbuf_free_ooseq_pending                  0x200000e0   Data           1  pbuf.o(.data)
    tcp_active_pcbs_changed                  0x200000f0   Data           1  tcp.o(.data)
    tcp_ticks                                0x200000fc   Data           4  tcp.o(.data)
    tcp_bound_pcbs                           0x20000100   Data           4  tcp.o(.data)
    tcp_listen_pcbs                          0x20000104   Data           4  tcp.o(.data)
    tcp_active_pcbs                          0x20000108   Data           4  tcp.o(.data)
    tcp_tw_pcbs                              0x2000010c   Data           4  tcp.o(.data)
    tcp_input_pcb                            0x20000130   Data           4  tcp_in.o(.data)
    udp_pcbs                                 0x20000138   Data           4  udp.o(.data)
    __stdout                                 0x20000168   Data           4  stdout.o(.data)
    __microlib_freelist                      0x2000016c   Data           4  mvars.o(.data)
    __microlib_freelist_initialised          0x20000170   Data           4  mvars.o(.data)
    heth                                     0x200015d0   Data          72  main.o(.bss)
    hi2c1                                    0x20001618   Data          84  main.o(.bss)
    huart1                                   0x2000166c   Data          72  main.o(.bss)
    huart2                                   0x200016b4   Data          72  main.o(.bss)
    memp_memory_UDP_PCB_base                 0x20001fe8   Data         128  memp.o(.bss)
    memp_memory_TCP_PCB_base                 0x20002068   Data         656  memp.o(.bss)
    memp_memory_TCP_PCB_LISTEN_base          0x200022f8   Data         224  memp.o(.bss)
    memp_memory_TCP_SEG_base                 0x200023d8   Data         256  memp.o(.bss)
    memp_memory_SYS_TIMEOUT_base             0x200024d8   Data          64  memp.o(.bss)
    memp_memory_PBUF_base                    0x20002518   Data         256  memp.o(.bss)
    memp_memory_PBUF_POOL_base               0x20002618   Data       12320  memp.o(.bss)
    ip_data                                  0x20005648   Data          24  ip.o(.bss)
    __heap_base                              0x20007530   Data           0  startup_stm32f10x_cl.o(HEAP)
    __heap_limit                             0x20007730   Data           0  startup_stm32f10x_cl.o(HEAP)
    __initial_sp                             0x20007b30   Data           0  startup_stm32f10x_cl.o(STACK)



==============================================================================

Memory Map of the image

  Image Entry point : 0x08000151

  Load Region LR_IROM1 (Base: 0x08000000, Size: 0x0000c1f8, Max: 0x00040000, ABSOLUTE, COMPRESSED[0x0000c0b8])

    Execution Region ER_IROM1 (Exec base: 0x08000000, Load base: 0x08000000, Size: 0x0000c084, Max: 0x00040000, ABSOLUTE)

    Exec Addr    Load Addr    Size         Type   Attr      Idx    E Section Name        Object

    0x08000000   0x08000000   0x00000150   Data   RO            3    RESET               startup_stm32f10x_cl.o
    0x08000150   0x08000150   0x00000000   Code   RO         5531  * .ARM.Collect$$$$00000000  mc_w.l(entry.o)
    0x08000150   0x08000150   0x00000004   Code   RO         5901    .ARM.Collect$$$$00000001  mc_w.l(entry2.o)
    0x08000154   0x08000154   0x00000004   Code   RO         5904    .ARM.Collect$$$$00000004  mc_w.l(entry5.o)
    0x08000158   0x08000158   0x00000000   Code   RO         5906    .ARM.Collect$$$$00000008  mc_w.l(entry7b.o)
    0x08000158   0x08000158   0x00000000   Code   RO         5908    .ARM.Collect$$$$0000000A  mc_w.l(entry8b.o)
    0x08000158   0x08000158   0x00000008   Code   RO         5909    .ARM.Collect$$$$0000000B  mc_w.l(entry9a.o)
    0x08000160   0x08000160   0x00000004   Code   RO         5916    .ARM.Collect$$$$0000000E  mc_w.l(entry12b.o)
    0x08000164   0x08000164   0x00000000   Code   RO         5911    .ARM.Collect$$$$0000000F  mc_w.l(entry10a.o)
    0x08000164   0x08000164   0x00000000   Code   RO         5913    .ARM.Collect$$$$00000011  mc_w.l(entry11a.o)
    0x08000164   0x08000164   0x00000004   Code   RO         5902    .ARM.Collect$$$$00002712  mc_w.l(entry2.o)
    0x08000168   0x08000168   0x00000024   Code   RO            4    .text               startup_stm32f10x_cl.o
    0x0800018c   0x0800018c   0x00000062   Code   RO         5534    .text               mc_w.l(uldiv.o)
    0x080001ee   0x080001ee   0x00000020   Code   RO         5536    .text               mc_w.l(llushr.o)
    0x0800020e   0x0800020e   0x00000040   Code   RO         5568    .text               mc_w.l(memmovea.o)
    0x0800024e   0x0800024e   0x00000024   Code   RO         5570    .text               mc_w.l(memseta.o)
    0x08000272   0x08000272   0x0000000e   Code   RO         5572    .text               mc_w.l(strlen.o)
    0x08000280   0x08000280   0x0000001a   Code   RO         5574    .text               mc_w.l(memcmp.o)
    0x0800029a   0x0800029a   0x000000b0   Code   RO         5875    .text               mf_w.l(fadd.o)
    0x0800034a   0x0800034a   0x00000064   Code   RO         5877    .text               mf_w.l(fmul.o)
    0x080003ae   0x080003ae   0x0000007c   Code   RO         5879    .text               mf_w.l(fdiv.o)
    0x0800042a   0x0800042a   0x000000e4   Code   RO         5881    .text               mf_w.l(dmul.o)
    0x0800050e   0x0800050e   0x000000de   Code   RO         5883    .text               mf_w.l(ddiv.o)
    0x080005ec   0x080005ec   0x0000002e   Code   RO         5885    .text               mf_w.l(dscalb.o)
    0x0800061a   0x0800061a   0x0000000a   Code   RO         5889    .text               mf_w.l(ffltui.o)
    0x08000624   0x08000624   0x00000032   Code   RO         5893    .text               mf_w.l(dfixui.o)
    0x08000656   0x08000656   0x00000026   Code   RO         5895    .text               mf_w.l(f2d.o)
    0x0800067c   0x0800067c   0x00000014   Code   RO         5897    .text               mf_w.l(cfcmple.o)
    0x08000690   0x08000690   0x0000001e   Code   RO         5920    .text               mc_w.l(llshl.o)
    0x080006ae   0x080006ae   0x00000000   Code   RO         5933    .text               mc_w.l(iusefp.o)
    0x080006ae   0x080006ae   0x0000006e   Code   RO         5934    .text               mf_w.l(fepilogue.o)
    0x0800071c   0x0800071c   0x000000ba   Code   RO         5936    .text               mf_w.l(depilogue.o)
    0x080007d6   0x080007d6   0x00000002   PAD
    0x080007d8   0x080007d8   0x00000024   Code   RO         5944    .text               mc_w.l(init.o)
    0x080007fc   0x080007fc   0x0000003a   Code   RO         5960    .text               mc_w.l(__dczerorl.o)
    0x08000836   0x08000836   0x00000002   Code   RO         1016    i.BusFault_Handler  stm32f1xx_it.o
    0x08000838   0x08000838   0x00000002   Code   RO         1017    i.DebugMon_Handler  stm32f1xx_it.o
    0x0800083a   0x0800083a   0x00000002   PAD
    0x0800083c   0x0800083c   0x00000014   Code   RO          840    i.ETH_DMATransmissionRequest  lwip_eth.o
    0x08000850   0x08000850   0x0000011c   Code   RO          841    i.ETH_DMA_Init      lwip_eth.o
    0x0800096c   0x0800096c   0x0000001e   Code   RO          842    i.ETH_GetRxPktSize  lwip_eth.o
    0x0800098a   0x0800098a   0x0000002a   Code   RO         1203    i.ETH_MACAddressConfig  stm32f1xx_hal_eth.o
    0x080009b4   0x080009b4   0x00000188   Code   RO         1204    i.ETH_MACDMAConfig  stm32f1xx_hal_eth.o
    0x08000b3c   0x08000b3c   0x0000003c   Code   RO          844    i.ETH_MAC_Init      lwip_eth.o
    0x08000b78   0x08000b78   0x00000050   Code   RO          845    i.ETH_ReadPHYRegister  lwip_eth.o
    0x08000bc8   0x08000bc8   0x00000012   Code   RO          846    i.ETH_ReleaseRxDesc  lwip_eth.o
    0x08000bda   0x08000bda   0x00000002   PAD
    0x08000bdc   0x08000bdc   0x0000004c   Code   RO          848    i.ETH_WritePHYRegister  lwip_eth.o
    0x08000c28   0x08000c28   0x00000028   Code   RO         1402    i.HAL_Delay         stm32f1xx_hal.o
    0x08000c50   0x08000c50   0x00000214   Code   RO         1219    i.HAL_ETH_Init      stm32f1xx_hal_eth.o
    0x08000e64   0x08000e64   0x00000108   Code   RO         1102    i.HAL_ETH_MspInit   stm32f1xx_hal_msp.o
    0x08000f6c   0x08000f6c   0x0000008c   Code   RO         1222    i.HAL_ETH_ReadPHYRegister  stm32f1xx_hal_eth.o
    0x08000ff8   0x08000ff8   0x00000084   Code   RO         1228    i.HAL_ETH_WritePHYRegister  stm32f1xx_hal_eth.o
    0x0800107c   0x0800107c   0x000001fc   Code   RO         1741    i.HAL_GPIO_Init     stm32f1xx_hal_gpio.o
    0x08001278   0x08001278   0x00000010   Code   RO         1744    i.HAL_GPIO_TogglePin  stm32f1xx_hal_gpio.o
    0x08001288   0x08001288   0x0000000e   Code   RO         1745    i.HAL_GPIO_WritePin  stm32f1xx_hal_gpio.o
    0x08001296   0x08001296   0x00000002   PAD
    0x08001298   0x08001298   0x0000000c   Code   RO         1406    i.HAL_GetTick       stm32f1xx_hal.o
    0x080012a4   0x080012a4   0x000001ac   Code   RO         2428    i.HAL_I2C_Init      stm32f1xx_hal_i2c.o
    0x08001450   0x08001450   0x00000188   Code   RO         2429    i.HAL_I2C_IsDeviceReady  stm32f1xx_hal_i2c.o
    0x080015d8   0x080015d8   0x0000032c   Code   RO         2446    i.HAL_I2C_Mem_Read  stm32f1xx_hal_i2c.o
    0x08001904   0x08001904   0x00000174   Code   RO         2449    i.HAL_I2C_Mem_Write  stm32f1xx_hal_i2c.o
    0x08001a78   0x08001a78   0x0000005c   Code   RO         1104    i.HAL_I2C_MspInit   stm32f1xx_hal_msp.o
    0x08001ad4   0x08001ad4   0x00000010   Code   RO         1412    i.HAL_IncTick       stm32f1xx_hal.o
    0x08001ae4   0x08001ae4   0x00000024   Code   RO         1413    i.HAL_Init          stm32f1xx_hal.o
    0x08001b08   0x08001b08   0x00000044   Code   RO         1414    i.HAL_InitTick      stm32f1xx_hal.o
    0x08001b4c   0x08001b4c   0x0000003c   Code   RO         1105    i.HAL_MspInit       stm32f1xx_hal_msp.o
    0x08001b88   0x08001b88   0x0000001c   Code   RO         1901    i.HAL_NVIC_EnableIRQ  stm32f1xx_hal_cortex.o
    0x08001ba4   0x08001ba4   0x00000068   Code   RO         1907    i.HAL_NVIC_SetPriority  stm32f1xx_hal_cortex.o
    0x08001c0c   0x08001c0c   0x00000024   Code   RO         1908    i.HAL_NVIC_SetPriorityGrouping  stm32f1xx_hal_cortex.o
    0x08001c30   0x08001c30   0x00000180   Code   RO         1570    i.HAL_RCC_ClockConfig  stm32f1xx_hal_rcc.o
    0x08001db0   0x08001db0   0x0000000c   Code   RO         1575    i.HAL_RCC_GetHCLKFreq  stm32f1xx_hal_rcc.o
    0x08001dbc   0x08001dbc   0x00000020   Code   RO         1577    i.HAL_RCC_GetPCLK1Freq  stm32f1xx_hal_rcc.o
    0x08001ddc   0x08001ddc   0x00000020   Code   RO         1578    i.HAL_RCC_GetPCLK2Freq  stm32f1xx_hal_rcc.o
    0x08001dfc   0x08001dfc   0x000000a0   Code   RO         1579    i.HAL_RCC_GetSysClockFreq  stm32f1xx_hal_rcc.o
    0x08001e9c   0x08001e9c   0x00000048   Code   RO         1580    i.HAL_RCC_MCOConfig  stm32f1xx_hal_rcc.o
    0x08001ee4   0x08001ee4   0x0000050e   Code   RO         1582    i.HAL_RCC_OscConfig  stm32f1xx_hal_rcc.o
    0x080023f2   0x080023f2   0x00000002   PAD
    0x080023f4   0x080023f4   0x00000028   Code   RO         1912    i.HAL_SYSTICK_Config  stm32f1xx_hal_cortex.o
    0x0800241c   0x0800241c   0x00000066   Code   RO         2924    i.HAL_UART_Init     stm32f1xx_hal_uart.o
    0x08002482   0x08002482   0x00000002   PAD
    0x08002484   0x08002484   0x000000d4   Code   RO         1107    i.HAL_UART_MspInit  stm32f1xx_hal_msp.o
    0x08002558   0x08002558   0x000000b8   Code   RO         2932    i.HAL_UART_Transmit  stm32f1xx_hal_uart.o
    0x08002610   0x08002610   0x00000002   Code   RO         1018    i.HardFault_Handler  stm32f1xx_it.o
    0x08002612   0x08002612   0x00000032   Code   RO         2472    i.I2C_IsAcknowledgeFailed  stm32f1xx_hal_i2c.o
    0x08002644   0x08002644   0x00000154   Code   RO         2483    i.I2C_RequestMemoryRead  stm32f1xx_hal_i2c.o
    0x08002798   0x08002798   0x000000d0   Code   RO         2484    i.I2C_RequestMemoryWrite  stm32f1xx_hal_i2c.o
    0x08002868   0x08002868   0x00000066   Code   RO         2492    i.I2C_WaitOnBTFFlagUntilTimeout  stm32f1xx_hal_i2c.o
    0x080028ce   0x080028ce   0x000000ea   Code   RO         2493    i.I2C_WaitOnFlagUntilTimeout  stm32f1xx_hal_i2c.o
    0x080029b8   0x080029b8   0x000000ec   Code   RO         2494    i.I2C_WaitOnMasterAddressFlagUntilTimeout  stm32f1xx_hal_i2c.o
    0x08002aa4   0x08002aa4   0x00000086   Code   RO         2495    i.I2C_WaitOnRXNEFlagUntilTimeout  stm32f1xx_hal_i2c.o
    0x08002b2a   0x08002b2a   0x00000066   Code   RO         2498    i.I2C_WaitOnTXEFlagUntilTimeout  stm32f1xx_hal_i2c.o
    0x08002b90   0x08002b90   0x00000050   Code   RO          922    i.MX_ETH_Init       main.o
    0x08002be0   0x08002be0   0x000000bc   Code   RO          923    i.MX_GPIO_Init      main.o
    0x08002c9c   0x08002c9c   0x00000074   Code   RO          924    i.MX_GPIO_Init_Ext  main.o
    0x08002d10   0x08002d10   0x00000002   Code   RO         1019    i.MemManage_Handler  stm32f1xx_it.o
    0x08002d12   0x08002d12   0x00000002   Code   RO         1020    i.NMI_Handler       stm32f1xx_it.o
    0x08002d14   0x08002d14   0x00000002   Code   RO         1021    i.PendSV_Handler    stm32f1xx_it.o
    0x08002d16   0x08002d16   0x00000002   PAD
    0x08002d18   0x08002d18   0x00000024   Code   RO         1583    i.RCC_Delay         stm32f1xx_hal_rcc.o
    0x08002d3c   0x08002d3c   0x00000002   Code   RO         1022    i.SVC_Handler       stm32f1xx_it.o
    0x08002d3e   0x08002d3e   0x00000002   PAD
    0x08002d40   0x08002d40   0x00000014   Code   RO         1023    i.SysTick_Handler   stm32f1xx_it.o
    0x08002d54   0x08002d54   0x000000a0   Code   RO          925    i.SystemClock_Config  main.o
    0x08002df4   0x08002df4   0x00000002   Code   RO         3268    i.SystemInit        system_stm32f1xx.o
    0x08002df6   0x08002df6   0x0000004e   Code   RO         2947    i.UART_EndRxTransfer  stm32f1xx_hal_uart.o
    0x08002e44   0x08002e44   0x000000c8   Code   RO         2951    i.UART_SetConfig    stm32f1xx_hal_uart.o
    0x08002f0c   0x08002f0c   0x0000008e   Code   RO         2955    i.UART_WaitOnFlagUntilTimeout  stm32f1xx_hal_uart.o
    0x08002f9a   0x08002f9a   0x00000004   Code   RO         1024    i.USART1_IRQHandler  stm32f1xx_it.o
    0x08002f9e   0x08002f9e   0x00000002   Code   RO         1025    i.UsageFault_Handler  stm32f1xx_it.o
    0x08002fa0   0x08002fa0   0x00000020   Code   RO         5789    i.__0printf$8       mc_w.l(printf8.o)
    0x08002fc0   0x08002fc0   0x00000034   Code   RO         5790    i.__0snprintf$8     mc_w.l(printf8.o)
    0x08002ff4   0x08002ff4   0x0000000e   Code   RO         5954    i.__scatterload_copy  mc_w.l(handlers.o)
    0x08003002   0x08003002   0x00000002   Code   RO         5955    i.__scatterload_null  mc_w.l(handlers.o)
    0x08003004   0x08003004   0x0000000e   Code   RO         5956    i.__scatterload_zeroinit  mc_w.l(handlers.o)
    0x08003012   0x08003012   0x00000002   PAD
    0x08003014   0x08003014   0x00000404   Code   RO         5796    i._printf_core      mc_w.l(printf8.o)
    0x08003418   0x08003418   0x00000024   Code   RO         5797    i._printf_post_padding  mc_w.l(printf8.o)
    0x0800343c   0x0800343c   0x0000002e   Code   RO         5798    i._printf_pre_padding  mc_w.l(printf8.o)
    0x0800346a   0x0800346a   0x00000074   Code   RO           13    i._send_packet      bm1366.o
    0x080034de   0x080034de   0x00000016   Code   RO         5799    i._snputc           mc_w.l(printf8.o)
    0x080034f4   0x080034f4   0x00000150   Code   RO           14    i.bm1366_count_chips  bm1366.o
    0x08003644   0x08003644   0x0000003c   Code   RO           15    i.bm1366_crc16      bm1366.o
    0x08003680   0x08003680   0x00000036   Code   RO           16    i.bm1366_crc5       bm1366.o
    0x080036b6   0x080036b6   0x00000002   PAD
    0x080036b8   0x080036b8   0x0000000c   Code   RO           18    i.bm1366_get_address_interval  bm1366.o
    0x080036c4   0x080036c4   0x0000000c   Code   RO           19    i.bm1366_get_bad_crc  bm1366.o
    0x080036d0   0x080036d0   0x0000000c   Code   RO           20    i.bm1366_get_bad_preamble  bm1366.o
    0x080036dc   0x080036dc   0x0000000c   Code   RO           21    i.bm1366_get_chip_count  bm1366.o
    0x080036e8   0x080036e8   0x0000000c   Code   RO           22    i.bm1366_get_rx_total  bm1366.o
    0x080036f4   0x080036f4   0x000002dc   Code   RO           23    i.bm1366_init_chips  bm1366.o
    0x080039d0   0x080039d0   0x000000c8   Code   RO           24    i.bm1366_pll_calc   bm1366.o
    0x08003a98   0x08003a98   0x000000ac   Code   RO           26    i.bm1366_read_result  bm1366.o
    0x08003b44   0x08003b44   0x00000006   Code   RO           27    i.bm1366_send_cmd   bm1366.o
    0x08003b4a   0x08003b4a   0x00000060   Code   RO           28    i.bm1366_send_job   bm1366.o
    0x08003baa   0x08003baa   0x00000002   PAD
    0x08003bac   0x08003bac   0x00000050   Code   RO           29    i.bm1366_send_raw   bm1366.o
    0x08003bfc   0x08003bfc   0x0000004e   Code   RO           30    i.bm1366_set_difficulty_mask  bm1366.o
    0x08003c4a   0x08003c4a   0x00000002   PAD
    0x08003c4c   0x08003c4c   0x00000074   Code   RO           31    i.bm1366_set_frequency  bm1366.o
    0x08003cc0   0x08003cc0   0x000000a8   Code   RO           32    i.bm1366_set_nonce_space  bm1366.o
    0x08003d68   0x08003d68   0x0000002c   Code   RO           33    i.bm1366_set_version_mask  bm1366.o
    0x08003d94   0x08003d94   0x00000028   Code   RO           37    i.bm1366_uart_init  bm1366.o
    0x08003dbc   0x08003dbc   0x00000064   Code   RO           38    i.bm1366_uart_isr_handler  bm1366.o
    0x08003e20   0x08003e20   0x00000020   Code   RO           39    i.bm1366_uart_recv  bm1366.o
    0x08003e40   0x08003e40   0x00000028   Code   RO           40    i.bm1366_uart_send  bm1366.o
    0x08003e68   0x08003e68   0x0000002a   Code   RO          624    i.build_frame       protocol.o
    0x08003e92   0x08003e92   0x00000002   PAD
    0x08003e94   0x08003e94   0x000001d0   Code   RO          926    i.check_bm1366_results  main.o
    0x08004064   0x08004064   0x000000b8   Code   RO         5174    i.dhcp_bind         dhcp.o
    0x0800411c   0x0800411c   0x000000ac   Code   RO         5176    i.dhcp_coarse_tmr   dhcp.o
    0x080041c8   0x080041c8   0x000000d0   Code   RO         5177    i.dhcp_create_msg   dhcp.o
    0x08004298   0x08004298   0x00000020   Code   RO         5178    i.dhcp_dec_pcb_refcount  dhcp.o
    0x080042b8   0x080042b8   0x000000f4   Code   RO         5179    i.dhcp_discover     dhcp.o
    0x080043ac   0x080043ac   0x00000074   Code   RO         5180    i.dhcp_fine_tmr     dhcp.o
    0x08004420   0x08004420   0x00000070   Code   RO         5181    i.dhcp_handle_ack   dhcp.o
    0x08004490   0x08004490   0x00000050   Code   RO         5182    i.dhcp_inc_pcb_refcount  dhcp.o
    0x080044e0   0x080044e0   0x00000030   Code   RO         5184    i.dhcp_network_changed_link_up  dhcp.o
    0x08004510   0x08004510   0x0000000e   Code   RO         5185    i.dhcp_option       dhcp.o
    0x0800451e   0x0800451e   0x00000008   Code   RO         5186    i.dhcp_option_byte  dhcp.o
    0x08004526   0x08004526   0x00000048   Code   RO         5187    i.dhcp_option_hostname  dhcp.o
    0x0800456e   0x0800456e   0x00000020   Code   RO         5188    i.dhcp_option_long  dhcp.o
    0x0800458e   0x0800458e   0x00000010   Code   RO         5189    i.dhcp_option_short  dhcp.o
    0x0800459e   0x0800459e   0x00000020   Code   RO         5190    i.dhcp_option_trailer  dhcp.o
    0x080045be   0x080045be   0x00000002   PAD
    0x080045c0   0x080045c0   0x00000204   Code   RO         5191    i.dhcp_parse_reply  dhcp.o
    0x080047c4   0x080047c4   0x000000e4   Code   RO         5192    i.dhcp_rebind       dhcp.o
    0x080048a8   0x080048a8   0x0000010c   Code   RO         5193    i.dhcp_reboot       dhcp.o
    0x080049b4   0x080049b4   0x00000104   Code   RO         5194    i.dhcp_recv         dhcp.o
    0x08004ab8   0x08004ab8   0x000000c4   Code   RO         5196    i.dhcp_release_and_stop  dhcp.o
    0x08004b7c   0x08004b7c   0x000000e0   Code   RO         5197    i.dhcp_renew        dhcp.o
    0x08004c5c   0x08004c5c   0x00000158   Code   RO         5198    i.dhcp_select       dhcp.o
    0x08004db4   0x08004db4   0x00000010   Code   RO         5199    i.dhcp_set_state    dhcp.o
    0x08004dc4   0x08004dc4   0x00000074   Code   RO         5201    i.dhcp_start        dhcp.o
    0x08004e38   0x08004e38   0x0000001c   Code   RO         5203    i.dhcp_supplied_address  dhcp.o
    0x08004e54   0x08004e54   0x0000001c   Code   RO         3574    i.do_memp_free_pool  memp.o
    0x08004e70   0x08004e70   0x00000022   Code   RO         3575    i.do_memp_malloc_pool  memp.o
    0x08004e92   0x08004e92   0x00000002   PAD
    0x08004e94   0x08004e94   0x000000ec   Code   RO          380    i.eth_connect       eth_drv.o
    0x08004f80   0x08004f80   0x00000420   Code   RO          381    i.eth_deep_debug    eth_drv.o
    0x080053a0   0x080053a0   0x00000018   Code   RO          382    i.eth_get_ip        eth_drv.o
    0x080053b8   0x080053b8   0x00000010   Code   RO          383    i.eth_has_ip        eth_drv.o
    0x080053c8   0x080053c8   0x00000230   Code   RO          384    i.eth_init          eth_drv.o
    0x080055f8   0x080055f8   0x0000000c   Code   RO          385    i.eth_is_connected  eth_drv.o
    0x08005604   0x08005604   0x00000010   Code   RO          386    i.eth_link_status   eth_drv.o
    0x08005614   0x08005614   0x0000000c   Code   RO         5436    i.eth_netif_get_rx_count  eth_netif.o
    0x08005620   0x08005620   0x0000000c   Code   RO         5437    i.eth_netif_get_tx_count  eth_netif.o
    0x0800562c   0x0800562c   0x00000010   Code   RO         5438    i.eth_netif_reset_counts  eth_netif.o
    0x0800563c   0x0800563c   0x000000f0   Code   RO          387    i.eth_poll          eth_drv.o
    0x0800572c   0x0800572c   0x000004bc   Code   RO          388    i.eth_print_phy_status  eth_drv.o
    0x08005be8   0x08005be8   0x00000034   Code   RO          389    i.eth_recv          eth_drv.o
    0x08005c1c   0x08005c1c   0x00000030   Code   RO          390    i.eth_send          eth_drv.o
    0x08005c4c   0x08005c4c   0x000000f0   Code   RO         5042    i.etharp_find_entry  etharp.o
    0x08005d3c   0x08005d3c   0x00000024   Code   RO         5043    i.etharp_free_entry  etharp.o
    0x08005d60   0x08005d60   0x0000009a   Code   RO         5045    i.etharp_input      etharp.o
    0x08005dfa   0x08005dfa   0x00000002   PAD
    0x08005dfc   0x08005dfc   0x000000f4   Code   RO         5046    i.etharp_output     etharp.o
    0x08005ef0   0x08005ef0   0x00000060   Code   RO         5047    i.etharp_output_to_arp_index  etharp.o
    0x08005f50   0x08005f50   0x000000fc   Code   RO         5048    i.etharp_query      etharp.o
    0x0800604c   0x0800604c   0x0000008a   Code   RO         5049    i.etharp_raw        etharp.o
    0x080060d6   0x080060d6   0x00000002   PAD
    0x080060d8   0x080060d8   0x0000000c   Code   RO         5050    i.etharp_request    etharp.o
    0x080060e4   0x080060e4   0x00000020   Code   RO         5051    i.etharp_request_dst  etharp.o
    0x08006104   0x08006104   0x00000060   Code   RO         5052    i.etharp_tmr        etharp.o
    0x08006164   0x08006164   0x00000084   Code   RO         5053    i.etharp_update_arp_entry  etharp.o
    0x080061e8   0x080061e8   0x000000a4   Code   RO         5360    i.ethernet_input    ethernet.o
    0x0800628c   0x0800628c   0x0000004a   Code   RO         5361    i.ethernet_output   ethernet.o
    0x080062d6   0x080062d6   0x00000002   PAD
    0x080062d8   0x080062d8   0x0000002c   Code   RO         5439    i.ethernetif_dma_init  eth_netif.o
    0x08006304   0x08006304   0x00000030   Code   RO         5440    i.ethernetif_init   eth_netif.o
    0x08006334   0x08006334   0x0000001e   Code   RO         5441    i.ethernetif_input  eth_netif.o
    0x08006352   0x08006352   0x0000000a   Code   RO         5443    i.ethernetif_set_link  eth_netif.o
    0x0800635c   0x0800635c   0x00000018   Code   RO          327    i.fputc             debug_serial.o
    0x08006374   0x08006374   0x00000050   Code   RO         5843    i.free              mc_w.l(malloc.o)
    0x080063c4   0x080063c4   0x00000008   Code   RO         5139    i.icmp_dest_unreach  icmp.o
    0x080063cc   0x080063cc   0x0000012c   Code   RO         5140    i.icmp_input        icmp.o
    0x080064f8   0x080064f8   0x00000088   Code   RO         5141    i.icmp_send_response  icmp.o
    0x08006580   0x08006580   0x0000000c   Code   RO         3371    i.inet_chksum       inet_chksum.o
    0x0800658c   0x0800658c   0x0000004a   Code   RO         3372    i.inet_chksum_pbuf  inet_chksum.o
    0x080065d6   0x080065d6   0x00000028   Code   RO         3373    i.inet_chksum_pseudo  inet_chksum.o
    0x080065fe   0x080065fe   0x0000006c   Code   RO         3375    i.inet_cksum_pseudo_base  inet_chksum.o
    0x0800666a   0x0800666a   0x0000002e   Code   RO         4971    i.ip4_addr_isbroadcast_u32  ip4_addr.o
    0x08006698   0x08006698   0x00000190   Code   RO         4910    i.ip4_input         ip4.o
    0x08006828   0x08006828   0x0000002c   Code   RO         4911    i.ip4_input_accept  ip4.o
    0x08006854   0x08006854   0x0000001e   Code   RO         4913    i.ip4_output_if     ip4.o
    0x08006872   0x08006872   0x00000002   PAD
    0x08006874   0x08006874   0x000000d0   Code   RO         4914    i.ip4_output_if_src  ip4.o
    0x08006944   0x08006944   0x00000060   Code   RO         4915    i.ip4_route         ip4.o
    0x080069a4   0x080069a4   0x0000000c   Code   RO         3377    i.ip_chksum_pseudo  inet_chksum.o
    0x080069b0   0x080069b0   0x00000158   Code   RO         5444    i.low_level_input   eth_netif.o
    0x08006b08   0x08006b08   0x00000118   Code   RO         5445    i.low_level_output  eth_netif.o
    0x08006c20   0x08006c20   0x0000003c   Code   RO         4140    i.lwip_cyclic_timer  timeouts.o
    0x08006c5c   0x08006c5c   0x00000004   Code   RO         3305    i.lwip_htonl        def.o
    0x08006c60   0x08006c60   0x00000004   Code   RO         3306    i.lwip_htons        def.o
    0x08006c64   0x08006c64   0x0000001e   Code   RO         3451    i.lwip_init         init.o
    0x08006c82   0x08006c82   0x00000002   PAD
    0x08006c84   0x08006c84   0x00000058   Code   RO         3379    i.lwip_standard_chksum  inet_chksum.o
    0x08006cdc   0x08006cdc   0x000009e0   Code   RO          927    i.main              main.o
    0x080076bc   0x080076bc   0x0000006c   Code   RO         5844    i.malloc            mc_w.l(malloc.o)
    0x08007728   0x08007728   0x00000004   Code   RO         3524    i.mem_free          mem.o
    0x0800772c   0x0800772c   0x00000002   Code   RO         3525    i.mem_init          mem.o
    0x0800772e   0x0800772e   0x00000016   Code   RO         3526    i.mem_malloc        mem.o
    0x08007744   0x08007744   0x00000002   Code   RO         3527    i.mem_trim          mem.o
    0x08007746   0x08007746   0x00000002   PAD
    0x08007748   0x08007748   0x00000018   Code   RO         3576    i.memp_free         memp.o
    0x08007760   0x08007760   0x00000020   Code   RO         3578    i.memp_init         memp.o
    0x08007780   0x08007780   0x00000024   Code   RO         3579    i.memp_init_pool    memp.o
    0x080077a4   0x080077a4   0x00000018   Code   RO         3580    i.memp_malloc       memp.o
    0x080077bc   0x080077bc   0x000000a8   Code   RO         3695    i.netif_add         netif.o
    0x08007864   0x08007864   0x00000016   Code   RO         3697    i.netif_do_ip_addr_changed  netif.o
    0x0800787a   0x0800787a   0x00000016   Code   RO         3698    i.netif_do_set_gw   netif.o
    0x08007890   0x08007890   0x00000038   Code   RO         3699    i.netif_do_set_ipaddr  netif.o
    0x080078c8   0x080078c8   0x00000016   Code   RO         3700    i.netif_do_set_netmask  netif.o
    0x080078de   0x080078de   0x00000002   PAD
    0x080078e0   0x080078e0   0x00000028   Code   RO         3702    i.netif_get_by_index  netif.o
    0x08007908   0x08007908   0x00000002   Code   RO         3704    i.netif_init        netif.o
    0x0800790a   0x0800790a   0x00000024   Code   RO         3706    i.netif_issue_reports  netif.o
    0x0800792e   0x0800792e   0x00000006   Code   RO         3708    i.netif_null_output_ip4  netif.o
    0x08007934   0x08007934   0x00000060   Code   RO         3710    i.netif_set_addr    netif.o
    0x08007994   0x08007994   0x0000000c   Code   RO         3711    i.netif_set_default  netif.o
    0x080079a0   0x080079a0   0x00000016   Code   RO         3715    i.netif_set_link_down  netif.o
    0x080079b6   0x080079b6   0x0000002a   Code   RO         3716    i.netif_set_link_up  netif.o
    0x080079e0   0x080079e0   0x0000001c   Code   RO         3718    i.netif_set_up      netif.o
    0x080079fc   0x080079fc   0x0000001a   Code   RO           42    i.next_power_of_two  bm1366.o
    0x08007a16   0x08007a16   0x00000006   Code   RO         3865    i.pbuf_add_header   pbuf.o
    0x08007a1c   0x08007a1c   0x00000046   Code   RO         3867    i.pbuf_add_header_impl  pbuf.o
    0x08007a62   0x08007a62   0x00000002   PAD
    0x08007a64   0x08007a64   0x000000d0   Code   RO         3868    i.pbuf_alloc        pbuf.o
    0x08007b34   0x08007b34   0x0000002e   Code   RO         3869    i.pbuf_alloc_reference  pbuf.o
    0x08007b62   0x08007b62   0x00000028   Code   RO         3870    i.pbuf_cat          pbuf.o
    0x08007b8a   0x08007b8a   0x00000012   Code   RO         3871    i.pbuf_chain        pbuf.o
    0x08007b9c   0x08007b9c   0x00000012   Code   RO         3872    i.pbuf_clen         pbuf.o
    0x08007bae   0x08007bae   0x0000001e   Code   RO         3873    i.pbuf_clone        pbuf.o
    0x08007bcc   0x08007bcc   0x00000010   Code   RO         3875    i.pbuf_copy         pbuf.o
    0x08007bdc   0x08007bdc   0x00000066   Code   RO         3876    i.pbuf_copy_partial  pbuf.o
    0x08007c42   0x08007c42   0x000000b0   Code   RO         3877    i.pbuf_copy_partial_pbuf  pbuf.o
    0x08007cf2   0x08007cf2   0x00000056   Code   RO         3879    i.pbuf_free         pbuf.o
    0x08007d48   0x08007d48   0x00000034   Code   RO         3881    i.pbuf_free_ooseq   pbuf.o
    0x08007d7c   0x08007d7c   0x00000006   Code   RO         3885    i.pbuf_header_force  pbuf.o
    0x08007d82   0x08007d82   0x0000000e   Code   RO         3886    i.pbuf_header_impl  pbuf.o
    0x08007d90   0x08007d90   0x0000001c   Code   RO         3887    i.pbuf_init_alloced_pbuf  pbuf.o
    0x08007dac   0x08007dac   0x0000004e   Code   RO         3891    i.pbuf_realloc      pbuf.o
    0x08007dfa   0x08007dfa   0x0000001a   Code   RO         3892    i.pbuf_ref          pbuf.o
    0x08007e14   0x08007e14   0x0000002e   Code   RO         3893    i.pbuf_remove_header  pbuf.o
    0x08007e42   0x08007e42   0x00000002   PAD
    0x08007e44   0x08007e44   0x00000134   Code   RO          928    i.probe_i2c_devices  main.o
    0x08007f78   0x08007f78   0x000000aa   Code   RO          625    i.protocol_decode_job  protocol.o
    0x08008022   0x08008022   0x0000002e   Code   RO          626    i.protocol_decode_latency  protocol.o
    0x08008050   0x08008050   0x00000018   Code   RO          627    i.protocol_decode_setparams  protocol.o
    0x08008068   0x08008068   0x00000012   Code   RO          628    i.protocol_decode_setpower  protocol.o
    0x0800807a   0x0800807a   0x00000010   Code   RO          629    i.protocol_encode_ack  protocol.o
    0x0800808a   0x0800808a   0x0000003a   Code   RO          631    i.protocol_encode_error  protocol.o
    0x080080c4   0x080080c4   0x00000034   Code   RO          632    i.protocol_encode_hello  protocol.o
    0x080080f8   0x080080f8   0x0000001c   Code   RO          633    i.protocol_encode_latency  protocol.o
    0x08008114   0x08008114   0x00000050   Code   RO          634    i.protocol_encode_nonce  protocol.o
    0x08008164   0x08008164   0x00000068   Code   RO          635    i.protocol_encode_telemetry  protocol.o
    0x080081cc   0x080081cc   0x00000044   Code   RO          636    i.protocol_peek_frame  protocol.o
    0x08008210   0x08008210   0x00000026   Code   RO          740    i.read_byte         tps546d24a.o
    0x08008236   0x08008236   0x00000012   Code   RO          637    i.read_u32          protocol.o
    0x08008248   0x08008248   0x00000030   Code   RO          741    i.read_word         tps546d24a.o
    0x08008278   0x08008278   0x0000037c   Code   RO          929    i.receive_tcp_data  main.o
    0x080085f4   0x080085f4   0x0000001a   Code   RO           43    i.reverse_bits8     bm1366.o
    0x0800860e   0x0800860e   0x00000002   PAD
    0x08008610   0x08008610   0x000000f8   Code   RO          930    i.sample_i2c_telemetry  main.o
    0x08008708   0x08008708   0x0000003a   Code   RO          742    i.scale_linear11    tps546d24a.o
    0x08008742   0x08008742   0x00000002   PAD
    0x08008744   0x08008744   0x00000040   Code   RO          931    i.send_board_hello  main.o
    0x08008784   0x08008784   0x00000020   Code   RO          932    i.send_board_telemetry  main.o
    0x080087a4   0x080087a4   0x00000004   Code   RO         5400    i.sys_arch_protect  sys_arch.o
    0x080087a8   0x080087a8   0x00000002   Code   RO         5401    i.sys_arch_unprotect  sys_arch.o
    0x080087aa   0x080087aa   0x00000002   PAD
    0x080087ac   0x080087ac   0x00000054   Code   RO         4141    i.sys_check_timeouts  timeouts.o
    0x08008800   0x08008800   0x00000004   Code   RO         5402    i.sys_now           sys_arch.o
    0x08008804   0x08008804   0x0000001a   Code   RO         4143    i.sys_timeout       timeouts.o
    0x0800881e   0x0800881e   0x00000002   PAD
    0x08008820   0x08008820   0x00000050   Code   RO         4144    i.sys_timeout_abs   timeouts.o
    0x08008870   0x08008870   0x00000028   Code   RO         4145    i.sys_timeouts_init  timeouts.o
    0x08008898   0x08008898   0x000000d4   Code   RO         4229    i.tcp_abandon       tcp.o
    0x0800896c   0x0800896c   0x00000006   Code   RO         4230    i.tcp_abort         tcp.o
    0x08008972   0x08008972   0x00000002   PAD
    0x08008974   0x08008974   0x00000134   Code   RO         4233    i.tcp_alloc         tcp.o
    0x08008aa8   0x08008aa8   0x00000094   Code   RO         4235    i.tcp_bind          tcp.o
    0x08008b3c   0x08008b3c   0x000000cc   Code   RO          391    i.tcp_client_connected  eth_drv.o
    0x08008c08   0x08008c08   0x00000038   Code   RO          392    i.tcp_client_err    eth_drv.o
    0x08008c40   0x08008c40   0x00000004   Code   RO          393    i.tcp_client_poll   eth_drv.o
    0x08008c44   0x08008c44   0x000000f0   Code   RO          394    i.tcp_client_recv   eth_drv.o
    0x08008d34   0x08008d34   0x0000001c   Code   RO         4237    i.tcp_close         tcp.o
    0x08008d50   0x08008d50   0x0000010c   Code   RO         4238    i.tcp_close_shutdown  tcp.o
    0x08008e5c   0x08008e5c   0x00000050   Code   RO         4239    i.tcp_close_shutdown_fin  tcp.o
    0x08008eac   0x08008eac   0x00000100   Code   RO         4240    i.tcp_connect       tcp.o
    0x08008fac   0x08008fac   0x00000098   Code   RO         4608    i.tcp_create_segment  tcp_out.o
    0x08009044   0x08009044   0x0000001e   Code   RO         4242    i.tcp_eff_send_mss_netif  tcp.o
    0x08009062   0x08009062   0x00000088   Code   RO         4609    i.tcp_enqueue_flags  tcp_out.o
    0x080090ea   0x080090ea   0x0000000a   Code   RO         4243    i.tcp_err           tcp.o
    0x080090f4   0x080090f4   0x0000006c   Code   RO         4244    i.tcp_fasttmr       tcp.o
    0x08009160   0x08009160   0x00000008   Code   RO         4245    i.tcp_free          tcp.o
    0x08009168   0x08009168   0x00000060   Code   RO         4522    i.tcp_free_acked_segments  tcp_in.o
    0x080091c8   0x080091c8   0x00000014   Code   RO         4246    i.tcp_free_ooseq    tcp.o
    0x080091dc   0x080091dc   0x00000028   Code   RO         4523    i.tcp_get_next_optbyte  tcp_in.o
    0x08009204   0x08009204   0x00000018   Code   RO         4247    i.tcp_init          tcp.o
    0x0800921c   0x0800921c   0x000003c8   Code   RO         4524    i.tcp_input         tcp_in.o
    0x080095e4   0x080095e4   0x00000040   Code   RO         4525    i.tcp_input_delayed_close  tcp_in.o
    0x08009624   0x08009624   0x00000032   Code   RO         4610    i.tcp_keepalive     tcp_out.o
    0x08009656   0x08009656   0x00000002   PAD
    0x08009658   0x08009658   0x0000003c   Code   RO         4248    i.tcp_kill_state    tcp.o
    0x08009694   0x08009694   0x00000108   Code   RO         4526    i.tcp_listen_input  tcp_in.o
    0x0800979c   0x0800979c   0x0000004c   Code   RO         4251    i.tcp_netif_ip_addr_changed  tcp.o
    0x080097e8   0x080097e8   0x00000022   Code   RO         4252    i.tcp_netif_ip_addr_changed_pcblist  tcp.o
    0x0800980a   0x0800980a   0x00000006   Code   RO         4253    i.tcp_new           tcp.o
    0x08009810   0x08009810   0x00000060   Code   RO         4255    i.tcp_new_port      tcp.o
    0x08009870   0x08009870   0x00000010   Code   RO         4256    i.tcp_next_iss      tcp.o
    0x08009880   0x08009880   0x00000074   Code   RO         4527    i.tcp_oos_insert_segment  tcp_in.o
    0x080098f4   0x080098f4   0x000001f8   Code   RO         4611    i.tcp_output        tcp_out.o
    0x08009aec   0x08009aec   0x0000002a   Code   RO         4612    i.tcp_output_alloc_header  tcp_out.o
    0x08009b16   0x08009b16   0x0000006a   Code   RO         4613    i.tcp_output_alloc_header_common  tcp_out.o
    0x08009b80   0x08009b80   0x00000030   Code   RO         4614    i.tcp_output_control_segment  tcp_out.o
    0x08009bb0   0x08009bb0   0x0000004c   Code   RO         4615    i.tcp_output_control_segment_netif  tcp_out.o
    0x08009bfc   0x08009bfc   0x000000bc   Code   RO         4616    i.tcp_output_segment  tcp_out.o
    0x08009cb8   0x08009cb8   0x00000010   Code   RO         4617    i.tcp_output_segment_busy  tcp_out.o
    0x08009cc8   0x08009cc8   0x00000074   Code   RO         4528    i.tcp_parseopt      tcp_in.o
    0x08009d3c   0x08009d3c   0x0000004c   Code   RO         4618    i.tcp_pbuf_prealloc  tcp_out.o
    0x08009d88   0x08009d88   0x00000046   Code   RO         4257    i.tcp_pcb_purge     tcp.o
    0x08009dce   0x08009dce   0x00000050   Code   RO         4258    i.tcp_pcb_remove    tcp.o
    0x08009e1e   0x08009e1e   0x0000000c   Code   RO         4259    i.tcp_poll          tcp.o
    0x08009e2a   0x08009e2a   0x00000002   PAD
    0x08009e2c   0x08009e2c   0x00000380   Code   RO         4529    i.tcp_process       tcp_in.o
    0x0800a1ac   0x0800a1ac   0x00000076   Code   RO         4260    i.tcp_process_refused_data  tcp.o
    0x0800a222   0x0800a222   0x00000002   PAD
    0x0800a224   0x0800a224   0x00000654   Code   RO         4530    i.tcp_receive       tcp_in.o
    0x0800a878   0x0800a878   0x0000000a   Code   RO         4261    i.tcp_recv          tcp.o
    0x0800a882   0x0800a882   0x0000002c   Code   RO         4262    i.tcp_recv_null     tcp.o
    0x0800a8ae   0x0800a8ae   0x00000040   Code   RO         4263    i.tcp_recved        tcp.o
    0x0800a8ee   0x0800a8ee   0x00000066   Code   RO         4619    i.tcp_rexmit        tcp_out.o
    0x0800a954   0x0800a954   0x0000005c   Code   RO         4620    i.tcp_rexmit_fast   tcp_out.o
    0x0800a9b0   0x0800a9b0   0x00000018   Code   RO         4621    i.tcp_rexmit_rto    tcp_out.o
    0x0800a9c8   0x0800a9c8   0x00000012   Code   RO         4622    i.tcp_rexmit_rto_commit  tcp_out.o
    0x0800a9da   0x0800a9da   0x00000066   Code   RO         4623    i.tcp_rexmit_rto_prepare  tcp_out.o
    0x0800aa40   0x0800aa40   0x00000010   Code   RO         4624    i.tcp_route         tcp_out.o
    0x0800aa50   0x0800aa50   0x00000030   Code   RO         4625    i.tcp_rst           tcp_out.o
    0x0800aa80   0x0800aa80   0x00000032   Code   RO         4626    i.tcp_rst_common    tcp_out.o
    0x0800aab2   0x0800aab2   0x0000002e   Code   RO         4627    i.tcp_rst_netif     tcp_out.o
    0x0800aae0   0x0800aae0   0x00000028   Code   RO         4264    i.tcp_seg_copy      tcp.o
    0x0800ab08   0x0800ab08   0x0000001c   Code   RO         4265    i.tcp_seg_free      tcp.o
    0x0800ab24   0x0800ab24   0x00000012   Code   RO         4266    i.tcp_segs_free     tcp.o
    0x0800ab36   0x0800ab36   0x00000046   Code   RO         4628    i.tcp_send_empty_ack  tcp_out.o
    0x0800ab7c   0x0800ab7c   0x00000044   Code   RO         4629    i.tcp_send_fin      tcp_out.o
    0x0800abc0   0x0800abc0   0x000002c4   Code   RO         4270    i.tcp_slowtmr       tcp.o
    0x0800ae84   0x0800ae84   0x00000118   Code   RO         4630    i.tcp_split_unsent_seg  tcp_out.o
    0x0800af9c   0x0800af9c   0x00000034   Code   RO         4148    i.tcp_timer_needed  timeouts.o
    0x0800afd0   0x0800afd0   0x00000068   Code   RO         4531    i.tcp_timewait_input  tcp_in.o
    0x0800b038   0x0800b038   0x00000020   Code   RO         4272    i.tcp_tmr           tcp.o
    0x0800b058   0x0800b058   0x00000010   Code   RO         4532    i.tcp_trigger_input_pcb_close  tcp_in.o
    0x0800b068   0x0800b068   0x0000002e   Code   RO         4274    i.tcp_update_rcv_ann_wnd  tcp.o
    0x0800b096   0x0800b096   0x00000002   PAD
    0x0800b098   0x0800b098   0x00000350   Code   RO         4631    i.tcp_write         tcp_out.o
    0x0800b3e8   0x0800b3e8   0x000000a0   Code   RO         4632    i.tcp_zero_window_probe  tcp_out.o
    0x0800b488   0x0800b488   0x00000038   Code   RO         4149    i.tcpip_tcp_timer   timeouts.o
    0x0800b4c0   0x0800b4c0   0x00000008   Code   RO          800    i.tmp1075_init      tmp1075.o
    0x0800b4c8   0x0800b4c8   0x00000030   Code   RO          801    i.tmp1075_probe     tmp1075.o
    0x0800b4f8   0x0800b4f8   0x0000005a   Code   RO          802    i.tmp1075_read_temperature  tmp1075.o
    0x0800b552   0x0800b552   0x00000008   Code   RO          743    i.tps546d24a_init   tps546d24a.o
    0x0800b55a   0x0800b55a   0x00000020   Code   RO          744    i.tps546d24a_probe  tps546d24a.o
    0x0800b57a   0x0800b57a   0x00000002   PAD
    0x0800b57c   0x0800b57c   0x00000104   Code   RO          745    i.tps546d24a_read_telemetry  tps546d24a.o
    0x0800b680   0x0800b680   0x0000005e   Code   RO          746    i.tps546d24a_set_enabled  tps546d24a.o
    0x0800b6de   0x0800b6de   0x00000002   PAD
    0x0800b6e0   0x0800b6e0   0x0000002c   Code   RO           44    i.uart_rb_get       bm1366.o
    0x0800b70c   0x0800b70c   0x000000b8   Code   RO         4766    i.udp_bind          udp.o
    0x0800b7c4   0x0800b7c4   0x00000050   Code   RO         4768    i.udp_connect       udp.o
    0x0800b814   0x0800b814   0x00000018   Code   RO         4770    i.udp_init          udp.o
    0x0800b82c   0x0800b82c   0x00000178   Code   RO         4771    i.udp_input         udp.o
    0x0800b9a4   0x0800b9a4   0x00000034   Code   RO         4772    i.udp_netif_ip_addr_changed  udp.o
    0x0800b9d8   0x0800b9d8   0x0000001a   Code   RO         4773    i.udp_new           udp.o
    0x0800b9f2   0x0800b9f2   0x0000000a   Code   RO         4775    i.udp_recv          udp.o
    0x0800b9fc   0x0800b9fc   0x00000034   Code   RO         4776    i.udp_remove        udp.o
    0x0800ba30   0x0800ba30   0x0000003c   Code   RO         4779    i.udp_sendto_if     udp.o
    0x0800ba6c   0x0800ba6c   0x000000e0   Code   RO         4780    i.udp_sendto_if_src  udp.o
    0x0800bb4c   0x0800bb4c   0x00000008   Code   RO          638    i.write_u16         protocol.o
    0x0800bb54   0x0800bb54   0x00000010   Code   RO          639    i.write_u32         protocol.o
    0x0800bb64   0x0800bb64   0x00000024   Code   RO          640    i.write_u64         protocol.o
    0x0800bb88   0x0800bb88   0x00000010   Data   RO          934    .constdata          main.o
    0x0800bb98   0x0800bb98   0x0000001e   Data   RO         1584    .constdata          stm32f1xx_hal_rcc.o
    0x0800bbb6   0x0800bbb6   0x00000010   Data   RO         3269    .constdata          system_stm32f1xx.o
    0x0800bbc6   0x0800bbc6   0x00000008   Data   RO         3270    .constdata          system_stm32f1xx.o
    0x0800bbce   0x0800bbce   0x00000002   PAD
    0x0800bbd0   0x0800bbd0   0x0000000c   Data   RO         3589    .constdata          memp.o
    0x0800bbdc   0x0800bbdc   0x0000000c   Data   RO         3590    .constdata          memp.o
    0x0800bbe8   0x0800bbe8   0x0000000c   Data   RO         3591    .constdata          memp.o
    0x0800bbf4   0x0800bbf4   0x0000000c   Data   RO         3592    .constdata          memp.o
    0x0800bc00   0x0800bc00   0x0000000c   Data   RO         3593    .constdata          memp.o
    0x0800bc0c   0x0800bc0c   0x0000000c   Data   RO         3594    .constdata          memp.o
    0x0800bc18   0x0800bc18   0x0000000c   Data   RO         3595    .constdata          memp.o
    0x0800bc24   0x0800bc24   0x0000001c   Data   RO         3596    .constdata          memp.o
    0x0800bc40   0x0800bc40   0x00000020   Data   RO         4150    .constdata          timeouts.o
    0x0800bc60   0x0800bc60   0x00000054   Data   RO         4275    .constdata          tcp.o
    0x0800bcb4   0x0800bcb4   0x00000004   Data   RO         4978    .constdata          ip4_addr.o
    0x0800bcb8   0x0800bcb8   0x00000004   Data   RO         4979    .constdata          ip4_addr.o
    0x0800bcbc   0x0800bcbc   0x00000006   Data   RO         5362    .constdata          ethernet.o
    0x0800bcc2   0x0800bcc2   0x00000006   Data   RO         5363    .constdata          ethernet.o
    0x0800bcc8   0x0800bcc8   0x00000119   Data   RO          396    .conststring        eth_drv.o
    0x0800bde1   0x0800bde1   0x00000003   PAD
    0x0800bde4   0x0800bde4   0x00000042   Data   RO          849    .conststring        lwip_eth.o
    0x0800be26   0x0800be26   0x00000002   PAD
    0x0800be28   0x0800be28   0x00000170   Data   RO          935    .conststring        main.o
    0x0800bf98   0x0800bf98   0x00000075   Data   RO         4276    .conststring        tcp.o
    0x0800c00d   0x0800c00d   0x00000003   PAD
    0x0800c010   0x0800c010   0x00000053   Data   RO         5447    .conststring        eth_netif.o
    0x0800c063   0x0800c063   0x00000001   PAD
    0x0800c064   0x0800c064   0x00000020   Data   RO         5952    Region$$Table       anon$$obj.o


    Execution Region RW_IRAM1 (Exec base: 0x20000000, Load base: 0x0800c084, Size: 0x00007b30, Max: 0x00010000, ABSOLUTE, COMPRESSED[0x00000034])

    Exec Addr    Load Addr    Size         Type   Attr      Idx    E Section Name        Object

    0x20000000   COMPRESSED   0x00000018   Data   RW           46    .data               bm1366.o
    0x20000018   COMPRESSED   0x00000024   Data   RW          397    .data               eth_drv.o
    0x2000003c   COMPRESSED   0x00000004   PAD
    0x20000040   COMPRESSED   0x00000068   Data   RW          936    .data               main.o
    0x200000a8   COMPRESSED   0x0000000c   Data   RW         1420    .data               stm32f1xx_hal.o
    0x200000b4   COMPRESSED   0x00000004   Data   RW         3271    .data               system_stm32f1xx.o
    0x200000b8   COMPRESSED   0x00000004   Data   RW         3597    .data               memp.o
    0x200000bc   COMPRESSED   0x00000004   Data   RW         3598    .data               memp.o
    0x200000c0   COMPRESSED   0x00000004   Data   RW         3599    .data               memp.o
    0x200000c4   COMPRESSED   0x00000004   Data   RW         3600    .data               memp.o
    0x200000c8   COMPRESSED   0x00000004   Data   RW         3601    .data               memp.o
    0x200000cc   COMPRESSED   0x00000004   Data   RW         3602    .data               memp.o
    0x200000d0   COMPRESSED   0x00000004   Data   RW         3603    .data               memp.o
    0x200000d4   COMPRESSED   0x0000000c   Data   RW         3719    .data               netif.o
    0x200000e0   COMPRESSED   0x00000001   Data   RW         3900    .data               pbuf.o
    0x200000e1   COMPRESSED   0x00000003   PAD
    0x200000e4   COMPRESSED   0x0000000c   Data   RW         4152    .data               timeouts.o
    0x200000f0   COMPRESSED   0x00000020   Data   RW         4277    .data               tcp.o
    0x20000110   COMPRESSED   0x00000024   Data   RW         4534    .data               tcp_in.o
    0x20000134   COMPRESSED   0x00000008   Data   RW         4781    .data               udp.o
    0x2000013c   COMPRESSED   0x00000002   Data   RW         4916    .data               ip4.o
    0x2000013e   COMPRESSED   0x00000001   Data   RW         5055    .data               etharp.o
    0x2000013f   COMPRESSED   0x00000001   PAD
    0x20000140   COMPRESSED   0x00000014   Data   RW         5205    .data               dhcp.o
    0x20000154   COMPRESSED   0x00000014   Data   RW         5448    .data               eth_netif.o
    0x20000168   COMPRESSED   0x00000004   Data   RW         5917    .data               mc_w.l(stdout.o)
    0x2000016c   COMPRESSED   0x00000004   Data   RW         5922    .data               mc_w.l(mvars.o)
    0x20000170   COMPRESSED   0x00000004   Data   RW         5923    .data               mc_w.l(mvars.o)
    0x20000174        -       0x0000040b   Zero   RW           45    .bss                bm1366.o
    0x2000057f   COMPRESSED   0x00000001   PAD
    0x20000580        -       0x00001050   Zero   RW          395    .bss                eth_drv.o
    0x200015d0        -       0x00000a18   Zero   RW          933    .bss                main.o
    0x20001fe8        -       0x00000080   Zero   RW         3582    .bss                memp.o
    0x20002068        -       0x00000290   Zero   RW         3583    .bss                memp.o
    0x200022f8        -       0x000000e0   Zero   RW         3584    .bss                memp.o
    0x200023d8        -       0x00000100   Zero   RW         3585    .bss                memp.o
    0x200024d8        -       0x00000040   Zero   RW         3586    .bss                memp.o
    0x20002518        -       0x00000100   Zero   RW         3587    .bss                memp.o
    0x20002618        -       0x00003020   Zero   RW         3588    .bss                memp.o
    0x20005638        -       0x00000010   Zero   RW         4533    .bss                tcp_in.o
    0x20005648        -       0x00000018   Zero   RW         4886    .bss                ip.o
    0x20005660        -       0x00000060   Zero   RW         5054    .bss                etharp.o
    0x200056c0        -       0x00000020   Zero   RW         5204    .bss                dhcp.o
    0x200056e0        -       0x00001e50   Zero   RW         5446    .bss                eth_netif.o
    0x20007530        -       0x00000200   Zero   RW            2    HEAP                startup_stm32f10x_cl.o
    0x20007730        -       0x00000400   Zero   RW            1    STACK               startup_stm32f10x_cl.o


==============================================================================

Image component sizes


      Code (inc. data)   RO Data    RW Data    ZI Data      Debug   Object Name

      2626        436          0         24       1035     670023   bm1366.o
        24          4          0          0          0       1736   debug_serial.o
         8          0          0          0          0       1002   def.o
      3566        126          0         20         32      25747   dhcp.o
      3976       2040        281         36       4176      44521   eth_drv.o
       796        216         83         20       7760       6960   eth_netif.o
      1432         56          0          1         96      11016   etharp.o
       238          4         12          0          0       2574   ethernet.o
       444          6          0          0          0       3165   icmp.o
       334          0          0          0          0      13268   inet_chksum.o
        30          0          0          0          0      15814   init.o
         0          0          0          0         24       3230   ip.o
       778         32          0          2          0       5444   ip4.o
        46          0          8          0          0       9062   ip4_addr.o
       568        116         66          0          0       6647   lwip_eth.o
      5080       1974        384        104       2584      13080   main.o
        30          0          0          0          0       2014   mem.o
       178         16        112         28      13904       9514   memp.o
       574         30          0         12          0      14204   netif.o
      1066         16          0          1          0      26718   pbuf.o
       784          6          0          0          0      10992   protocol.o
        36          8        336          0       1536        840   startup_stm32f10x_cl.o
       172         30          0         12          0       7081   stm32f1xx_hal.o
       208         16          0          0          0      28751   stm32f1xx_hal_cortex.o
      1238         34          0          0          0       5552   stm32f1xx_hal_eth.o
       538         12          0          0          0       3513   stm32f1xx_hal_gpio.o
      3410         62          0          0          0      15222   stm32f1xx_hal_i2c.o
       628         74          0          0          0       3377   stm32f1xx_hal_msp.o
      2022         98         30          0          0       8152   stm32f1xx_hal_rcc.o
       706          6          0          0          0       4616   stm32f1xx_hal_uart.o
        40          4          0          0          0       4458   stm32f1xx_it.o
        10          0          0          0          0       1350   sys_arch.o
         2          0         24          4          0       1155   system_stm32f1xx.o
      3064        104        201         32          0      35041   tcp.o
      4300        162          0         36         16      21743   tcp_in.o
      3318          8          0          0          0      24315   tcp_out.o
       398         68         32         12          0       6338   timeouts.o
       146          0          0          0          0       2802   tmp1075.o
       538          4          0          0          0       6558   tps546d24a.o
      1088         34          0          8          0      10609   udp.o

    ----------------------------------------------------------------------
     44506       5802       1612        360      31164    1088204   Object Totals
         0          0         32          0          0          0   (incl. Generated)
        66          0         11          8          1          0   (incl. Padding)

    ----------------------------------------------------------------------

      Code (inc. data)   RO Data    RW Data    ZI Data      Debug   Library Member Name

        58          0          0          0          0          0   __dczerorl.o
         0          0          0          0          0          0   entry.o
         0          0          0          0          0          0   entry10a.o
         0          0          0          0          0          0   entry11a.o
         4          0          0          0          0          0   entry12b.o
         8          4          0          0          0          0   entry2.o
         4          0          0          0          0          0   entry5.o
         0          0          0          0          0          0   entry7b.o
         0          0          0          0          0          0   entry8b.o
         8          4          0          0          0          0   entry9a.o
        30          0          0          0          0          0   handlers.o
        36          8          0          0          0         68   init.o
         0          0          0          0          0          0   iusefp.o
        30          0          0          0          0         68   llshl.o
        32          0          0          0          0         68   llushr.o
       188         20          0          0          0        160   malloc.o
        26          0          0          0          0         80   memcmp.o
        64          0          0          0          0         76   memmovea.o
        36          0          0          0          0        108   memseta.o
         0          0          0          8          0          0   mvars.o
      1216         58          0          0          0        508   printf8.o
         0          0          0          4          0          0   stdout.o
        14          0          0          0          0         68   strlen.o
        98          0          0          0          0         92   uldiv.o
        20          0          0          0          0         68   cfcmple.o
       222          0          0          0          0        100   ddiv.o
       186          0          0          0          0        176   depilogue.o
        50          0          0          0          0         76   dfixui.o
       228          0          0          0          0         96   dmul.o
        46          0          0          0          0         80   dscalb.o
        38          0          0          0          0         68   f2d.o
       176          0          0          0          0        140   fadd.o
       124          0          0          0          0         88   fdiv.o
       110          0          0          0          0        168   fepilogue.o
        10          0          0          0          0         68   ffltui.o
       100          0          0          0          0         76   fmul.o

    ----------------------------------------------------------------------
      3166         94          0         12          0       2500   Library Totals
         4          0          0          0          0          0   (incl. Padding)

    ----------------------------------------------------------------------

      Code (inc. data)   RO Data    RW Data    ZI Data      Debug   Library Name

      1852         94          0         12          0       1296   mc_w.l
      1310          0          0          0          0       1204   mf_w.l

    ----------------------------------------------------------------------
      3166         94          0         12          0       2500   Library Totals

    ----------------------------------------------------------------------

==============================================================================


      Code (inc. data)   RO Data    RW Data    ZI Data      Debug   

     47672       5896       1612        372      31164    1072268   Grand Totals
     47672       5896       1612         52      31164    1072268   ELF Image Totals (compressed)
     47672       5896       1612         52          0          0   ROM Totals

==============================================================================

    Total RO  Size (Code + RO Data)                49284 (  48.13kB)
    Total RW  Size (RW Data + ZI Data)             31536 (  30.80kB)
    Total ROM Size (Code + RO Data + RW Data)      49336 (  48.18kB)

==============================================================================

