<html>
<body>
<pre>
<h1>µVision Build Log</h1>
<h2>Tool Versions:</h2>
IDE-Version: ¶ÃVision V5.42.0.0
Copyright (C) 2025 ARM Ltd and ARM Germany GmbH. All rights reserved.
License Information: 1 Lenovo, 1, LIC=HN0AE-586QS-74TS0-B5YRQ-CXLRK-YAUB2
 
Tool Versions:
Toolchain:       MDK-ARM Plus  Version: 5.42.0.0
Toolchain Path:  C:\Keil_v5\ARM\ARMCC\Bin
C Compiler:      Armcc.exe V5.06 update 7 (build 960)
Assembler:       Armasm.exe V5.06 update 7 (build 960)
Linker/Locator:  ArmLink.exe V5.06 update 7 (build 960)
Library Manager: ArmAr.exe V5.06 update 7 (build 960)
Hex Converter:   FromElf.exe V5.06 update 7 (build 960)
CPU DLL:         SARMCM3.DLL V5.42.0.0
Dialog DLL:      DCM.DLL V1.17.5.0
Target DLL:      STLink\ST-LINKIII-KEIL_SWO.dll V3.3.0.0
Dialog DLL:      TCM.DLL V1.56.6.0
 
<h2>Project:</h2>
D:\Document\tempPrj\BTCMinerControl\Miner\F107≤‚ ‘\BTCMinerMS-Ori-1.0≤‚ ‘DHCP\MDK-ARM\BTCMinerMS.uvprojx
Project File Date:  08/13/2026

<h2>Output:</h2>
*** Using Compiler 'V5.06 update 7 (build 960)', folder: 'C:\Keil_v5\ARM\ARMCC\Bin'
Rebuild target 'BTCMinerMS'
assembling startup_stm32f10x_cl.s...
compiling Delay.c...
compiling tps546d24a.c...
compiling debug_serial.c...
compiling stm32f1xx_hal_gpio_ex.c...
compiling tmp1075.c...
compiling lwip_eth.c...
compiling stm32f1xx_hal_eth.c...
compiling stm32f1xx_it.c...
compiling protocol.c...
compiling bm1366.c...
compiling stm32f1xx_hal_msp.c...
compiling main.c...
compiling eth_drv.c...
compiling stm32f1xx_hal.c...
compiling stm32f1xx_hal_rcc_ex.c...
compiling stm32f1xx_hal_pwr.c...
compiling stm32f1xx_hal_flash.c...
compiling stm32f1xx_hal_exti.c...
compiling system_stm32f1xx.c...
compiling stm32f1xx_hal_cortex.c...
compiling stm32f1xx_hal_gpio.c...
compiling stm32f1xx_hal_flash_ex.c...
compiling stm32f1xx_hal_dma.c...
compiling stm32f1xx_hal_uart.c...
compiling stm32f1xx_hal_rcc.c...
compiling stm32f1xx_hal_i2c.c...
compiling def.c...
compiling sys.c...
compiling stats.c...
compiling mem.c...
compiling inet_chksum.c...
compiling pbuf.c...
compiling timeouts.c...
compiling memp.c...
compiling init.c...
compiling tcp.c...
compiling netif.c...
compiling tcp_in.c...
compiling tcp_out.c...
compiling ip.c...
compiling udp.c...
compiling ip4_addr.c...
compiling acd.c...
compiling sys_arch.c...
compiling ip4.c...
compiling icmp.c...
compiling etharp.c...
compiling eth_netif.c...
compiling ethernet.c...
compiling dhcp.c...
linking...
Program Size: Code=47264 RO-data=1700 RW-data=348 ZI-data=30956  
FromELF: creating hex file...
"BTCMinerMS\BTCMinerMS.axf" - 0 Error(s), 0 Warning(s).

<h2>Software Packages used:</h2>

Package Vendor: Keil
                https://www.keil.com/pack/Keil.STM32F1xx_DFP.2.4.1.pack
                Keil::STM32F1xx_DFP@2.4.1
                STMicroelectronics STM32F1 Series Device Support, Drivers and Examples

<h2>Collection of Component include folders:</h2>
  C:/Keil_v5/MDK/PACK/Keil/STM32F1xx_DFP/2.4.1/Device/Include

<h2>Collection of Component Files used:</h2>
Build Time Elapsed:  00:00:11
</pre>
</body>
</html>
