Component: ARM Compiler 5.06 update 7 (build 960) Tool: armlink [4d3601]

==============================================================================

Section Cross References

    startup_stm32f10x_cl.o(RESET) refers to startup_stm32f10x_cl.o(STACK) for __initial_sp
    startup_stm32f10x_cl.o(RESET) refers to startup_stm32f10x_cl.o(.text) for Reset_Handler
    startup_stm32f10x_cl.o(RESET) refers to stm32f1xx_it.o(i.NMI_Handler) for NMI_Handler
    startup_stm32f10x_cl.o(RESET) refers to stm32f1xx_it.o(i.HardFault_Handler) for HardFault_Handler
    startup_stm32f10x_cl.o(RESET) refers to stm32f1xx_it.o(i.MemManage_Handler) for MemManage_Handler
    startup_stm32f10x_cl.o(RESET) refers to stm32f1xx_it.o(i.BusFault_Handler) for BusFault_Handler
    startup_stm32f10x_cl.o(RESET) refers to stm32f1xx_it.o(i.UsageFault_Handler) for UsageFault_Handler
    startup_stm32f10x_cl.o(RESET) refers to stm32f1xx_it.o(i.SVC_Handler) for SVC_Handler
    startup_stm32f10x_cl.o(RESET) refers to stm32f1xx_it.o(i.DebugMon_Handler) for DebugMon_Handler
    startup_stm32f10x_cl.o(RESET) refers to stm32f1xx_it.o(i.PendSV_Handler) for PendSV_Handler
    startup_stm32f10x_cl.o(RESET) refers to stm32f1xx_it.o(i.SysTick_Handler) for SysTick_Handler
    startup_stm32f10x_cl.o(RESET) refers to stm32f1xx_it.o(i.USART1_IRQHandler) for USART1_IRQHandler
    startup_stm32f10x_cl.o(.text) refers to system_stm32f1xx.o(i.SystemInit) for SystemInit
    startup_stm32f10x_cl.o(.text) refers to entry.o(.ARM.Collect$$$$00000000) for __main
    bm1366.o(i._send_packet) refers to memmovea.o(.text) for __aeabi_memcpy
    bm1366.o(i._send_packet) refers to bm1366.o(i.bm1366_crc16) for bm1366_crc16
    bm1366.o(i._send_packet) refers to bm1366.o(i.bm1366_crc5) for bm1366_crc5
    bm1366.o(i._send_packet) refers to bm1366.o(i.bm1366_uart_send) for bm1366_uart_send
    bm1366.o(i.bm1366_apply_frequency) refers to ffltui.o(.text) for __aeabi_ui2f
    bm1366.o(i.bm1366_apply_frequency) refers to bm1366.o(i.bm1366_set_frequency) for bm1366_set_frequency
    bm1366.o(i.bm1366_apply_frequency) refers to fadd.o(.text) for __aeabi_fadd
    bm1366.o(i.bm1366_apply_frequency) refers to ffixui.o(.text) for __aeabi_f2uiz
    bm1366.o(i.bm1366_apply_frequency) refers to bm1366.o(i.bm1366_set_nonce_space) for bm1366_set_nonce_space
    bm1366.o(i.bm1366_apply_frequency) refers to bm1366.o(.data) for .data
    bm1366.o(i.bm1366_count_chips) refers to stm32f1xx_hal.o(i.HAL_GetTick) for HAL_GetTick
    bm1366.o(i.bm1366_count_chips) refers to bm1366.o(i.uart_rb_get) for uart_rb_get
    bm1366.o(i.bm1366_count_chips) refers to bm1366.o(i.bm1366_crc5) for bm1366_crc5
    bm1366.o(i.bm1366_count_chips) refers to printfa.o(i.__0printf) for __2printf
    bm1366.o(i.bm1366_count_chips) refers to bm1366.o(.data) for .data
    bm1366.o(i.bm1366_frequency_transition) refers to bm1366.o(i.bm1366_pll_calc) for bm1366_pll_calc
    bm1366.o(i.bm1366_frequency_transition) refers to fadd.o(.text) for __aeabi_fsub
    bm1366.o(i.bm1366_frequency_transition) refers to cfrcmple.o(.text) for __aeabi_cfrcmple
    bm1366.o(i.bm1366_frequency_transition) refers to fdiv.o(.text) for __aeabi_fdiv
    bm1366.o(i.bm1366_frequency_transition) refers to ffixi.o(.text) for __aeabi_f2iz
    bm1366.o(i.bm1366_frequency_transition) refers to fflti.o(.text) for __aeabi_i2f
    bm1366.o(i.bm1366_frequency_transition) refers to fmul.o(.text) for __aeabi_fmul
    bm1366.o(i.bm1366_frequency_transition) refers to bm1366.o(i.bm1366_set_frequency) for bm1366_set_frequency
    bm1366.o(i.bm1366_frequency_transition) refers to stm32f1xx_hal.o(i.HAL_GetTick) for HAL_GetTick
    bm1366.o(i.bm1366_get_actual_frequency) refers to bm1366.o(.data) for .data
    bm1366.o(i.bm1366_get_address_interval) refers to bm1366.o(.data) for .data
    bm1366.o(i.bm1366_get_bad_crc) refers to bm1366.o(.data) for .data
    bm1366.o(i.bm1366_get_bad_preamble) refers to bm1366.o(.data) for .data
    bm1366.o(i.bm1366_get_chip_count) refers to bm1366.o(.data) for .data
    bm1366.o(i.bm1366_get_rx_total) refers to bm1366.o(.data) for .data
    bm1366.o(i.bm1366_get_target_frequency) refers to bm1366.o(.data) for .data
    bm1366.o(i.bm1366_init_chips) refers to stm32f1xx_hal_gpio.o(i.HAL_GPIO_Init) for HAL_GPIO_Init
    bm1366.o(i.bm1366_init_chips) refers to printfa.o(i.__0printf) for __2printf
    bm1366.o(i.bm1366_init_chips) refers to stm32f1xx_hal_gpio.o(i.HAL_GPIO_WritePin) for HAL_GPIO_WritePin
    bm1366.o(i.bm1366_init_chips) refers to stm32f1xx_hal.o(i.HAL_Delay) for HAL_Delay
    bm1366.o(i.bm1366_init_chips) refers to bm1366.o(i.bm1366_set_version_mask) for bm1366_set_version_mask
    bm1366.o(i.bm1366_init_chips) refers to bm1366.o(i.bm1366_send_raw) for bm1366_send_raw
    bm1366.o(i.bm1366_init_chips) refers to bm1366.o(i.bm1366_count_chips) for bm1366_count_chips
    bm1366.o(i.bm1366_init_chips) refers to bm1366.o(i.bm1366_send_cmd) for bm1366_send_cmd
[...]
    _double_round                            0x080007d5   Thumb Code    30  depilogue.o(.text)
    _double_epilogue                         0x080007f3   Thumb Code   156  depilogue.o(.text)
    __aeabi_dadd                             0x0800088f   Thumb Code   322  dadd.o(.text)
    __aeabi_dsub                             0x080009d1   Thumb Code     6  dadd.o(.text)
    __aeabi_drsub                            0x080009d7   Thumb Code     6  dadd.o(.text)
    __aeabi_d2ulz                            0x080009dd   Thumb Code    48  dfixul.o(.text)
    __aeabi_cdrcmple                         0x08000a0d   Thumb Code    48  cdrcmple.o(.text)
    __scatterload                            0x08000a3d   Thumb Code    28  init.o(.text)
    __scatterload_rt2                        0x08000a3d   Thumb Code     0  init.o(.text)
    __aeabi_lasr                             0x08000a61   Thumb Code    36  llsshr.o(.text)
    _ll_sshift_r                             0x08000a61   Thumb Code     0  llsshr.o(.text)
    __decompress                             0x08000a85   Thumb Code     0  __dczerorl.o(.text)
    __decompress0                            0x08000a85   Thumb Code    58  __dczerorl.o(.text)
    BusFault_Handler                         0x08000abf   Thumb Code     2  stm32f1xx_it.o(i.BusFault_Handler)
    DebugMon_Handler                         0x08000ac1   Thumb Code     2  stm32f1xx_it.o(i.DebugMon_Handler)
    ETH_DMATransmissionRequest               0x08000ac5   Thumb Code    14  lwip_eth.o(i.ETH_DMATransmissionRequest)
    ETH_DMA_Init                             0x08000ad9   Thumb Code   206  lwip_eth.o(i.ETH_DMA_Init)
    ETH_GetRxPktSize                         0x08000bf5   Thumb Code    30  lwip_eth.o(i.ETH_GetRxPktSize)
    ETH_MAC_Init                             0x08000dc5   Thumb Code    46  lwip_eth.o(i.ETH_MAC_Init)
    ETH_ReadPHYRegister                      0x08000e01   Thumb Code    72  lwip_eth.o(i.ETH_ReadPHYRegister)
    ETH_ReleaseRxDesc                        0x08000e51   Thumb Code    18  lwip_eth.o(i.ETH_ReleaseRxDesc)
    ETH_WritePHYRegister                     0x08000e65   Thumb Code    66  lwip_eth.o(i.ETH_WritePHYRegister)
    HAL_Delay                                0x08000eb1   Thumb Code    34  stm32f1xx_hal.o(i.HAL_Delay)
    HAL_ETH_Init                             0x08000ed9   Thumb Code   510  stm32f1xx_hal_eth.o(i.HAL_ETH_Init)
    HAL_ETH_MspInit                          0x080010ed   Thumb Code   248  stm32f1xx_hal_msp.o(i.HAL_ETH_MspInit)
    HAL_ETH_ReadPHYRegister                  0x080011f9   Thumb Code   140  stm32f1xx_hal_eth.o(i.HAL_ETH_ReadPHYRegister)
    HAL_ETH_WritePHYRegister                 0x08001285   Thumb Code   132  stm32f1xx_hal_eth.o(i.HAL_ETH_WritePHYRegister)
    HAL_GPIO_Init                            0x08001309   Thumb Code   496  stm32f1xx_hal_gpio.o(i.HAL_GPIO_Init)
    HAL_GPIO_TogglePin                       0x08001505   Thumb Code    16  stm32f1xx_hal_gpio.o(i.HAL_GPIO_TogglePin)
    HAL_GPIO_WritePin                        0x08001515   Thumb Code    14  stm32f1xx_hal_gpio.o(i.HAL_GPIO_WritePin)
    HAL_GetTick                              0x08001525   Thumb Code     6  stm32f1xx_hal.o(i.HAL_GetTick)
    HAL_I2C_Init                             0x08001531   Thumb Code   410  stm32f1xx_hal_i2c.o(i.HAL_I2C_Init)
    HAL_I2C_IsDeviceReady                    0x080016dd   Thumb Code   384  stm32f1xx_hal_i2c.o(i.HAL_I2C_IsDeviceReady)
    HAL_I2C_Master_Transmit                  0x08001865   Thumb Code   344  stm32f1xx_hal_i2c.o(i.HAL_I2C_Master_Transmit)
    HAL_I2C_Mem_Read                         0x080019c5   Thumb Code   794  stm32f1xx_hal_i2c.o(i.HAL_I2C_Mem_Read)
    HAL_I2C_Mem_Write                        0x08001cf1   Thumb Code   362  stm32f1xx_hal_i2c.o(i.HAL_I2C_Mem_Write)
    HAL_I2C_MspInit                          0x08001e65   Thumb Code    80  stm32f1xx_hal_msp.o(i.HAL_I2C_MspInit)
    HAL_IncTick                              0x08001ec1   Thumb Code    12  stm32f1xx_hal.o(i.HAL_IncTick)
    HAL_Init                                 0x08001ed1   Thumb Code    32  stm32f1xx_hal.o(i.HAL_Init)
    HAL_InitTick                             0x08001ef5   Thumb Code    58  stm32f1xx_hal.o(i.HAL_InitTick)
    HAL_MspInit                              0x08001f39   Thumb Code    52  stm32f1xx_hal_msp.o(i.HAL_MspInit)
    HAL_NVIC_EnableIRQ                       0x08001f75   Thumb Code    28  stm32f1xx_hal_cortex.o(i.HAL_NVIC_EnableIRQ)
    HAL_NVIC_SetPriority                     0x08001f91   Thumb Code    98  stm32f1xx_hal_cortex.o(i.HAL_NVIC_SetPriority)
    HAL_NVIC_SetPriorityGrouping             0x08001ff9   Thumb Code    30  stm32f1xx_hal_cortex.o(i.HAL_NVIC_SetPriorityGrouping)
    HAL_RCC_ClockConfig                      0x0800201d   Thumb Code   364  stm32f1xx_hal_rcc.o(i.HAL_RCC_ClockConfig)
    HAL_RCC_GetHCLKFreq                      0x0800219d   Thumb Code     6  stm32f1xx_hal_rcc.o(i.HAL_RCC_GetHCLKFreq)
    HAL_RCC_GetPCLK1Freq                     0x080021a9   Thumb Code    22  stm32f1xx_hal_rcc.o(i.HAL_RCC_GetPCLK1Freq)
    HAL_RCC_GetPCLK2Freq                     0x080021c9   Thumb Code    22  stm32f1xx_hal_rcc.o(i.HAL_RCC_GetPCLK2Freq)
    HAL_RCC_GetSysClockFreq                  0x080021e9   Thumb Code   138  stm32f1xx_hal_rcc.o(i.HAL_RCC_GetSysClockFreq)
    HAL_RCC_MCOConfig                        0x08002289   Thumb Code    64  stm32f1xx_hal_rcc.o(i.HAL_RCC_MCOConfig)
    HAL_RCC_OscConfig                        0x080022d1   Thumb Code  1294  stm32f1xx_hal_rcc.o(i.HAL_RCC_OscConfig)
    HAL_SYSTICK_Config                       0x080027e1   Thumb Code    36  stm32f1xx_hal_cortex.o(i.HAL_SYSTICK_Config)
    HAL_UART_Init                            0x08002809   Thumb Code   102  stm32f1xx_hal_uart.o(i.HAL_UART_Init)
    HAL_UART_MspInit                         0x08002871   Thumb Code   186  stm32f1xx_hal_msp.o(i.HAL_UART_MspInit)
    HAL_UART_Transmit                        0x08002945   Thumb Code   184  stm32f1xx_hal_uart.o(i.HAL_UART_Transmit)
    HardFault_Handler                        0x080029fd   Thumb Code     2  stm32f1xx_it.o(i.HardFault_Handler)
    MemManage_Handler                        0x080031dd   Thumb Code     2  stm32f1xx_it.o(i.MemManage_Handler)
    NMI_Handler                              0x080031df   Thumb Code     2  stm32f1xx_it.o(i.NMI_Handler)
    PendSV_Handler                           0x080031e1   Thumb Code     2  stm32f1xx_it.o(i.PendSV_Handler)
    SVC_Handler                              0x08003209   Thumb Code     2  stm32f1xx_it.o(i.SVC_Handler)
    SysTick_Handler                          0x0800320d   Thumb Code    16  stm32f1xx_it.o(i.SysTick_Handler)
    SystemClock_Config                       0x08003221   Thumb Code   176  main.o(i.SystemClock_Config)
    SystemInit                               0x08003315   Thumb Code     2  system_stm32f1xx.o(i.SystemInit)
    USART1_IRQHandler                        0x080034bb   Thumb Code     4  stm32f1xx_it.o(i.USART1_IRQHandler)
    UsageFault_Handler                       0x080034bf   Thumb Code     2  stm32f1xx_it.o(i.UsageFault_Handler)
    __0printf                                0x080034c1   Thumb Code    22  printfa.o(i.__0printf)
    __1printf                                0x080034c1   Thumb Code     0  printfa.o(i.__0printf)
    __2printf                                0x080034c1   Thumb Code     0  printfa.o(i.__0printf)
    __c89printf                              0x080034c1   Thumb Code     0  printfa.o(i.__0printf)
    printf                                   0x080034c1   Thumb Code     0  printfa.o(i.__0printf)
    __0snprintf                              0x080034e1   Thumb Code    48  printfa.o(i.__0snprintf)
    __1snprintf                              0x080034e1   Thumb Code     0  printfa.o(i.__0snprintf)
    __2snprintf                              0x080034e1   Thumb Code     0  printfa.o(i.__0snprintf)
    __c89snprintf                            0x080034e1   Thumb Code     0  printfa.o(i.__0snprintf)
    snprintf                                 0x080034e1   Thumb Code     0  printfa.o(i.__0snprintf)
    __scatterload_copy                       0x08003515   Thumb Code    14  handlers.o(i.__scatterload_copy)
    __scatterload_null                       0x08003523   Thumb Code     2  handlers.o(i.__scatterload_null)
    __scatterload_zeroinit                   0x08003525   Thumb Code    14  handlers.o(i.__scatterload_zeroinit)
    bm1366_apply_frequency                   0x08003f05   Thumb Code    72  bm1366.o(i.bm1366_apply_frequency)
    bm1366_count_chips                       0x08003f55   Thumb Code   256  bm1366.o(i.bm1366_count_chips)
    bm1366_crc16                             0x080040a5   Thumb Code    60  bm1366.o(i.bm1366_crc16)
    bm1366_crc5                              0x080040e1   Thumb Code    54  bm1366.o(i.bm1366_crc5)
    bm1366_get_actual_frequency              0x08004119   Thumb Code     6  bm1366.o(i.bm1366_get_actual_frequency)
    bm1366_get_address_interval              0x08004125   Thumb Code     6  bm1366.o(i.bm1366_get_address_interval)
    bm1366_get_chip_count                    0x08004131   Thumb Code     6  bm1366.o(i.bm1366_get_chip_count)
    bm1366_get_target_frequency              0x0800413d   Thumb Code     6  bm1366.o(i.bm1366_get_target_frequency)
    bm1366_init_chips                        0x08004149   Thumb Code   542  bm1366.o(i.bm1366_init_chips)
    bm1366_pll_calc                          0x08004441   Thumb Code   192  bm1366.o(i.bm1366_pll_calc)
    bm1366_read_any_result                   0x08004509   Thumb Code   162  bm1366.o(i.bm1366_read_any_result)
    bm1366_send_cmd                          0x080045b5   Thumb Code     6  bm1366.o(i.bm1366_send_cmd)
    bm1366_send_hash_counter_read            0x080045bd   Thumb Code    20  bm1366.o(i.bm1366_send_hash_counter_read)
    bm1366_send_job                          0x080045d5   Thumb Code    96  bm1366.o(i.bm1366_send_job)
    bm1366_send_raw                          0x08004635   Thumb Code    50  bm1366.o(i.bm1366_send_raw)
    bm1366_set_difficulty_mask               0x08004685   Thumb Code    78  bm1366.o(i.bm1366_set_difficulty_mask)
    bm1366_set_frequency                     0x080046d5   Thumb Code   108  bm1366.o(i.bm1366_set_frequency)
    bm1366_set_nonce_space                   0x08004749   Thumb Code   154  bm1366.o(i.bm1366_set_nonce_space)
    bm1366_set_version_mask                  0x080047f1   Thumb Code    36  bm1366.o(i.bm1366_set_version_mask)
    bm1366_uart_init                         0x0800481d   Thumb Code    34  bm1366.o(i.bm1366_uart_init)
    bm1366_uart_isr_handler                  0x08004845   Thumb Code    86  bm1366.o(i.bm1366_uart_isr_handler)
    bm1366_uart_send                         0x080048a9   Thumb Code    36  bm1366.o(i.bm1366_uart_send)
    dhcp_coarse_tmr                          0x08004afd   Thumb Code   168  dhcp.o(i.dhcp_coarse_tmr)
    dhcp_fine_tmr                            0x08004d99   Thumb Code   110  dhcp.o(i.dhcp_fine_tmr)
    dhcp_network_changed_link_up             0x08004ecd   Thumb Code    48  dhcp.o(i.dhcp_network_changed_link_up)
    dhcp_release_and_stop                    0x080054a5   Thumb Code   188  dhcp.o(i.dhcp_release_and_stop)
    dhcp_renew                               0x08005569   Thumb Code   220  dhcp.o(i.dhcp_renew)
    dhcp_start                               0x080057b1   Thumb Code   116  dhcp.o(i.dhcp_start)
    dhcp_supplied_address                    0x08005825   Thumb Code    28  dhcp.o(i.dhcp_supplied_address)
    eth_connect                              0x08005881   Thumb Code   176  eth_drv.o(i.eth_connect)
    eth_get_ip                               0x08005d91   Thumb Code    20  eth_drv.o(i.eth_get_ip)
    eth_has_ip                               0x08005da9   Thumb Code    12  eth_drv.o(i.eth_has_ip)
    eth_init                                 0x08005db9   Thumb Code   258  eth_drv.o(i.eth_init)
    eth_is_connected                         0x08005fe9   Thumb Code     6  eth_drv.o(i.eth_is_connected)
    eth_link_status                          0x08005ff5   Thumb Code    16  eth_drv.o(i.eth_link_status)
    eth_netif_get_rx_count                   0x08006005   Thumb Code     6  eth_netif.o(i.eth_netif_get_rx_count)
    eth_netif_get_tx_count                   0x08006011   Thumb Code     6  eth_netif.o(i.eth_netif_get_tx_count)
    eth_netif_reset_counts                   0x0800601d   Thumb Code    10  eth_netif.o(i.eth_netif_reset_counts)
    eth_poll                                 0x0800602d   Thumb Code   198  eth_drv.o(i.eth_poll)
    eth_print_phy_status                     0x0800612d   Thumb Code   506  eth_drv.o(i.eth_print_phy_status)
    eth_recv                                 0x080065e9   Thumb Code    42  eth_drv.o(i.eth_recv)
    eth_rx_flush                             0x0800661d   Thumb Code     4  eth_drv.o(i.eth_rx_flush)
    eth_send                                 0x08006621   Thumb Code    44  eth_drv.o(i.eth_send)
    etharp_input                             0x08006765   Thumb Code   154  etharp.o(i.etharp_input)
    etharp_output                            0x08006801   Thumb Code   232  etharp.o(i.etharp_output)
    etharp_query                             0x08006955   Thumb Code   242  etharp.o(i.etharp_query)
    etharp_request                           0x08006add   Thumb Code     6  etharp.o(i.etharp_request)
    etharp_tmr                               0x08006b09   Thumb Code    90  etharp.o(i.etharp_tmr)
    ethernet_input                           0x08006bed   Thumb Code   160  ethernet.o(i.ethernet_input)
    ethernet_output                          0x08006c91   Thumb Code    74  ethernet.o(i.ethernet_output)
    ethernetif_dma_init                      0x08006cdd   Thumb Code    38  eth_netif.o(i.ethernetif_dma_init)
    ethernetif_init                          0x08006d09   Thumb Code    40  eth_netif.o(i.ethernetif_init)
    ethernetif_input                         0x08006d39   Thumb Code    30  eth_netif.o(i.ethernetif_input)
    ethernetif_set_link                      0x08006d57   Thumb Code    10  eth_netif.o(i.ethernetif_set_link)
    fputc                                    0x08006e59   Thumb Code    20  debug_serial.o(i.fputc)
    free                                     0x08006e71   Thumb Code    76  malloc.o(i.free)
    icmp_dest_unreach                        0x08006ec1   Thumb Code     8  icmp.o(i.icmp_dest_unreach)
    icmp_input                               0x08006ec9   Thumb Code   294  icmp.o(i.icmp_input)
    inet_chksum                              0x0800707d   Thumb Code    12  inet_chksum.o(i.inet_chksum)
    inet_chksum_pbuf                         0x08007089   Thumb Code    74  inet_chksum.o(i.inet_chksum_pbuf)
    inet_chksum_pseudo                       0x080070d3   Thumb Code    40  inet_chksum.o(i.inet_chksum_pseudo)
    ip4_addr_isbroadcast_u32                 0x08007167   Thumb Code    46  ip4_addr.o(i.ip4_addr_isbroadcast_u32)
    ip4_input                                0x08007195   Thumb Code   392  ip4.o(i.ip4_input)
    ip4_output_if                            0x08007351   Thumb Code    30  ip4.o(i.ip4_output_if)
    ip4_output_if_src                        0x08007371   Thumb Code   198  ip4.o(i.ip4_output_if_src)
    ip4_route                                0x08007441   Thumb Code    86  ip4.o(i.ip4_route)
    ip_chksum_pseudo                         0x080074a1   Thumb Code    12  inet_chksum.o(i.ip_chksum_pseudo)
    lwip_htonl                               0x08007759   Thumb Code     4  def.o(i.lwip_htonl)
    lwip_htons                               0x0800775d   Thumb Code     4  def.o(i.lwip_htons)
    lwip_init                                0x08007761   Thumb Code    30  init.o(i.lwip_init)
    lwip_standard_chksum                     0x08007781   Thumb Code    88  inet_chksum.o(i.lwip_standard_chksum)
    main                                     0x080077d9   Thumb Code  2390  main.o(i.main)
    malloc                                   0x080081cd   Thumb Code    92  malloc.o(i.malloc)
    mem_free                                 0x08008239   Thumb Code     4  mem.o(i.mem_free)
    mem_init                                 0x0800823d   Thumb Code     2  mem.o(i.mem_init)
    mem_malloc                               0x0800823f   Thumb Code    22  mem.o(i.mem_malloc)
    mem_trim                                 0x08008255   Thumb Code     2  mem.o(i.mem_trim)
    memp_free                                0x08008259   Thumb Code    20  memp.o(i.memp_free)
    memp_init                                0x08008271   Thumb Code    26  memp.o(i.memp_init)
    memp_init_pool                           0x08008291   Thumb Code    36  memp.o(i.memp_init_pool)
    memp_malloc                              0x080082b5   Thumb Code    18  memp.o(i.memp_malloc)
    netif_add                                0x080082cd   Thumb Code   156  netif.o(i.netif_add)
    netif_get_by_index                       0x080083f1   Thumb Code    34  netif.o(i.netif_get_by_index)
    netif_init                               0x08008419   Thumb Code     2  netif.o(i.netif_init)
    netif_set_addr                           0x08008445   Thumb Code    90  netif.o(i.netif_set_addr)
    netif_set_default                        0x080084a5   Thumb Code     6  netif.o(i.netif_set_default)
    netif_set_link_down                      0x080084b1   Thumb Code    22  netif.o(i.netif_set_link_down)
    netif_set_link_up                        0x080084c7   Thumb Code    42  netif.o(i.netif_set_link_up)
    netif_set_up                             0x080084f1   Thumb Code    28  netif.o(i.netif_set_up)
    pbuf_add_header                          0x08008527   Thumb Code     6  pbuf.o(i.pbuf_add_header)
    pbuf_alloc                               0x08008575   Thumb Code   202  pbuf.o(i.pbuf_alloc)
    pbuf_alloc_reference                     0x08008645   Thumb Code    46  pbuf.o(i.pbuf_alloc_reference)
    pbuf_cat                                 0x08008673   Thumb Code    40  pbuf.o(i.pbuf_cat)
    pbuf_chain                               0x0800869b   Thumb Code    18  pbuf.o(i.pbuf_chain)
    pbuf_clen                                0x080086ad   Thumb Code    18  pbuf.o(i.pbuf_clen)
    pbuf_clone                               0x080086bf   Thumb Code    30  pbuf.o(i.pbuf_clone)
    pbuf_copy                                0x080086dd   Thumb Code    16  pbuf.o(i.pbuf_copy)
    pbuf_copy_partial                        0x080086ed   Thumb Code   102  pbuf.o(i.pbuf_copy_partial)
    pbuf_copy_partial_pbuf                   0x08008753   Thumb Code   176  pbuf.o(i.pbuf_copy_partial_pbuf)
    pbuf_free                                0x08008803   Thumb Code    86  pbuf.o(i.pbuf_free)
    pbuf_free_ooseq                          0x08008859   Thumb Code    42  pbuf.o(i.pbuf_free_ooseq)
    pbuf_header_force                        0x0800888d   Thumb Code     6  pbuf.o(i.pbuf_header_force)
    pbuf_realloc                             0x080088bd   Thumb Code    78  pbuf.o(i.pbuf_realloc)
    pbuf_ref                                 0x0800890b   Thumb Code    26  pbuf.o(i.pbuf_ref)
    pbuf_remove_header                       0x08008925   Thumb Code    46  pbuf.o(i.pbuf_remove_header)
    protocol_decode_job                      0x08008e2d   Thumb Code   170  protocol.o(i.protocol_decode_job)
    protocol_decode_latency                  0x08008ed7   Thumb Code    46  protocol.o(i.protocol_decode_latency)
    protocol_decode_set_frequency            0x08008f05   Thumb Code    18  protocol.o(i.protocol_decode_set_frequency)
    protocol_decode_setparams                0x08008f17   Thumb Code    24  protocol.o(i.protocol_decode_setparams)
    protocol_decode_setpower                 0x08008f2f   Thumb Code    18  protocol.o(i.protocol_decode_setpower)
    protocol_decode_version_mask             0x08008f41   Thumb Code    22  protocol.o(i.protocol_decode_version_mask)
    protocol_encode_ack                      0x08008f57   Thumb Code    16  protocol.o(i.protocol_encode_ack)
    protocol_encode_error                    0x08008f67   Thumb Code    58  protocol.o(i.protocol_encode_error)
    protocol_encode_frequency_status         0x08008fa1   Thumb Code    38  protocol.o(i.protocol_encode_frequency_status)
    protocol_encode_hashrate                 0x08008fc7   Thumb Code    26  protocol.o(i.protocol_encode_hashrate)
    protocol_encode_hello                    0x08008fe1   Thumb Code    72  protocol.o(i.protocol_encode_hello)
    protocol_encode_latency                  0x08009029   Thumb Code    28  protocol.o(i.protocol_encode_latency)
    protocol_encode_nonce                    0x08009045   Thumb Code    74  protocol.o(i.protocol_encode_nonce)
    protocol_encode_telemetry                0x08009095   Thumb Code   104  protocol.o(i.protocol_encode_telemetry)
    protocol_peek_frame                      0x080090fd   Thumb Code    68  protocol.o(i.protocol_peek_frame)
    sys_arch_protect                         0x080097c9   Thumb Code     4  sys_arch.o(i.sys_arch_protect)
    sys_arch_unprotect                       0x080097cd   Thumb Code     2  sys_arch.o(i.sys_arch_unprotect)
    sys_check_timeouts                       0x080097d1   Thumb Code    74  timeouts.o(i.sys_check_timeouts)
    sys_now                                  0x08009825   Thumb Code     4  sys_arch.o(i.sys_now)
    sys_timeout                              0x08009829   Thumb Code    26  timeouts.o(i.sys_timeout)
    sys_timeouts_init                        0x08009895   Thumb Code    30  timeouts.o(i.sys_timeouts_init)
    tcp_abandon                              0x080098bd   Thumb Code   206  tcp.o(i.tcp_abandon)
    tcp_abort                                0x08009991   Thumb Code     6  tcp.o(i.tcp_abort)
    tcp_alloc                                0x08009999   Thumb Code   292  tcp.o(i.tcp_alloc)
    tcp_bind                                 0x08009acd   Thumb Code   136  tcp.o(i.tcp_bind)
    tcp_close                                0x08009d69   Thumb Code    28  tcp.o(i.tcp_close)
    tcp_connect                              0x08009ee1   Thumb Code   250  tcp.o(i.tcp_connect)
    tcp_eff_send_mss_netif                   0x0800a079   Thumb Code    30  tcp.o(i.tcp_eff_send_mss_netif)
    tcp_enqueue_flags                        0x0800a097   Thumb Code   136  tcp_out.o(i.tcp_enqueue_flags)
    tcp_err                                  0x0800a11f   Thumb Code    10  tcp.o(i.tcp_err)
    tcp_fasttmr                              0x0800a129   Thumb Code   102  tcp.o(i.tcp_fasttmr)
    tcp_free                                 0x0800a195   Thumb Code     8  tcp.o(i.tcp_free)
    tcp_free_ooseq                           0x0800a1fd   Thumb Code    20  tcp.o(i.tcp_free_ooseq)
    tcp_init                                 0x0800a239   Thumb Code    26  tcp.o(i.tcp_init)
    tcp_input                                0x0800a25d   Thumb Code   942  tcp_in.o(i.tcp_input)
    tcp_keepalive                            0x0800a665   Thumb Code    50  tcp_out.o(i.tcp_keepalive)
    tcp_netif_ip_addr_changed                0x0800a7dd   Thumb Code    70  tcp.o(i.tcp_netif_ip_addr_changed)
    tcp_new                                  0x0800a84b   Thumb Code     6  tcp.o(i.tcp_new)
    tcp_next_iss                             0x0800a8b1   Thumb Code    12  tcp.o(i.tcp_next_iss)
    tcp_output                               0x0800a935   Thumb Code   500  tcp_out.o(i.tcp_output)
    tcp_pcb_purge                            0x0800adc9   Thumb Code    70  tcp.o(i.tcp_pcb_purge)
    tcp_pcb_remove                           0x0800ae0f   Thumb Code    80  tcp.o(i.tcp_pcb_remove)
    tcp_poll                                 0x0800ae5f   Thumb Code    12  tcp.o(i.tcp_poll)
    tcp_process_refused_data                 0x0800b1ed   Thumb Code   118  tcp.o(i.tcp_process_refused_data)
    tcp_recv                                 0x0800b8b9   Thumb Code    10  tcp.o(i.tcp_recv)
    tcp_recv_null                            0x0800b8c3   Thumb Code    44  tcp.o(i.tcp_recv_null)
    tcp_recved                               0x0800b8ef   Thumb Code    64  tcp.o(i.tcp_recved)
    tcp_rexmit                               0x0800b92f   Thumb Code   102  tcp_out.o(i.tcp_rexmit)
    tcp_rexmit_fast                          0x0800b995   Thumb Code    92  tcp_out.o(i.tcp_rexmit_fast)
    tcp_rexmit_rto                           0x0800b9f1   Thumb Code    24  tcp_out.o(i.tcp_rexmit_rto)
    tcp_rexmit_rto_commit                    0x0800ba09   Thumb Code    18  tcp_out.o(i.tcp_rexmit_rto_commit)
    tcp_rexmit_rto_prepare                   0x0800ba1b   Thumb Code   102  tcp_out.o(i.tcp_rexmit_rto_prepare)
    tcp_rst                                  0x0800ba91   Thumb Code    48  tcp_out.o(i.tcp_rst)
    tcp_rst_netif                            0x0800baf3   Thumb Code    46  tcp_out.o(i.tcp_rst_netif)
    tcp_seg_copy                             0x0800bb31   Thumb Code    40  tcp.o(i.tcp_seg_copy)
    tcp_seg_free                             0x0800bb59   Thumb Code    28  tcp.o(i.tcp_seg_free)
    tcp_segs_free                            0x0800bb75   Thumb Code    18  tcp.o(i.tcp_segs_free)
    tcp_send_empty_ack                       0x0800bb87   Thumb Code    70  tcp_out.o(i.tcp_send_empty_ack)
    tcp_send_fin                             0x0800bbcd   Thumb Code    68  tcp_out.o(i.tcp_send_fin)
    tcp_slowtmr                              0x0800bc11   Thumb Code   696  tcp.o(i.tcp_slowtmr)
    tcp_split_unsent_seg                     0x0800bed5   Thumb Code   280  tcp_out.o(i.tcp_split_unsent_seg)
    tcp_timer_needed                         0x0800bfed   Thumb Code    36  timeouts.o(i.tcp_timer_needed)
    tcp_tmr                                  0x0800c089   Thumb Code    28  tcp.o(i.tcp_tmr)
    tcp_trigger_input_pcb_close              0x0800c0a9   Thumb Code    12  tcp_in.o(i.tcp_trigger_input_pcb_close)
    tcp_update_rcv_ann_wnd                   0x0800c0b9   Thumb Code    46  tcp.o(i.tcp_update_rcv_ann_wnd)
    tcp_write                                0x0800c0e9   Thumb Code   848  tcp_out.o(i.tcp_write)
    tcp_zero_window_probe                    0x0800c439   Thumb Code   160  tcp_out.o(i.tcp_zero_window_probe)
    tmp1075_init                             0x0800c511   Thumb Code     8  tmp1075.o(i.tmp1075_init)
    tmp1075_probe                            0x0800c519   Thumb Code    48  tmp1075.o(i.tmp1075_probe)
    tmp1075_read_temperature                 0x0800c549   Thumb Code    90  tmp1075.o(i.tmp1075_read_temperature)
    tps546d24a_apply_board_config            0x0800c5a5   Thumb Code   540  tps546d24a.o(i.tps546d24a_apply_board_config)
    tps546d24a_clear_faults                  0x0800c7d9   Thumb Code    42  tps546d24a.o(i.tps546d24a_clear_faults)
    tps546d24a_init                          0x0800c803   Thumb Code     8  tps546d24a.o(i.tps546d24a_init)
    tps546d24a_probe                         0x0800c80b   Thumb Code    32  tps546d24a.o(i.tps546d24a_probe)
    tps546d24a_read_byte_cmd                 0x0800c82b   Thumb Code    10  tps546d24a.o(i.tps546d24a_read_byte_cmd)
    tps546d24a_read_telemetry                0x0800c835   Thumb Code   234  tps546d24a.o(i.tps546d24a_read_telemetry)
    tps546d24a_read_vout16_cmd_mv            0x0800c925   Thumb Code    74  tps546d24a.o(i.tps546d24a_read_vout16_cmd_mv)
    tps546d24a_read_vout_command_mv          0x0800c96f   Thumb Code    16  tps546d24a.o(i.tps546d24a_read_vout_command_mv)
    tps546d24a_read_word_cmd                 0x0800c97f   Thumb Code    10  tps546d24a.o(i.tps546d24a_read_word_cmd)
    tps546d24a_set_enabled                   0x0800c989   Thumb Code   114  tps546d24a.o(i.tps546d24a_set_enabled)
    tps546d24a_set_vout_mv                   0x0800c9fd   Thumb Code   190  tps546d24a.o(i.tps546d24a_set_vout_mv)
    udp_bind                                 0x0800d0c9   Thumb Code   174  udp.o(i.udp_bind)
    udp_connect                              0x0800d181   Thumb Code    76  udp.o(i.udp_connect)
    udp_init                                 0x0800d1d1   Thumb Code    26  udp.o(i.udp_init)
    udp_input                                0x0800d1f5   Thumb Code   368  udp.o(i.udp_input)
    udp_netif_ip_addr_changed                0x0800d36d   Thumb Code    48  udp.o(i.udp_netif_ip_addr_changed)
    udp_new                                  0x0800d3a1   Thumb Code    26  udp.o(i.udp_new)
    udp_recv                                 0x0800d3bb   Thumb Code    10  udp.o(i.udp_recv)
    udp_remove                               0x0800d3c5   Thumb Code    48  udp.o(i.udp_remove)
    udp_sendto_if                            0x0800d3f9   Thumb Code    60  udp.o(i.udp_sendto_if)
    udp_sendto_if_src                        0x0800d435   Thumb Code   224  udp.o(i.udp_sendto_if_src)
    AHBPrescTable                            0x0800d626   Data          16  system_stm32f1xx.o(.constdata)
    APBPrescTable                            0x0800d636   Data           8  system_stm32f1xx.o(.constdata)
    memp_UDP_PCB                             0x0800d640   Data          12  memp.o(.constdata)
    memp_TCP_PCB                             0x0800d64c   Data          12  memp.o(.constdata)
    memp_TCP_PCB_LISTEN                      0x0800d658   Data          12  memp.o(.constdata)
    memp_TCP_SEG                             0x0800d664   Data          12  memp.o(.constdata)
    memp_SYS_TIMEOUT                         0x0800d670   Data          12  memp.o(.constdata)
    memp_PBUF                                0x0800d67c   Data          12  memp.o(.constdata)
    memp_PBUF_POOL                           0x0800d688   Data          12  memp.o(.constdata)
    memp_pools                               0x0800d694   Data          28  memp.o(.constdata)
    lwip_cyclic_timers                       0x0800d6b0   Data          32  timeouts.o(.constdata)
    tcp_pcb_lists                            0x0800d714   Data          16  tcp.o(.constdata)
    ip_addr_any                              0x0800d724   Data           4  ip4_addr.o(.constdata)
    ip_addr_broadcast                        0x0800d728   Data           4  ip4_addr.o(.constdata)
    ethbroadcast                             0x0800d72c   Data           6  ethernet.o(.constdata)
    ethzero                                  0x0800d732   Data           6  ethernet.o(.constdata)
    Region$$Table$$Base                      0x0800dd00   Number         0  anon$$obj.o(Region$$Table)
    Region$$Table$$Limit                     0x0800dd20   Number         0  anon$$obj.o(Region$$Table)
    g_ms                                     0x2000004c   Data           4  main.o(.data)
    uwTickFreq                               0x200000b8   Data           1  stm32f1xx_hal.o(.data)
    uwTickPrio                               0x200000bc   Data           4  stm32f1xx_hal.o(.data)
    uwTick                                   0x200000c0   Data           4  stm32f1xx_hal.o(.data)
    SystemCoreClock                          0x200000c4   Data           4  system_stm32f1xx.o(.data)
    netif_list                               0x200000e8   Data           4  netif.o(.data)
    netif_default                            0x200000ec   Data           4  netif.o(.data)
    pbuf_free_ooseq_pending                  0x200000f0   Data           1  pbuf.o(.data)
    tcp_active_pcbs_changed                  0x20000100   Data           1  tcp.o(.data)
    tcp_ticks                                0x2000010c   Data           4  tcp.o(.data)
    tcp_bound_pcbs                           0x20000110   Data           4  tcp.o(.data)
    tcp_listen_pcbs                          0x20000114   Data           4  tcp.o(.data)
    tcp_active_pcbs                          0x20000118   Data           4  tcp.o(.data)
    tcp_tw_pcbs                              0x2000011c   Data           4  tcp.o(.data)
    tcp_input_pcb                            0x20000140   Data           4  tcp_in.o(.data)
    udp_pcbs                                 0x20000148   Data           4  udp.o(.data)
    __stdout                                 0x20000178   Data           4  stdout.o(.data)
    __microlib_freelist                      0x2000017c   Data           4  mvars.o(.data)
    __microlib_freelist_initialised          0x20000180   Data           4  mvars.o(.data)
    heth                                     0x20001620   Data          72  main.o(.bss)
    hi2c1                                    0x20001668   Data          84  main.o(.bss)
    huart1                                   0x200016bc   Data          72  main.o(.bss)
    huart2                                   0x20001704   Data          72  main.o(.bss)
    memp_memory_UDP_PCB_base                 0x20002038   Data         128  memp.o(.bss)
    memp_memory_TCP_PCB_base                 0x200020b8   Data         656  memp.o(.bss)
    memp_memory_TCP_PCB_LISTEN_base          0x20002348   Data         224  memp.o(.bss)
    memp_memory_TCP_SEG_base                 0x20002428   Data         256  memp.o(.bss)
    memp_memory_SYS_TIMEOUT_base             0x20002528   Data          64  memp.o(.bss)
    memp_memory_PBUF_base                    0x20002568   Data         256  memp.o(.bss)
    memp_memory_PBUF_POOL_base               0x20002668   Data       12320  memp.o(.bss)
    ip_data                                  0x20005698   Data          24  ip.o(.bss)
    __heap_base                              0x20007580   Data           0  startup_stm32f10x_cl.o(HEAP)
    __heap_limit                             0x20007780   Data           0  startup_stm32f10x_cl.o(HEAP)
    __initial_sp                             0x20007b80   Data           0  startup_stm32f10x_cl.o(STACK)



==============================================================================

Memory Map of the image

  Image Entry point : 0x08000151

  Load Region LR_IROM1 (Base: 0x08000000, Size: 0x0000dea4, Max: 0x00040000, ABSOLUTE, COMPRESSED[0x0000dd58])

    Execution Region ER_IROM1 (Exec base: 0x08000000, Load base: 0x08000000, Size: 0x0000dd20, Max: 0x00040000, ABSOLUTE)

    Exec Addr    Load Addr    Size         Type   Attr      Idx    E Section Name        Object

    0x08000000   0x08000000   0x00000150   Data   RO            3    RESET               startup_stm32f10x_cl.o
    0x08000150   0x08000150   0x00000000   Code   RO         5676  * .ARM.Collect$$$$00000000  mc_w.l(entry.o)
    0x08000150   0x08000150   0x00000004   Code   RO         6052    .ARM.Collect$$$$00000001  mc_w.l(entry2.o)
    0x08000154   0x08000154   0x00000004   Code   RO         6055    .ARM.Collect$$$$00000004  mc_w.l(entry5.o)
    0x08000158   0x08000158   0x00000000   Code   RO         6057    .ARM.Collect$$$$00000008  mc_w.l(entry7b.o)
    0x08000158   0x08000158   0x00000000   Code   RO         6059    .ARM.Collect$$$$0000000A  mc_w.l(entry8b.o)
    0x08000158   0x08000158   0x00000008   Code   RO         6060    .ARM.Collect$$$$0000000B  mc_w.l(entry9a.o)
    0x08000160   0x08000160   0x00000004   Code   RO         6067    .ARM.Collect$$$$0000000E  mc_w.l(entry12b.o)
    0x08000164   0x08000164   0x00000000   Code   RO         6062    .ARM.Collect$$$$0000000F  mc_w.l(entry10a.o)
    0x08000164   0x08000164   0x00000000   Code   RO         6064    .ARM.Collect$$$$00000011  mc_w.l(entry11a.o)
    0x08000164   0x08000164   0x00000004   Code   RO         6053    .ARM.Collect$$$$00002712  mc_w.l(entry2.o)
    0x08000168   0x08000168   0x00000024   Code   RO            4    .text               startup_stm32f10x_cl.o
    0x0800018c   0x0800018c   0x00000062   Code   RO         5679    .text               mc_w.l(uldiv.o)
    0x080001ee   0x080001ee   0x00000020   Code   RO         5681    .text               mc_w.l(llushr.o)
    0x0800020e   0x0800020e   0x00000040   Code   RO         5713    .text               mc_w.l(memmovea.o)
    0x0800024e   0x0800024e   0x00000024   Code   RO         5715    .text               mc_w.l(memseta.o)
    0x08000272   0x08000272   0x0000000e   Code   RO         5717    .text               mc_w.l(strlen.o)
    0x08000280   0x08000280   0x0000001a   Code   RO         5719    .text               mc_w.l(memcmp.o)
    0x0800029a   0x0800029a   0x000000b0   Code   RO         6020    .text               mf_w.l(fadd.o)
    0x0800034a   0x0800034a   0x00000064   Code   RO         6022    .text               mf_w.l(fmul.o)
    0x080003ae   0x080003ae   0x0000007c   Code   RO         6024    .text               mf_w.l(fdiv.o)
    0x0800042a   0x0800042a   0x00000018   Code   RO         6026    .text               mf_w.l(fscalb.o)
    0x08000442   0x08000442   0x000000e4   Code   RO         6028    .text               mf_w.l(dmul.o)
    0x08000526   0x08000526   0x000000de   Code   RO         6030    .text               mf_w.l(ddiv.o)
    0x08000604   0x08000604   0x0000002e   Code   RO         6032    .text               mf_w.l(dscalb.o)
    0x08000632   0x08000632   0x0000000a   Code   RO         6036    .text               mf_w.l(ffltui.o)
    0x0800063c   0x0800063c   0x0000001a   Code   RO         6038    .text               mf_w.l(dfltui.o)
    0x08000656   0x08000656   0x00000032   Code   RO         6040    .text               mf_w.l(ffixi.o)
    0x08000688   0x08000688   0x00000028   Code   RO         6042    .text               mf_w.l(ffixui.o)
    0x080006b0   0x080006b0   0x00000032   Code   RO         6044    .text               mf_w.l(dfixui.o)
    0x080006e2   0x080006e2   0x00000026   Code   RO         6046    .text               mf_w.l(f2d.o)
    0x08000708   0x08000708   0x00000014   Code   RO         6048    .text               mf_w.l(cfcmple.o)
    0x0800071c   0x0800071c   0x0000002c   Code   RO         6069    .text               mc_w.l(uidiv.o)
    0x08000748   0x08000748   0x0000001e   Code   RO         6071    .text               mc_w.l(llshl.o)
    0x08000766   0x08000766   0x00000000   Code   RO         6084    .text               mc_w.l(iusefp.o)
    0x08000766   0x08000766   0x0000006e   Code   RO         6085    .text               mf_w.l(fepilogue.o)
    0x080007d4   0x080007d4   0x000000ba   Code   RO         6087    .text               mf_w.l(depilogue.o)
    0x0800088e   0x0800088e   0x0000014e   Code   RO         6089    .text               mf_w.l(dadd.o)
    0x080009dc   0x080009dc   0x00000030   Code   RO         6091    .text               mf_w.l(dfixul.o)
    0x08000a0c   0x08000a0c   0x00000030   Code   RO         6093    .text               mf_w.l(cdrcmple.o)
    0x08000a3c   0x08000a3c   0x00000024   Code   RO         6095    .text               mc_w.l(init.o)
    0x08000a60   0x08000a60   0x00000024   Code   RO         6097    .text               mc_w.l(llsshr.o)
    0x08000a84   0x08000a84   0x0000003a   Code   RO         6111    .text               mc_w.l(__dczerorl.o)
    0x08000abe   0x08000abe   0x00000002   Code   RO         1161    i.BusFault_Handler  stm32f1xx_it.o
    0x08000ac0   0x08000ac0   0x00000002   Code   RO         1162    i.DebugMon_Handler  stm32f1xx_it.o
    0x08000ac2   0x08000ac2   0x00000002   PAD
    0x08000ac4   0x08000ac4   0x00000014   Code   RO          977    i.ETH_DMATransmissionRequest  lwip_eth.o
    0x08000ad8   0x08000ad8   0x0000011c   Code   RO          978    i.ETH_DMA_Init      lwip_eth.o
    0x08000bf4   0x08000bf4   0x0000001e   Code   RO          979    i.ETH_GetRxPktSize  lwip_eth.o
    0x08000c12   0x08000c12   0x0000002a   Code   RO         1348    i.ETH_MACAddressConfig  stm32f1xx_hal_eth.o
    0x08000c3c   0x08000c3c   0x00000188   Code   RO         1349    i.ETH_MACDMAConfig  stm32f1xx_hal_eth.o
    0x08000dc4   0x08000dc4   0x0000003c   Code   RO          981    i.ETH_MAC_Init      lwip_eth.o
    0x08000e00   0x08000e00   0x00000050   Code   RO          982    i.ETH_ReadPHYRegister  lwip_eth.o
    0x08000e50   0x08000e50   0x00000012   Code   RO          983    i.ETH_ReleaseRxDesc  lwip_eth.o
    0x08000e62   0x08000e62   0x00000002   PAD
    0x08000e64   0x08000e64   0x0000004c   Code   RO          985    i.ETH_WritePHYRegister  lwip_eth.o
    0x08000eb0   0x08000eb0   0x00000028   Code   RO         1547    i.HAL_Delay         stm32f1xx_hal.o
    0x08000ed8   0x08000ed8   0x00000214   Code   RO         1364    i.HAL_ETH_Init      stm32f1xx_hal_eth.o
    0x080010ec   0x080010ec   0x0000010c   Code   RO         1247    i.HAL_ETH_MspInit   stm32f1xx_hal_msp.o
    0x080011f8   0x080011f8   0x0000008c   Code   RO         1367    i.HAL_ETH_ReadPHYRegister  stm32f1xx_hal_eth.o
    0x08001284   0x08001284   0x00000084   Code   RO         1373    i.HAL_ETH_WritePHYRegister  stm32f1xx_hal_eth.o
    0x08001308   0x08001308   0x000001fc   Code   RO         1886    i.HAL_GPIO_Init     stm32f1xx_hal_gpio.o
    0x08001504   0x08001504   0x00000010   Code   RO         1889    i.HAL_GPIO_TogglePin  stm32f1xx_hal_gpio.o
    0x08001514   0x08001514   0x0000000e   Code   RO         1890    i.HAL_GPIO_WritePin  stm32f1xx_hal_gpio.o
    0x08001522   0x08001522   0x00000002   PAD
    0x08001524   0x08001524   0x0000000c   Code   RO         1551    i.HAL_GetTick       stm32f1xx_hal.o
    0x08001530   0x08001530   0x000001ac   Code   RO         2573    i.HAL_I2C_Init      stm32f1xx_hal_i2c.o
    0x080016dc   0x080016dc   0x00000188   Code   RO         2574    i.HAL_I2C_IsDeviceReady  stm32f1xx_hal_i2c.o
    0x08001864   0x08001864   0x00000160   Code   RO         2586    i.HAL_I2C_Master_Transmit  stm32f1xx_hal_i2c.o
    0x080019c4   0x080019c4   0x0000032c   Code   RO         2591    i.HAL_I2C_Mem_Read  stm32f1xx_hal_i2c.o
    0x08001cf0   0x08001cf0   0x00000174   Code   RO         2594    i.HAL_I2C_Mem_Write  stm32f1xx_hal_i2c.o
    0x08001e64   0x08001e64   0x0000005c   Code   RO         1249    i.HAL_I2C_MspInit   stm32f1xx_hal_msp.o
    0x08001ec0   0x08001ec0   0x00000010   Code   RO         1557    i.HAL_IncTick       stm32f1xx_hal.o
    0x08001ed0   0x08001ed0   0x00000024   Code   RO         1558    i.HAL_Init          stm32f1xx_hal.o
    0x08001ef4   0x08001ef4   0x00000044   Code   RO         1559    i.HAL_InitTick      stm32f1xx_hal.o
    0x08001f38   0x08001f38   0x0000003c   Code   RO         1250    i.HAL_MspInit       stm32f1xx_hal_msp.o
    0x08001f74   0x08001f74   0x0000001c   Code   RO         2046    i.HAL_NVIC_EnableIRQ  stm32f1xx_hal_cortex.o
    0x08001f90   0x08001f90   0x00000068   Code   RO         2052    i.HAL_NVIC_SetPriority  stm32f1xx_hal_cortex.o
    0x08001ff8   0x08001ff8   0x00000024   Code   RO         2053    i.HAL_NVIC_SetPriorityGrouping  stm32f1xx_hal_cortex.o
    0x0800201c   0x0800201c   0x00000180   Code   RO         1715    i.HAL_RCC_ClockConfig  stm32f1xx_hal_rcc.o
    0x0800219c   0x0800219c   0x0000000c   Code   RO         1720    i.HAL_RCC_GetHCLKFreq  stm32f1xx_hal_rcc.o
    0x080021a8   0x080021a8   0x00000020   Code   RO         1722    i.HAL_RCC_GetPCLK1Freq  stm32f1xx_hal_rcc.o
    0x080021c8   0x080021c8   0x00000020   Code   RO         1723    i.HAL_RCC_GetPCLK2Freq  stm32f1xx_hal_rcc.o
    0x080021e8   0x080021e8   0x000000a0   Code   RO         1724    i.HAL_RCC_GetSysClockFreq  stm32f1xx_hal_rcc.o
    0x08002288   0x08002288   0x00000048   Code   RO         1725    i.HAL_RCC_MCOConfig  stm32f1xx_hal_rcc.o
    0x080022d0   0x080022d0   0x0000050e   Code   RO         1727    i.HAL_RCC_OscConfig  stm32f1xx_hal_rcc.o
    0x080027de   0x080027de   0x00000002   PAD
    0x080027e0   0x080027e0   0x00000028   Code   RO         2057    i.HAL_SYSTICK_Config  stm32f1xx_hal_cortex.o
    0x08002808   0x08002808   0x00000066   Code   RO         3069    i.HAL_UART_Init     stm32f1xx_hal_uart.o
    0x0800286e   0x0800286e   0x00000002   PAD
    0x08002870   0x08002870   0x000000d4   Code   RO         1252    i.HAL_UART_MspInit  stm32f1xx_hal_msp.o
    0x08002944   0x08002944   0x000000b8   Code   RO         3077    i.HAL_UART_Transmit  stm32f1xx_hal_uart.o
    0x080029fc   0x080029fc   0x00000002   Code   RO         1163    i.HardFault_Handler  stm32f1xx_it.o
    0x080029fe   0x080029fe   0x00000032   Code   RO         2617    i.I2C_IsAcknowledgeFailed  stm32f1xx_hal_i2c.o
    0x08002a30   0x08002a30   0x000000b4   Code   RO         2621    i.I2C_MasterRequestWrite  stm32f1xx_hal_i2c.o
    0x08002ae4   0x08002ae4   0x00000154   Code   RO         2628    i.I2C_RequestMemoryRead  stm32f1xx_hal_i2c.o
    0x08002c38   0x08002c38   0x000000d0   Code   RO         2629    i.I2C_RequestMemoryWrite  stm32f1xx_hal_i2c.o
    0x08002d08   0x08002d08   0x00000066   Code   RO         2637    i.I2C_WaitOnBTFFlagUntilTimeout  stm32f1xx_hal_i2c.o
    0x08002d6e   0x08002d6e   0x000000ea   Code   RO         2638    i.I2C_WaitOnFlagUntilTimeout  stm32f1xx_hal_i2c.o
    0x08002e58   0x08002e58   0x000000ec   Code   RO         2639    i.I2C_WaitOnMasterAddressFlagUntilTimeout  stm32f1xx_hal_i2c.o
    0x08002f44   0x08002f44   0x00000086   Code   RO         2640    i.I2C_WaitOnRXNEFlagUntilTimeout  stm32f1xx_hal_i2c.o
    0x08002fca   0x08002fca   0x00000066   Code   RO         2643    i.I2C_WaitOnTXEFlagUntilTimeout  stm32f1xx_hal_i2c.o
    0x08003030   0x08003030   0x00000050   Code   RO         1059    i.MX_ETH_Init       main.o
    0x08003080   0x08003080   0x000000c0   Code   RO         1060    i.MX_GPIO_Init      main.o
    0x08003140   0x08003140   0x0000009c   Code   RO         1061    i.MX_GPIO_Init_Ext  main.o
    0x080031dc   0x080031dc   0x00000002   Code   RO         1164    i.MemManage_Handler  stm32f1xx_it.o
    0x080031de   0x080031de   0x00000002   Code   RO         1165    i.NMI_Handler       stm32f1xx_it.o
    0x080031e0   0x080031e0   0x00000002   Code   RO         1166    i.PendSV_Handler    stm32f1xx_it.o
    0x080031e2   0x080031e2   0x00000002   PAD
    0x080031e4   0x080031e4   0x00000024   Code   RO         1728    i.RCC_Delay         stm32f1xx_hal_rcc.o
    0x08003208   0x08003208   0x00000002   Code   RO         1167    i.SVC_Handler       stm32f1xx_it.o
    0x0800320a   0x0800320a   0x00000002   PAD
    0x0800320c   0x0800320c   0x00000014   Code   RO         1168    i.SysTick_Handler   stm32f1xx_it.o
    0x08003220   0x08003220   0x000000f4   Code   RO         1062    i.SystemClock_Config  main.o
    0x08003314   0x08003314   0x00000002   Code   RO         3413    i.SystemInit        system_stm32f1xx.o
    0x08003316   0x08003316   0x0000004e   Code   RO         3092    i.UART_EndRxTransfer  stm32f1xx_hal_uart.o
    0x08003364   0x08003364   0x000000c8   Code   RO         3096    i.UART_SetConfig    stm32f1xx_hal_uart.o
    0x0800342c   0x0800342c   0x0000008e   Code   RO         3100    i.UART_WaitOnFlagUntilTimeout  stm32f1xx_hal_uart.o
    0x080034ba   0x080034ba   0x00000004   Code   RO         1169    i.USART1_IRQHandler  stm32f1xx_it.o
    0x080034be   0x080034be   0x00000002   Code   RO         1170    i.UsageFault_Handler  stm32f1xx_it.o
    0x080034c0   0x080034c0   0x00000020   Code   RO         5960    i.__0printf         mc_w.l(printfa.o)
    0x080034e0   0x080034e0   0x00000034   Code   RO         5961    i.__0snprintf       mc_w.l(printfa.o)
    0x08003514   0x08003514   0x0000000e   Code   RO         6105    i.__scatterload_copy  mc_w.l(handlers.o)
    0x08003522   0x08003522   0x00000002   Code   RO         6106    i.__scatterload_null  mc_w.l(handlers.o)
    0x08003524   0x08003524   0x0000000e   Code   RO         6107    i.__scatterload_zeroinit  mc_w.l(handlers.o)
    0x08003532   0x08003532   0x00000002   PAD
    0x08003534   0x08003534   0x00000184   Code   RO         5967    i._fp_digits        mc_w.l(printfa.o)
    0x080036b8   0x080036b8   0x000006b4   Code   RO         5968    i._printf_core      mc_w.l(printfa.o)
    0x08003d6c   0x08003d6c   0x00000024   Code   RO         5969    i._printf_post_padding  mc_w.l(printfa.o)
    0x08003d90   0x08003d90   0x0000002e   Code   RO         5970    i._printf_pre_padding  mc_w.l(printfa.o)
    0x08003dbe   0x08003dbe   0x00000074   Code   RO           13    i._send_packet      bm1366.o
    0x08003e32   0x08003e32   0x00000016   Code   RO         5971    i._snputc           mc_w.l(printfa.o)
    0x08003e48   0x08003e48   0x000000bc   Code   RO         1063    i.apply_board_frequency  main.o
    0x08003f04   0x08003f04   0x00000050   Code   RO           14    i.bm1366_apply_frequency  bm1366.o
    0x08003f54   0x08003f54   0x00000150   Code   RO           15    i.bm1366_count_chips  bm1366.o
    0x080040a4   0x080040a4   0x0000003c   Code   RO           16    i.bm1366_crc16      bm1366.o
    0x080040e0   0x080040e0   0x00000036   Code   RO           17    i.bm1366_crc5       bm1366.o
    0x08004116   0x08004116   0x00000002   PAD
    0x08004118   0x08004118   0x0000000c   Code   RO           19    i.bm1366_get_actual_frequency  bm1366.o
    0x08004124   0x08004124   0x0000000c   Code   RO           20    i.bm1366_get_address_interval  bm1366.o
    0x08004130   0x08004130   0x0000000c   Code   RO           23    i.bm1366_get_chip_count  bm1366.o
    0x0800413c   0x0800413c   0x0000000c   Code   RO           25    i.bm1366_get_target_frequency  bm1366.o
    0x08004148   0x08004148   0x000002f8   Code   RO           26    i.bm1366_init_chips  bm1366.o
    0x08004440   0x08004440   0x000000c8   Code   RO           27    i.bm1366_pll_calc   bm1366.o
    0x08004508   0x08004508   0x000000ac   Code   RO           28    i.bm1366_read_any_result  bm1366.o
    0x080045b4   0x080045b4   0x00000006   Code   RO           31    i.bm1366_send_cmd   bm1366.o
    0x080045ba   0x080045ba   0x00000002   PAD
    0x080045bc   0x080045bc   0x00000018   Code   RO           32    i.bm1366_send_hash_counter_read  bm1366.o
    0x080045d4   0x080045d4   0x00000060   Code   RO           33    i.bm1366_send_job   bm1366.o
    0x08004634   0x08004634   0x00000050   Code   RO           34    i.bm1366_send_raw   bm1366.o
    0x08004684   0x08004684   0x0000004e   Code   RO           35    i.bm1366_set_difficulty_mask  bm1366.o
    0x080046d2   0x080046d2   0x00000002   PAD
    0x080046d4   0x080046d4   0x00000074   Code   RO           36    i.bm1366_set_frequency  bm1366.o
    0x08004748   0x08004748   0x000000a8   Code   RO           37    i.bm1366_set_nonce_space  bm1366.o
    0x080047f0   0x080047f0   0x0000002c   Code   RO           38    i.bm1366_set_version_mask  bm1366.o
    0x0800481c   0x0800481c   0x00000028   Code   RO           42    i.bm1366_uart_init  bm1366.o
    0x08004844   0x08004844   0x00000064   Code   RO           43    i.bm1366_uart_isr_handler  bm1366.o
    0x080048a8   0x080048a8   0x00000028   Code   RO           45    i.bm1366_uart_send  bm1366.o
    0x080048d0   0x080048d0   0x0000002a   Code   RO          665    i.build_frame       protocol.o
    0x080048fa   0x080048fa   0x00000002   PAD
    0x080048fc   0x080048fc   0x00000148   Code   RO         1064    i.check_bm1366_results  main.o
    0x08004a44   0x08004a44   0x000000b8   Code   RO         5319    i.dhcp_bind         dhcp.o
    0x08004afc   0x08004afc   0x000000ac   Code   RO         5321    i.dhcp_coarse_tmr   dhcp.o
    0x08004ba8   0x08004ba8   0x000000dc   Code   RO         5322    i.dhcp_create_msg   dhcp.o
    0x08004c84   0x08004c84   0x00000020   Code   RO         5323    i.dhcp_dec_pcb_refcount  dhcp.o
    0x08004ca4   0x08004ca4   0x000000f4   Code   RO         5324    i.dhcp_discover     dhcp.o
    0x08004d98   0x08004d98   0x00000074   Code   RO         5325    i.dhcp_fine_tmr     dhcp.o
    0x08004e0c   0x08004e0c   0x00000070   Code   RO         5326    i.dhcp_handle_ack   dhcp.o
    0x08004e7c   0x08004e7c   0x00000050   Code   RO         5327    i.dhcp_inc_pcb_refcount  dhcp.o
    0x08004ecc   0x08004ecc   0x00000030   Code   RO         5329    i.dhcp_network_changed_link_up  dhcp.o
    0x08004efc   0x08004efc   0x0000000e   Code   RO         5330    i.dhcp_option       dhcp.o
    0x08004f0a   0x08004f0a   0x00000008   Code   RO         5331    i.dhcp_option_byte  dhcp.o
    0x08004f12   0x08004f12   0x00000048   Code   RO         5332    i.dhcp_option_hostname  dhcp.o
    0x08004f5a   0x08004f5a   0x00000020   Code   RO         5333    i.dhcp_option_long  dhcp.o
    0x08004f7a   0x08004f7a   0x00000010   Code   RO         5334    i.dhcp_option_short  dhcp.o
    0x08004f8a   0x08004f8a   0x00000020   Code   RO         5335    i.dhcp_option_trailer  dhcp.o
    0x08004faa   0x08004faa   0x00000002   PAD
    0x08004fac   0x08004fac   0x00000204   Code   RO         5336    i.dhcp_parse_reply  dhcp.o
    0x080051b0   0x080051b0   0x000000e4   Code   RO         5337    i.dhcp_rebind       dhcp.o
    0x08005294   0x08005294   0x0000010c   Code   RO         5338    i.dhcp_reboot       dhcp.o
    0x080053a0   0x080053a0   0x00000104   Code   RO         5339    i.dhcp_recv         dhcp.o
    0x080054a4   0x080054a4   0x000000c4   Code   RO         5341    i.dhcp_release_and_stop  dhcp.o
    0x08005568   0x08005568   0x000000e0   Code   RO         5342    i.dhcp_renew        dhcp.o
    0x08005648   0x08005648   0x00000158   Code   RO         5343    i.dhcp_select       dhcp.o
    0x080057a0   0x080057a0   0x00000010   Code   RO         5344    i.dhcp_set_state    dhcp.o
    0x080057b0   0x080057b0   0x00000074   Code   RO         5346    i.dhcp_start        dhcp.o
    0x08005824   0x08005824   0x0000001c   Code   RO         5348    i.dhcp_supplied_address  dhcp.o
    0x08005840   0x08005840   0x0000001c   Code   RO         3719    i.do_memp_free_pool  memp.o
    0x0800585c   0x0800585c   0x00000022   Code   RO         3720    i.do_memp_malloc_pool  memp.o
    0x0800587e   0x0800587e   0x00000002   PAD
    0x08005880   0x08005880   0x000000f0   Code   RO          410    i.eth_connect       eth_drv.o
    0x08005970   0x08005970   0x00000420   Code   RO          411    i.eth_deep_debug    eth_drv.o
    0x08005d90   0x08005d90   0x00000018   Code   RO          412    i.eth_get_ip        eth_drv.o
    0x08005da8   0x08005da8   0x00000010   Code   RO          413    i.eth_has_ip        eth_drv.o
    0x08005db8   0x08005db8   0x00000230   Code   RO          414    i.eth_init          eth_drv.o
    0x08005fe8   0x08005fe8   0x0000000c   Code   RO          415    i.eth_is_connected  eth_drv.o
    0x08005ff4   0x08005ff4   0x00000010   Code   RO          416    i.eth_link_status   eth_drv.o
    0x08006004   0x08006004   0x0000000c   Code   RO         5581    i.eth_netif_get_rx_count  eth_netif.o
    0x08006010   0x08006010   0x0000000c   Code   RO         5582    i.eth_netif_get_tx_count  eth_netif.o
    0x0800601c   0x0800601c   0x00000010   Code   RO         5583    i.eth_netif_reset_counts  eth_netif.o
    0x0800602c   0x0800602c   0x00000100   Code   RO          417    i.eth_poll          eth_drv.o
    0x0800612c   0x0800612c   0x000004bc   Code   RO          418    i.eth_print_phy_status  eth_drv.o
    0x080065e8   0x080065e8   0x00000034   Code   RO          419    i.eth_recv          eth_drv.o
    0x0800661c   0x0800661c   0x00000004   Code   RO          420    i.eth_rx_flush      eth_drv.o
    0x08006620   0x08006620   0x00000030   Code   RO          421    i.eth_send          eth_drv.o
    0x08006650   0x08006650   0x000000f0   Code   RO         5187    i.etharp_find_entry  etharp.o
    0x08006740   0x08006740   0x00000024   Code   RO         5188    i.etharp_free_entry  etharp.o
    0x08006764   0x08006764   0x0000009a   Code   RO         5190    i.etharp_input      etharp.o
    0x080067fe   0x080067fe   0x00000002   PAD
    0x08006800   0x08006800   0x000000f4   Code   RO         5191    i.etharp_output     etharp.o
    0x080068f4   0x080068f4   0x00000060   Code   RO         5192    i.etharp_output_to_arp_index  etharp.o
    0x08006954   0x08006954   0x000000fc   Code   RO         5193    i.etharp_query      etharp.o
    0x08006a50   0x08006a50   0x0000008a   Code   RO         5194    i.etharp_raw        etharp.o
    0x08006ada   0x08006ada   0x00000002   PAD
    0x08006adc   0x08006adc   0x0000000c   Code   RO         5195    i.etharp_request    etharp.o
    0x08006ae8   0x08006ae8   0x00000020   Code   RO         5196    i.etharp_request_dst  etharp.o
    0x08006b08   0x08006b08   0x00000060   Code   RO         5197    i.etharp_tmr        etharp.o
    0x08006b68   0x08006b68   0x00000084   Code   RO         5198    i.etharp_update_arp_entry  etharp.o
    0x08006bec   0x08006bec   0x000000a4   Code   RO         5505    i.ethernet_input    ethernet.o
    0x08006c90   0x08006c90   0x0000004a   Code   RO         5506    i.ethernet_output   ethernet.o
    0x08006cda   0x08006cda   0x00000002   PAD
    0x08006cdc   0x08006cdc   0x0000002c   Code   RO         5584    i.ethernetif_dma_init  eth_netif.o
    0x08006d08   0x08006d08   0x00000030   Code   RO         5585    i.ethernetif_init   eth_netif.o
    0x08006d38   0x08006d38   0x0000001e   Code   RO         5586    i.ethernetif_input  eth_netif.o
    0x08006d56   0x08006d56   0x0000000a   Code   RO         5588    i.ethernetif_set_link  eth_netif.o
    0x08006d60   0x08006d60   0x00000058   Code   RO          805    i.float_to_slinear11  tps546d24a.o
    0x08006db8   0x08006db8   0x00000070   Code   RO          806    i.float_to_ulinear16  tps546d24a.o
    0x08006e28   0x08006e28   0x00000030   Code   RO          807    i.float_to_ulinear16_retry  tps546d24a.o
    0x08006e58   0x08006e58   0x00000018   Code   RO          361    i.fputc             debug_serial.o
    0x08006e70   0x08006e70   0x00000050   Code   RO         5988    i.free              mc_w.l(malloc.o)
    0x08006ec0   0x08006ec0   0x00000008   Code   RO         5284    i.icmp_dest_unreach  icmp.o
    0x08006ec8   0x08006ec8   0x0000012c   Code   RO         5285    i.icmp_input        icmp.o
    0x08006ff4   0x08006ff4   0x00000088   Code   RO         5286    i.icmp_send_response  icmp.o
    0x0800707c   0x0800707c   0x0000000c   Code   RO         3516    i.inet_chksum       inet_chksum.o
    0x08007088   0x08007088   0x0000004a   Code   RO         3517    i.inet_chksum_pbuf  inet_chksum.o
    0x080070d2   0x080070d2   0x00000028   Code   RO         3518    i.inet_chksum_pseudo  inet_chksum.o
    0x080070fa   0x080070fa   0x0000006c   Code   RO         3520    i.inet_cksum_pseudo_base  inet_chksum.o
    0x08007166   0x08007166   0x0000002e   Code   RO         5116    i.ip4_addr_isbroadcast_u32  ip4_addr.o
    0x08007194   0x08007194   0x00000190   Code   RO         5055    i.ip4_input         ip4.o
    0x08007324   0x08007324   0x0000002c   Code   RO         5056    i.ip4_input_accept  ip4.o
    0x08007350   0x08007350   0x0000001e   Code   RO         5058    i.ip4_output_if     ip4.o
    0x0800736e   0x0800736e   0x00000002   PAD
    0x08007370   0x08007370   0x000000d0   Code   RO         5059    i.ip4_output_if_src  ip4.o
    0x08007440   0x08007440   0x00000060   Code   RO         5060    i.ip4_route         ip4.o
    0x080074a0   0x080074a0   0x0000000c   Code   RO         3522    i.ip_chksum_pseudo  inet_chksum.o
    0x080074ac   0x080074ac   0x00000158   Code   RO         5589    i.low_level_input   eth_netif.o
    0x08007604   0x08007604   0x00000118   Code   RO         5590    i.low_level_output  eth_netif.o
    0x0800771c   0x0800771c   0x0000003c   Code   RO         4285    i.lwip_cyclic_timer  timeouts.o
    0x08007758   0x08007758   0x00000004   Code   RO         3450    i.lwip_htonl        def.o
    0x0800775c   0x0800775c   0x00000004   Code   RO         3451    i.lwip_htons        def.o
    0x08007760   0x08007760   0x0000001e   Code   RO         3596    i.lwip_init         init.o
    0x0800777e   0x0800777e   0x00000002   PAD
    0x08007780   0x08007780   0x00000058   Code   RO         3524    i.lwip_standard_chksum  inet_chksum.o
    0x080077d8   0x080077d8   0x000009f4   Code   RO         1065    i.main              main.o
    0x080081cc   0x080081cc   0x0000006c   Code   RO         5989    i.malloc            mc_w.l(malloc.o)
    0x08008238   0x08008238   0x00000004   Code   RO         3669    i.mem_free          mem.o
    0x0800823c   0x0800823c   0x00000002   Code   RO         3670    i.mem_init          mem.o
    0x0800823e   0x0800823e   0x00000016   Code   RO         3671    i.mem_malloc        mem.o
    0x08008254   0x08008254   0x00000002   Code   RO         3672    i.mem_trim          mem.o
    0x08008256   0x08008256   0x00000002   PAD
    0x08008258   0x08008258   0x00000018   Code   RO         3721    i.memp_free         memp.o
    0x08008270   0x08008270   0x00000020   Code   RO         3723    i.memp_init         memp.o
    0x08008290   0x08008290   0x00000024   Code   RO         3724    i.memp_init_pool    memp.o
    0x080082b4   0x080082b4   0x00000018   Code   RO         3725    i.memp_malloc       memp.o
    0x080082cc   0x080082cc   0x000000a8   Code   RO         3840    i.netif_add         netif.o
    0x08008374   0x08008374   0x00000016   Code   RO         3842    i.netif_do_ip_addr_changed  netif.o
    0x0800838a   0x0800838a   0x00000016   Code   RO         3843    i.netif_do_set_gw   netif.o
    0x080083a0   0x080083a0   0x00000038   Code   RO         3844    i.netif_do_set_ipaddr  netif.o
    0x080083d8   0x080083d8   0x00000016   Code   RO         3845    i.netif_do_set_netmask  netif.o
    0x080083ee   0x080083ee   0x00000002   PAD
    0x080083f0   0x080083f0   0x00000028   Code   RO         3847    i.netif_get_by_index  netif.o
    0x08008418   0x08008418   0x00000002   Code   RO         3849    i.netif_init        netif.o
    0x0800841a   0x0800841a   0x00000024   Code   RO         3851    i.netif_issue_reports  netif.o
    0x0800843e   0x0800843e   0x00000006   Code   RO         3853    i.netif_null_output_ip4  netif.o
    0x08008444   0x08008444   0x00000060   Code   RO         3855    i.netif_set_addr    netif.o
    0x080084a4   0x080084a4   0x0000000c   Code   RO         3856    i.netif_set_default  netif.o
    0x080084b0   0x080084b0   0x00000016   Code   RO         3860    i.netif_set_link_down  netif.o
    0x080084c6   0x080084c6   0x0000002a   Code   RO         3861    i.netif_set_link_up  netif.o
    0x080084f0   0x080084f0   0x0000001c   Code   RO         3863    i.netif_set_up      netif.o
    0x0800850c   0x0800850c   0x0000001a   Code   RO           47    i.next_power_of_two  bm1366.o
    0x08008526   0x08008526   0x00000006   Code   RO         4010    i.pbuf_add_header   pbuf.o
    0x0800852c   0x0800852c   0x00000046   Code   RO         4012    i.pbuf_add_header_impl  pbuf.o
    0x08008572   0x08008572   0x00000002   PAD
    0x08008574   0x08008574   0x000000d0   Code   RO         4013    i.pbuf_alloc        pbuf.o
    0x08008644   0x08008644   0x0000002e   Code   RO         4014    i.pbuf_alloc_reference  pbuf.o
    0x08008672   0x08008672   0x00000028   Code   RO         4015    i.pbuf_cat          pbuf.o
    0x0800869a   0x0800869a   0x00000012   Code   RO         4016    i.pbuf_chain        pbuf.o
    0x080086ac   0x080086ac   0x00000012   Code   RO         4017    i.pbuf_clen         pbuf.o
    0x080086be   0x080086be   0x0000001e   Code   RO         4018    i.pbuf_clone        pbuf.o
    0x080086dc   0x080086dc   0x00000010   Code   RO         4020    i.pbuf_copy         pbuf.o
    0x080086ec   0x080086ec   0x00000066   Code   RO         4021    i.pbuf_copy_partial  pbuf.o
    0x08008752   0x08008752   0x000000b0   Code   RO         4022    i.pbuf_copy_partial_pbuf  pbuf.o
    0x08008802   0x08008802   0x00000056   Code   RO         4024    i.pbuf_free         pbuf.o
    0x08008858   0x08008858   0x00000034   Code   RO         4026    i.pbuf_free_ooseq   pbuf.o
    0x0800888c   0x0800888c   0x00000006   Code   RO         4030    i.pbuf_header_force  pbuf.o
    0x08008892   0x08008892   0x0000000e   Code   RO         4031    i.pbuf_header_impl  pbuf.o
    0x080088a0   0x080088a0   0x0000001c   Code   RO         4032    i.pbuf_init_alloced_pbuf  pbuf.o
    0x080088bc   0x080088bc   0x0000004e   Code   RO         4036    i.pbuf_realloc      pbuf.o
    0x0800890a   0x0800890a   0x0000001a   Code   RO         4037    i.pbuf_ref          pbuf.o
    0x08008924   0x08008924   0x0000002e   Code   RO         4038    i.pbuf_remove_header  pbuf.o
    0x08008952   0x08008952   0x00000002   PAD
    0x08008954   0x08008954   0x000004d8   Code   RO         1066    i.probe_i2c_devices  main.o
    0x08008e2c   0x08008e2c   0x000000aa   Code   RO          666    i.protocol_decode_job  protocol.o
    0x08008ed6   0x08008ed6   0x0000002e   Code   RO          667    i.protocol_decode_latency  protocol.o
    0x08008f04   0x08008f04   0x00000012   Code   RO          668    i.protocol_decode_set_frequency  protocol.o
    0x08008f16   0x08008f16   0x00000018   Code   RO          669    i.protocol_decode_setparams  protocol.o
    0x08008f2e   0x08008f2e   0x00000012   Code   RO          670    i.protocol_decode_setpower  protocol.o
    0x08008f40   0x08008f40   0x00000016   Code   RO          671    i.protocol_decode_version_mask  protocol.o
    0x08008f56   0x08008f56   0x00000010   Code   RO          672    i.protocol_encode_ack  protocol.o
    0x08008f66   0x08008f66   0x0000003a   Code   RO          674    i.protocol_encode_error  protocol.o
    0x08008fa0   0x08008fa0   0x00000026   Code   RO          675    i.protocol_encode_frequency_status  protocol.o
    0x08008fc6   0x08008fc6   0x0000001a   Code   RO          676    i.protocol_encode_hashrate  protocol.o
    0x08008fe0   0x08008fe0   0x00000048   Code   RO          677    i.protocol_encode_hello  protocol.o
    0x08009028   0x08009028   0x0000001c   Code   RO          678    i.protocol_encode_latency  protocol.o
    0x08009044   0x08009044   0x00000050   Code   RO          679    i.protocol_encode_nonce  protocol.o
    0x08009094   0x08009094   0x00000068   Code   RO          680    i.protocol_encode_telemetry  protocol.o
    0x080090fc   0x080090fc   0x00000044   Code   RO          681    i.protocol_peek_frame  protocol.o
    0x08009140   0x08009140   0x00000026   Code   RO          808    i.read_byte         tps546d24a.o
    0x08009166   0x08009166   0x00000012   Code   RO          682    i.read_u32          protocol.o
    0x08009178   0x08009178   0x00000030   Code   RO          809    i.read_word         tps546d24a.o
    0x080091a8   0x080091a8   0x0000041c   Code   RO         1067    i.receive_tcp_data  main.o
    0x080095c4   0x080095c4   0x0000001a   Code   RO           48    i.reverse_bits8     bm1366.o
    0x080095de   0x080095de   0x00000002   PAD
    0x080095e0   0x080095e0   0x0000011c   Code   RO         1068    i.sample_i2c_telemetry  main.o
    0x080096fc   0x080096fc   0x0000003a   Code   RO          810    i.scale_linear11    tps546d24a.o
    0x08009736   0x08009736   0x00000024   Code   RO          811    i.scale_linear16    tps546d24a.o
    0x0800975a   0x0800975a   0x00000002   PAD
    0x0800975c   0x0800975c   0x0000004c   Code   RO         1069    i.send_board_hello  main.o
    0x080097a8   0x080097a8   0x00000020   Code   RO         1070    i.send_board_telemetry  main.o
    0x080097c8   0x080097c8   0x00000004   Code   RO         5545    i.sys_arch_protect  sys_arch.o
    0x080097cc   0x080097cc   0x00000002   Code   RO         5546    i.sys_arch_unprotect  sys_arch.o
    0x080097ce   0x080097ce   0x00000002   PAD
    0x080097d0   0x080097d0   0x00000054   Code   RO         4286    i.sys_check_timeouts  timeouts.o
    0x08009824   0x08009824   0x00000004   Code   RO         5547    i.sys_now           sys_arch.o
    0x08009828   0x08009828   0x0000001a   Code   RO         4288    i.sys_timeout       timeouts.o
    0x08009842   0x08009842   0x00000002   PAD
    0x08009844   0x08009844   0x00000050   Code   RO         4289    i.sys_timeout_abs   timeouts.o
    0x08009894   0x08009894   0x00000028   Code   RO         4290    i.sys_timeouts_init  timeouts.o
    0x080098bc   0x080098bc   0x000000d4   Code   RO         4374    i.tcp_abandon       tcp.o
    0x08009990   0x08009990   0x00000006   Code   RO         4375    i.tcp_abort         tcp.o
    0x08009996   0x08009996   0x00000002   PAD
    0x08009998   0x08009998   0x00000134   Code   RO         4378    i.tcp_alloc         tcp.o
    0x08009acc   0x08009acc   0x00000094   Code   RO         4380    i.tcp_bind          tcp.o
    0x08009b60   0x08009b60   0x000000d0   Code   RO          422    i.tcp_client_connected  eth_drv.o
    0x08009c30   0x08009c30   0x0000003c   Code   RO          423    i.tcp_client_err    eth_drv.o
    0x08009c6c   0x08009c6c   0x00000004   Code   RO          424    i.tcp_client_poll   eth_drv.o
    0x08009c70   0x08009c70   0x000000f8   Code   RO          425    i.tcp_client_recv   eth_drv.o
    0x08009d68   0x08009d68   0x0000001c   Code   RO         4382    i.tcp_close         tcp.o
    0x08009d84   0x08009d84   0x0000010c   Code   RO         4383    i.tcp_close_shutdown  tcp.o
    0x08009e90   0x08009e90   0x00000050   Code   RO         4384    i.tcp_close_shutdown_fin  tcp.o
    0x08009ee0   0x08009ee0   0x00000100   Code   RO         4385    i.tcp_connect       tcp.o
    0x08009fe0   0x08009fe0   0x00000098   Code   RO         4753    i.tcp_create_segment  tcp_out.o
    0x0800a078   0x0800a078   0x0000001e   Code   RO         4387    i.tcp_eff_send_mss_netif  tcp.o
    0x0800a096   0x0800a096   0x00000088   Code   RO         4754    i.tcp_enqueue_flags  tcp_out.o
    0x0800a11e   0x0800a11e   0x0000000a   Code   RO         4388    i.tcp_err           tcp.o
    0x0800a128   0x0800a128   0x0000006c   Code   RO         4389    i.tcp_fasttmr       tcp.o
    0x0800a194   0x0800a194   0x00000008   Code   RO         4390    i.tcp_free          tcp.o
    0x0800a19c   0x0800a19c   0x00000060   Code   RO         4667    i.tcp_free_acked_segments  tcp_in.o
    0x0800a1fc   0x0800a1fc   0x00000014   Code   RO         4391    i.tcp_free_ooseq    tcp.o
    0x0800a210   0x0800a210   0x00000028   Code   RO         4668    i.tcp_get_next_optbyte  tcp_in.o
    0x0800a238   0x0800a238   0x00000024   Code   RO         4392    i.tcp_init          tcp.o
    0x0800a25c   0x0800a25c   0x000003c8   Code   RO         4669    i.tcp_input         tcp_in.o
    0x0800a624   0x0800a624   0x00000040   Code   RO         4670    i.tcp_input_delayed_close  tcp_in.o
    0x0800a664   0x0800a664   0x00000032   Code   RO         4755    i.tcp_keepalive     tcp_out.o
    0x0800a696   0x0800a696   0x00000002   PAD
    0x0800a698   0x0800a698   0x0000003c   Code   RO         4393    i.tcp_kill_state    tcp.o
    0x0800a6d4   0x0800a6d4   0x00000108   Code   RO         4671    i.tcp_listen_input  tcp_in.o
    0x0800a7dc   0x0800a7dc   0x0000004c   Code   RO         4396    i.tcp_netif_ip_addr_changed  tcp.o
    0x0800a828   0x0800a828   0x00000022   Code   RO         4397    i.tcp_netif_ip_addr_changed_pcblist  tcp.o
    0x0800a84a   0x0800a84a   0x00000006   Code   RO         4398    i.tcp_new           tcp.o
    0x0800a850   0x0800a850   0x00000060   Code   RO         4400    i.tcp_new_port      tcp.o
    0x0800a8b0   0x0800a8b0   0x00000010   Code   RO         4401    i.tcp_next_iss      tcp.o
    0x0800a8c0   0x0800a8c0   0x00000074   Code   RO         4672    i.tcp_oos_insert_segment  tcp_in.o
    0x0800a934   0x0800a934   0x000001f8   Code   RO         4756    i.tcp_output        tcp_out.o
    0x0800ab2c   0x0800ab2c   0x0000002a   Code   RO         4757    i.tcp_output_alloc_header  tcp_out.o
    0x0800ab56   0x0800ab56   0x0000006a   Code   RO         4758    i.tcp_output_alloc_header_common  tcp_out.o
    0x0800abc0   0x0800abc0   0x00000030   Code   RO         4759    i.tcp_output_control_segment  tcp_out.o
    0x0800abf0   0x0800abf0   0x0000004c   Code   RO         4760    i.tcp_output_control_segment_netif  tcp_out.o
    0x0800ac3c   0x0800ac3c   0x000000bc   Code   RO         4761    i.tcp_output_segment  tcp_out.o
    0x0800acf8   0x0800acf8   0x00000010   Code   RO         4762    i.tcp_output_segment_busy  tcp_out.o
    0x0800ad08   0x0800ad08   0x00000074   Code   RO         4673    i.tcp_parseopt      tcp_in.o
    0x0800ad7c   0x0800ad7c   0x0000004c   Code   RO         4763    i.tcp_pbuf_prealloc  tcp_out.o
    0x0800adc8   0x0800adc8   0x00000046   Code   RO         4402    i.tcp_pcb_purge     tcp.o
    0x0800ae0e   0x0800ae0e   0x00000050   Code   RO         4403    i.tcp_pcb_remove    tcp.o
    0x0800ae5e   0x0800ae5e   0x0000000c   Code   RO         4404    i.tcp_poll          tcp.o
    0x0800ae6a   0x0800ae6a   0x00000002   PAD
    0x0800ae6c   0x0800ae6c   0x00000380   Code   RO         4674    i.tcp_process       tcp_in.o
    0x0800b1ec   0x0800b1ec   0x00000076   Code   RO         4405    i.tcp_process_refused_data  tcp.o
    0x0800b262   0x0800b262   0x00000002   PAD
    0x0800b264   0x0800b264   0x00000654   Code   RO         4675    i.tcp_receive       tcp_in.o
    0x0800b8b8   0x0800b8b8   0x0000000a   Code   RO         4406    i.tcp_recv          tcp.o
    0x0800b8c2   0x0800b8c2   0x0000002c   Code   RO         4407    i.tcp_recv_null     tcp.o
    0x0800b8ee   0x0800b8ee   0x00000040   Code   RO         4408    i.tcp_recved        tcp.o
    0x0800b92e   0x0800b92e   0x00000066   Code   RO         4764    i.tcp_rexmit        tcp_out.o
    0x0800b994   0x0800b994   0x0000005c   Code   RO         4765    i.tcp_rexmit_fast   tcp_out.o
    0x0800b9f0   0x0800b9f0   0x00000018   Code   RO         4766    i.tcp_rexmit_rto    tcp_out.o
    0x0800ba08   0x0800ba08   0x00000012   Code   RO         4767    i.tcp_rexmit_rto_commit  tcp_out.o
    0x0800ba1a   0x0800ba1a   0x00000066   Code   RO         4768    i.tcp_rexmit_rto_prepare  tcp_out.o
    0x0800ba80   0x0800ba80   0x00000010   Code   RO         4769    i.tcp_route         tcp_out.o
    0x0800ba90   0x0800ba90   0x00000030   Code   RO         4770    i.tcp_rst           tcp_out.o
    0x0800bac0   0x0800bac0   0x00000032   Code   RO         4771    i.tcp_rst_common    tcp_out.o
    0x0800baf2   0x0800baf2   0x0000002e   Code   RO         4772    i.tcp_rst_netif     tcp_out.o
    0x0800bb20   0x0800bb20   0x00000010   Code   RO          426    i.tcp_rx_reset      eth_drv.o
    0x0800bb30   0x0800bb30   0x00000028   Code   RO         4409    i.tcp_seg_copy      tcp.o
    0x0800bb58   0x0800bb58   0x0000001c   Code   RO         4410    i.tcp_seg_free      tcp.o
    0x0800bb74   0x0800bb74   0x00000012   Code   RO         4411    i.tcp_segs_free     tcp.o
    0x0800bb86   0x0800bb86   0x00000046   Code   RO         4773    i.tcp_send_empty_ack  tcp_out.o
    0x0800bbcc   0x0800bbcc   0x00000044   Code   RO         4774    i.tcp_send_fin      tcp_out.o
    0x0800bc10   0x0800bc10   0x000002c4   Code   RO         4415    i.tcp_slowtmr       tcp.o
    0x0800bed4   0x0800bed4   0x00000118   Code   RO         4775    i.tcp_split_unsent_seg  tcp_out.o
    0x0800bfec   0x0800bfec   0x00000034   Code   RO         4293    i.tcp_timer_needed  timeouts.o
    0x0800c020   0x0800c020   0x00000068   Code   RO         4676    i.tcp_timewait_input  tcp_in.o
    0x0800c088   0x0800c088   0x00000020   Code   RO         4417    i.tcp_tmr           tcp.o
    0x0800c0a8   0x0800c0a8   0x00000010   Code   RO         4677    i.tcp_trigger_input_pcb_close  tcp_in.o
    0x0800c0b8   0x0800c0b8   0x0000002e   Code   RO         4419    i.tcp_update_rcv_ann_wnd  tcp.o
    0x0800c0e6   0x0800c0e6   0x00000002   PAD
    0x0800c0e8   0x0800c0e8   0x00000350   Code   RO         4776    i.tcp_write         tcp_out.o
    0x0800c438   0x0800c438   0x000000a0   Code   RO         4777    i.tcp_zero_window_probe  tcp_out.o
    0x0800c4d8   0x0800c4d8   0x00000038   Code   RO         4294    i.tcpip_tcp_timer   timeouts.o
    0x0800c510   0x0800c510   0x00000008   Code   RO          937    i.tmp1075_init      tmp1075.o
    0x0800c518   0x0800c518   0x00000030   Code   RO          938    i.tmp1075_probe     tmp1075.o
    0x0800c548   0x0800c548   0x0000005a   Code   RO          939    i.tmp1075_read_temperature  tmp1075.o
    0x0800c5a2   0x0800c5a2   0x00000002   PAD
    0x0800c5a4   0x0800c5a4   0x00000234   Code   RO          812    i.tps546d24a_apply_board_config  tps546d24a.o
    0x0800c7d8   0x0800c7d8   0x0000002a   Code   RO          813    i.tps546d24a_clear_faults  tps546d24a.o
    0x0800c802   0x0800c802   0x00000008   Code   RO          814    i.tps546d24a_init   tps546d24a.o
    0x0800c80a   0x0800c80a   0x00000020   Code   RO          815    i.tps546d24a_probe  tps546d24a.o
    0x0800c82a   0x0800c82a   0x0000000a   Code   RO          816    i.tps546d24a_read_byte_cmd  tps546d24a.o
    0x0800c834   0x0800c834   0x000000f0   Code   RO          817    i.tps546d24a_read_telemetry  tps546d24a.o
    0x0800c924   0x0800c924   0x0000004a   Code   RO          818    i.tps546d24a_read_vout16_cmd_mv  tps546d24a.o
    0x0800c96e   0x0800c96e   0x00000010   Code   RO          819    i.tps546d24a_read_vout_command_mv  tps546d24a.o
    0x0800c97e   0x0800c97e   0x0000000a   Code   RO          820    i.tps546d24a_read_word_cmd  tps546d24a.o
    0x0800c988   0x0800c988   0x00000072   Code   RO          821    i.tps546d24a_set_enabled  tps546d24a.o
    0x0800c9fa   0x0800c9fa   0x00000002   PAD
    0x0800c9fc   0x0800c9fc   0x000000cc   Code   RO          822    i.tps546d24a_set_vout_mv  tps546d24a.o
    0x0800cac8   0x0800cac8   0x000005d4   Code   RO         1071    i.tps_report_fault_detail  main.o
    0x0800d09c   0x0800d09c   0x0000002c   Code   RO           49    i.uart_rb_get       bm1366.o
    0x0800d0c8   0x0800d0c8   0x000000b8   Code   RO         4911    i.udp_bind          udp.o
    0x0800d180   0x0800d180   0x00000050   Code   RO         4913    i.udp_connect       udp.o
    0x0800d1d0   0x0800d1d0   0x00000024   Code   RO         4915    i.udp_init          udp.o
    0x0800d1f4   0x0800d1f4   0x00000178   Code   RO         4916    i.udp_input         udp.o
    0x0800d36c   0x0800d36c   0x00000034   Code   RO         4917    i.udp_netif_ip_addr_changed  udp.o
    0x0800d3a0   0x0800d3a0   0x0000001a   Code   RO         4918    i.udp_new           udp.o
    0x0800d3ba   0x0800d3ba   0x0000000a   Code   RO         4920    i.udp_recv          udp.o
    0x0800d3c4   0x0800d3c4   0x00000034   Code   RO         4921    i.udp_remove        udp.o
    0x0800d3f8   0x0800d3f8   0x0000003c   Code   RO         4924    i.udp_sendto_if     udp.o
    0x0800d434   0x0800d434   0x000000e0   Code   RO         4925    i.udp_sendto_if_src  udp.o
    0x0800d514   0x0800d514   0x0000004c   Code   RO          823    i.write_byte_retry  tps546d24a.o
    0x0800d560   0x0800d560   0x00000008   Code   RO          683    i.write_u16         protocol.o
    0x0800d568   0x0800d568   0x00000010   Code   RO          684    i.write_u32         protocol.o
    0x0800d578   0x0800d578   0x00000024   Code   RO          685    i.write_u64         protocol.o
    0x0800d59c   0x0800d59c   0x00000054   Code   RO          824    i.write_word_retry  tps546d24a.o
    0x0800d5f0   0x0800d5f0   0x00000018   Data   RO         1073    .constdata          main.o
    0x0800d608   0x0800d608   0x0000001e   Data   RO         1729    .constdata          stm32f1xx_hal_rcc.o
    0x0800d626   0x0800d626   0x00000010   Data   RO         3414    .constdata          system_stm32f1xx.o
    0x0800d636   0x0800d636   0x00000008   Data   RO         3415    .constdata          system_stm32f1xx.o
    0x0800d63e   0x0800d63e   0x00000002   PAD
    0x0800d640   0x0800d640   0x0000000c   Data   RO         3734    .constdata          memp.o
    0x0800d64c   0x0800d64c   0x0000000c   Data   RO         3735    .constdata          memp.o
    0x0800d658   0x0800d658   0x0000000c   Data   RO         3736    .constdata          memp.o
    0x0800d664   0x0800d664   0x0000000c   Data   RO         3737    .constdata          memp.o
    0x0800d670   0x0800d670   0x0000000c   Data   RO         3738    .constdata          memp.o
    0x0800d67c   0x0800d67c   0x0000000c   Data   RO         3739    .constdata          memp.o
    0x0800d688   0x0800d688   0x0000000c   Data   RO         3740    .constdata          memp.o
    0x0800d694   0x0800d694   0x0000001c   Data   RO         3741    .constdata          memp.o
    0x0800d6b0   0x0800d6b0   0x00000020   Data   RO         4295    .constdata          timeouts.o
    0x0800d6d0   0x0800d6d0   0x00000054   Data   RO         4420    .constdata          tcp.o
    0x0800d724   0x0800d724   0x00000004   Data   RO         5123    .constdata          ip4_addr.o
    0x0800d728   0x0800d728   0x00000004   Data   RO         5124    .constdata          ip4_addr.o
    0x0800d72c   0x0800d72c   0x00000006   Data   RO         5507    .constdata          ethernet.o
    0x0800d732   0x0800d732   0x00000006   Data   RO         5508    .constdata          ethernet.o
    0x0800d738   0x0800d738   0x00000119   Data   RO          428    .conststring        eth_drv.o
    0x0800d851   0x0800d851   0x00000003   PAD
    0x0800d854   0x0800d854   0x00000042   Data   RO          986    .conststring        lwip_eth.o
    0x0800d896   0x0800d896   0x00000002   PAD
    0x0800d898   0x0800d898   0x0000039b   Data   RO         1074    .conststring        main.o
    0x0800dc33   0x0800dc33   0x00000001   PAD
    0x0800dc34   0x0800dc34   0x00000075   Data   RO         4421    .conststring        tcp.o
    0x0800dca9   0x0800dca9   0x00000003   PAD
    0x0800dcac   0x0800dcac   0x00000053   Data   RO         5592    .conststring        eth_netif.o
    0x0800dcff   0x0800dcff   0x00000001   PAD
    0x0800dd00   0x0800dd00   0x00000020   Data   RO         6103    Region$$Table       anon$$obj.o


    Execution Region RW_IRAM1 (Exec base: 0x20000000, Load base: 0x0800dd20, Size: 0x00007b80, Max: 0x00010000, ABSOLUTE, COMPRESSED[0x00000038])

    Exec Addr    Load Addr    Size         Type   Attr      Idx    E Section Name        Object

    0x20000000   COMPRESSED   0x0000001c   Data   RW           51    .data               bm1366.o
    0x2000001c   COMPRESSED   0x00000024   Data   RW          429    .data               eth_drv.o
    0x20000040   COMPRESSED   0x00000078   Data   RW         1075    .data               main.o
    0x200000b8   COMPRESSED   0x0000000c   Data   RW         1565    .data               stm32f1xx_hal.o
    0x200000c4   COMPRESSED   0x00000004   Data   RW         3416    .data               system_stm32f1xx.o
    0x200000c8   COMPRESSED   0x00000004   Data   RW         3742    .data               memp.o
    0x200000cc   COMPRESSED   0x00000004   Data   RW         3743    .data               memp.o
    0x200000d0   COMPRESSED   0x00000004   Data   RW         3744    .data               memp.o
    0x200000d4   COMPRESSED   0x00000004   Data   RW         3745    .data               memp.o
    0x200000d8   COMPRESSED   0x00000004   Data   RW         3746    .data               memp.o
    0x200000dc   COMPRESSED   0x00000004   Data   RW         3747    .data               memp.o
    0x200000e0   COMPRESSED   0x00000004   Data   RW         3748    .data               memp.o
    0x200000e4   COMPRESSED   0x0000000c   Data   RW         3864    .data               netif.o
    0x200000f0   COMPRESSED   0x00000001   Data   RW         4045    .data               pbuf.o
    0x200000f1   COMPRESSED   0x00000003   PAD
    0x200000f4   COMPRESSED   0x0000000c   Data   RW         4297    .data               timeouts.o
    0x20000100   COMPRESSED   0x00000020   Data   RW         4422    .data               tcp.o
    0x20000120   COMPRESSED   0x00000024   Data   RW         4679    .data               tcp_in.o
    0x20000144   COMPRESSED   0x00000008   Data   RW         4926    .data               udp.o
    0x2000014c   COMPRESSED   0x00000002   Data   RW         5061    .data               ip4.o
    0x2000014e   COMPRESSED   0x00000001   Data   RW         5200    .data               etharp.o
    0x2000014f   COMPRESSED   0x00000001   PAD
    0x20000150   COMPRESSED   0x00000014   Data   RW         5350    .data               dhcp.o
    0x20000164   COMPRESSED   0x00000014   Data   RW         5593    .data               eth_netif.o
    0x20000178   COMPRESSED   0x00000004   Data   RW         6068    .data               mc_w.l(stdout.o)
    0x2000017c   COMPRESSED   0x00000004   Data   RW         6073    .data               mc_w.l(mvars.o)
    0x20000180   COMPRESSED   0x00000004   Data   RW         6074    .data               mc_w.l(mvars.o)
    0x20000184        -       0x0000040b   Zero   RW           50    .bss                bm1366.o
    0x2000058f   COMPRESSED   0x00000001   PAD
    0x20000590        -       0x00001050   Zero   RW          427    .bss                eth_drv.o
    0x200015e0        -       0x00000a58   Zero   RW         1072    .bss                main.o
    0x20002038        -       0x00000080   Zero   RW         3727    .bss                memp.o
    0x200020b8        -       0x00000290   Zero   RW         3728    .bss                memp.o
    0x20002348        -       0x000000e0   Zero   RW         3729    .bss                memp.o
    0x20002428        -       0x00000100   Zero   RW         3730    .bss                memp.o
    0x20002528        -       0x00000040   Zero   RW         3731    .bss                memp.o
    0x20002568        -       0x00000100   Zero   RW         3732    .bss                memp.o
    0x20002668        -       0x00003020   Zero   RW         3733    .bss                memp.o
    0x20005688        -       0x00000010   Zero   RW         4678    .bss                tcp_in.o
    0x20005698        -       0x00000018   Zero   RW         5031    .bss                ip.o
    0x200056b0        -       0x00000060   Zero   RW         5199    .bss                etharp.o
    0x20005710        -       0x00000020   Zero   RW         5349    .bss                dhcp.o
    0x20005730        -       0x00001e50   Zero   RW         5591    .bss                eth_netif.o
    0x20007580        -       0x00000200   Zero   RW            2    HEAP                startup_stm32f10x_cl.o
    0x20007780        -       0x00000400   Zero   RW            1    STACK               startup_stm32f10x_cl.o


==============================================================================

Image component sizes


      Code (inc. data)   RO Data    RW Data    ZI Data      Debug   Object Name

      2714        444          0         28       1035     670708   bm1366.o
        24          4          0          0          0        468   debug_serial.o
         8          0          0          0          0        946   def.o
      3578        132          0         20         32      24963   dhcp.o
      4032       2046        281         36       4176      44344   eth_drv.o
       796        216         83         20       7760       6652   eth_netif.o
      1432         56          0          1         96      10652   etharp.o
       238          4         12          0          0       2462   ethernet.o
       444          6          0          0          0       3053   icmp.o
       334          0          0          0          0      13016   inet_chksum.o
        30          0          0          0          0      15674   init.o
         0          0          0          0         24       3174   ip.o
       778         32          0          2          0       5248   ip4.o
        46          0          8          0          0       8922   ip4_addr.o
       568        116         66          0          0       6395   lwip_eth.o
      7912       3280        947        120       2648      16640   main.o
        30          0          0          0          0       1902   mem.o
       178         16        112         28      13904       9234   memp.o
       574         30          0         12          0      13728   netif.o
      1066         16          0          1          0      26046   pbuf.o
       908          6          0          0          0      13073   protocol.o
        36          8        336          0       1536        816   startup_stm32f10x_cl.o
       172         30          0         12          0       6857   stm32f1xx_hal.o
       208         16          0          0          0      28611   stm32f1xx_hal_cortex.o
      1238         34          0          0          0       5384   stm32f1xx_hal_eth.o
       538         12          0          0          0       3401   stm32f1xx_hal_gpio.o
      3942         78          0          0          0      17076   stm32f1xx_hal_i2c.o
       632         66          0          0          0       3217   stm32f1xx_hal_msp.o
      2022         98         30          0          0       7900   stm32f1xx_hal_rcc.o
       706          6          0          0          0       4448   stm32f1xx_hal_uart.o
        40          4          0          0          0       4178   stm32f1xx_it.o
        10          0          0          0          0       1266   sys_arch.o
         2          0         24          4          0       1071   system_stm32f1xx.o
      3076        110        201         32          0      34005   tcp.o
      4300        162          0         36         16      21323   tcp_in.o
      3318          8          0          0          0      23587   tcp_out.o
       398         68         32         12          0       6058   timeouts.o
       146          0          0          0          0       2662   tmp1075.o
      1902         48          0          0          0      16325   tps546d24a.o
      1100         40          0          8          0      10245   udp.o

    ----------------------------------------------------------------------
     49542       7192       2176        376      31228    1095730   Object Totals
         0          0         32          0          0          0   (incl. Generated)
        66          0         12          4          1          0   (incl. Padding)

    ----------------------------------------------------------------------

      Code (inc. data)   RO Data    RW Data    ZI Data      Debug   Library Member Name

        58          0          0          0          0          0   __dczerorl.o
         0          0          0          0          0          0   entry.o
         0          0          0          0          0          0   entry10a.o
         0          0          0          0          0          0   entry11a.o
         4          0          0          0          0          0   entry12b.o
         8          4          0          0          0          0   entry2.o
         4          0          0          0          0          0   entry5.o
         0          0          0          0          0          0   entry7b.o
         0          0          0          0          0          0   entry8b.o
         8          4          0          0          0          0   entry9a.o
        30          0          0          0          0          0   handlers.o
        36          8          0          0          0         68   init.o
         0          0          0          0          0          0   iusefp.o
        30          0          0          0          0         68   llshl.o
        36          0          0          0          0         68   llsshr.o
        32          0          0          0          0         68   llushr.o
       188         20          0          0          0        160   malloc.o
        26          0          0          0          0         80   memcmp.o
        64          0          0          0          0         76   memmovea.o
        36          0          0          0          0        108   memseta.o
         0          0          0          8          0          0   mvars.o
      2292         94          0          0          0        620   printfa.o
         0          0          0          4          0          0   stdout.o
        14          0          0          0          0         68   strlen.o
        44          0          0          0          0         80   uidiv.o
        98          0          0          0          0         92   uldiv.o
        48          0          0          0          0         68   cdrcmple.o
        20          0          0          0          0         68   cfcmple.o
       334          0          0          0          0        148   dadd.o
       222          0          0          0          0        100   ddiv.o
       186          0          0          0          0        176   depilogue.o
        50          0          0          0          0         76   dfixui.o
        48          0          0          0          0         68   dfixul.o
        26          0          0          0          0         76   dfltui.o
       228          0          0          0          0         96   dmul.o
        46          0          0          0          0         80   dscalb.o
        38          0          0          0          0         68   f2d.o
       176          0          0          0          0        140   fadd.o
       124          0          0          0          0         88   fdiv.o
       110          0          0          0          0        168   fepilogue.o
        50          0          0          0          0         68   ffixi.o
        40          0          0          0          0         68   ffixui.o
        10          0          0          0          0         68   ffltui.o
       100          0          0          0          0         76   fmul.o
        24          0          0          0          0         68   fscalb.o

    ----------------------------------------------------------------------
      4890        130          0         12          0       3324   Library Totals
         2          0          0          0          0          0   (incl. Padding)

    ----------------------------------------------------------------------

      Code (inc. data)   RO Data    RW Data    ZI Data      Debug   Library Name

      3008        130          0         12          0       1556   mc_w.l
      1880          0          0          0          0       1768   mf_w.l

    ----------------------------------------------------------------------
      4890        130          0         12          0       3324   Library Totals

    ----------------------------------------------------------------------

==============================================================================


      Code (inc. data)   RO Data    RW Data    ZI Data      Debug   

     54432       7322       2176        388      31228    1078902   Grand Totals
     54432       7322       2176         56      31228    1078902   ELF Image Totals (compressed)
     54432       7322       2176         56          0          0   ROM Totals

==============================================================================

    Total RO  Size (Code + RO Data)                56608 (  55.28kB)
    Total RW  Size (RW Data + ZI Data)             31616 (  30.88kB)
    Total ROM Size (Code + RO Data + RW Data)      56664 (  55.34kB)

==============================================================================

