*** Using Compiler 'V5.06 update 7 (build 960)', folder: 'C:\Keil_v5\ARM\ARMCC\Bin'
Rebuild target 'BTCMinerMS'
assembling startup_stm32f10x_cl.s...
compiling debug_serial.c...
compiling stm32f1xx_hal_gpio_ex.c...
compiling tmp1075.c...
compiling stm32f1xx_it.c...
compiling Delay.c...
compiling lwip_eth.c...
compiling stm32f1xx_hal_msp.c...
compiling stm32f1xx_hal_eth.c...
compiling tps546d24a.c...
compiling protocol.c...
compiling bm1366.c...
..\Core\Src\bm1366.c(312): warning:  #177-D: variable "min_diff"  was declared but never referenced
       float min_diff = 1e9f;
..\Core\Src\bm1366.c(313): warning:  #177-D: variable "min_vco_freq"  was declared but never referenced
       float min_vco_freq = 1e9f;
..\Core\Src\bm1366.c(314): warning:  #177-D: variable "min_postdiv"  was declared but never referenced
       uint16_t min_postdiv = 0xFFFFU;
..\Core\Src\bm1366.c: 3 warnings, 0 errors
compiling eth_drv.c...
compiling main.c...
../Core/Src/main.c(115): warning:  #550-D: variable "last_job_valid"  was set but never used
  static int last_job_valid = 0;
../Core/Src/main.c(134): warning:  #177-D: variable "tps_reported_state"  was declared but never referenced
  static uint8_t tps_reported_state = 0xFFU;
../Core/Src/main.c(136): warning:  #550-D: variable "tps_desired_enabled"  was set but never used
  static uint8_t tps_desired_enabled = 1;
../Core/Src/main.c: 3 warnings, 0 errors
compiling stm32f1xx_hal.c...
compiling stm32f1xx_hal_pwr.c...
compiling stm32f1xx_hal_gpio.c...
compiling stm32f1xx_hal_exti.c...
compiling system_stm32f1xx.c...
compiling stm32f1xx_hal_flash.c...
compiling stm32f1xx_hal_cortex.c...
compiling stm32f1xx_hal_flash_ex.c...
compiling stm32f1xx_hal_dma.c...
compiling stm32f1xx_hal_rcc_ex.c...
compiling stm32f1xx_hal_rcc.c...
compiling stm32f1xx_hal_uart.c...
compiling stm32f1xx_hal_i2c.c...
compiling def.c...
compiling stats.c...
compiling sys.c...
compiling inet_chksum.c...
compiling mem.c...
compiling timeouts.c...
compiling memp.c...
compiling init.c...
compiling netif.c...
compiling pbuf.c...
compiling tcp.c...
compiling tcp_out.c...
compiling tcp_in.c...
compiling ip4_addr.c...
compiling sys_arch.c...
compiling acd.c...
compiling udp.c...
compiling ip.c...
compiling icmp.c...
compiling eth_netif.c...
compiling etharp.c...
compiling ethernet.c...
compiling ip4.c...
compiling dhcp.c...
linking...
Program Size: Code=51664 RO-data=2352 RW-data=380 ZI-data=31228  
FromELF: creating hex file...
"BTCMinerMS\BTCMinerMS.axf" - 0 Error(s), 6 Warning(s).
Build Time Elapsed:  00:00:13
