<html>
<body>
<pre>
<h1>礦ision Build Log</h1>
<h2>Tool Versions:</h2>
IDE-Version: μVision V5.42.0.0
Copyright (C) 2025 ARM Ltd and ARM Germany GmbH. All rights reserved.
License Information: 1 1, 1, LIC=BUURY-I4SUF-01ZP1-CUJZS-RJ7C6-4M6QY
 
Tool Versions:
Toolchain:       MDK-ARM Plus  Version: 5.42.0.0
Toolchain Path:  D:\Program Files\Keil5\ARM\ARMCC\Bin
C Compiler:      Armcc.exe V5.06 update 7 (build 960)
Assembler:       Armasm.exe V5.06 update 7 (build 960)
Linker/Locator:  ArmLink.exe V5.06 update 7 (build 960)
Library Manager: ArmAr.exe V5.06 update 7 (build 960)
Hex Converter:   FromElf.exe V5.06 update 7 (build 960)
CPU DLL:         SARMCM3.DLL V5.42.0.0
Dialog DLL:      DCM.DLL V1.17.5.0
Target DLL:      STLink\ST-LINKIII-KEIL_SWO.dll V3.3.0.0
Dialog DLL:      TCM.DLL V1.56.6.0
 
<h2>Project:</h2>
D:\Docunemt\临时工程项目\BTCMinerControl\BTCMinerControl\Miner\F407测试\F107Demo\Project\RVMDK（uv5）\BH-F107.uvprojx
Project File Date:  07/23/2026

<h2>Output:</h2>
*** Using Compiler 'V5.06 update 7 (build 960)', folder: 'D:\Program Files\Keil5\ARM\ARMCC\Bin'
Rebuild target 'BH-F107'
assembling startup_stm32f10x_cl.s...
compiling stm32f10x_crc.c...
compiling misc.c...
compiling stm32f10x_cec.c...
compiling stm32f10x_adc.c...
compiling stm32f10x_exti.c...
compiling system_stm32f10x.c...
compiling stm32f10x_dbgmcu.c...
compiling stm32f10x_can.c...
compiling stm32f10x_dma.c...
compiling stm32f10x_dac.c...
compiling stm32f10x_flash.c...
compiling stm32f10x_fsmc.c...
compiling stm32f10x_gpio.c...
compiling stm32f10x_i2c.c...
compiling stm32f10x_pwr.c...
compiling stm32f10x_iwdg.c...
compiling stm32f10x_rtc.c...
compiling stm32f10x_spi.c...
compiling stm32f10x_sdio.c...
compiling stm32f10x_rcc.c...
compiling stm32f10x_usart.c...
compiling stm32f10x_tim.c...
compiling stm32f10x_wwdg.c...
compiling main.c...
compiling stm32f10x_it.c...
compiling altcp.c...
compiling altcp_alloc.c...
compiling altcp_tcp.c...
compiling dns.c...
compiling def.c...
compiling debug_serial.c...
compiling Delay.c...
compiling bm1366.c...
..\..\User\bm1366.c(17): warning:  #550-D: variable "bm1366_cur_baud"  was set but never used
   static uint32_t bm1366_cur_baud         = BM1366_DEFAULT_BAUD;
..\..\User\bm1366.c(341): warning:  #177-D: function "bm1366_frequency_immediate"  was declared but never referenced
   static void bm1366_frequency_immediate(float target_freq_mhz) {
..\..\User\bm1366.c: 2 warnings, 0 errors
compiling protocol.c...
compiling lwip_eth.c...
compiling inet_chksum.c...
compiling eth_drv.c...
..\..\User\eth_drv.c(50): warning:  #550-D: variable "dest_port"  was set but never used
   static uint16_t         dest_port;
..\..\User\eth_drv.c: 1 warning, 0 errors
compiling init.c...
compiling ip.c...
compiling mem.c...
compiling memp.c...
compiling netif.c...
compiling pbuf.c...
compiling raw.c...
compiling stats.c...
compiling sys.c...
compiling timeouts.c...
compiling udp.c...
compiling autoip.c...
compiling tcp_out.c...
compiling tcp.c...
compiling dhcp.c...
compiling tcp_in.c...
compiling etharp.c...
compiling icmp.c...
compiling igmp.c...
compiling ip4_addr.c...
compiling ip4.c...
compiling ethernet.c...
linking...
Program Size: Code=26398 RO-data=1010 RW-data=244 ZI-data=81828  
FromELF: creating hex file...
"..\..\Output\Template.axf" - 0 Error(s), 3 Warning(s).

<h2>Software Packages used:</h2>

Package Vendor: Keil
                https://www.keil.com/pack/Keil.STM32F1xx_DFP.2.4.1.pack
                Keil::STM32F1xx_DFP@2.4.1
                STMicroelectronics STM32F1 Series Device Support, Drivers and Examples

<h2>Collection of Component include folders:</h2>
  D:/Program Files/Keil5/Keil/STM32F1xx_DFP/2.4.1/Device/Include

<h2>Collection of Component Files used:</h2>
Build Time Elapsed:  00:00:04
</pre>
</body>
</html>
