<html>
<body>
<pre>
<h1>礦ision Build Log</h1>
<h2>Tool Versions:</h2>
IDE-Version: μVision V5.42.0.0
Copyright (C) 2025 ARM Ltd and ARM Germany GmbH. All rights reserved.
License Information: 1 1, 1, LIC=BUURY-I4SUF-01ZP1-CUJZS-RJ7C6-4M6QY
 
Tool Versions:
Toolchain:       MDK-ARM Plus  Version: 5.42.0.0
Toolchain Path:  D:\Program Files\Keil5\ARM\ARMCC\Bin
C Compiler:      Armcc.exe V5.06 update 7 (build 960)
Assembler:       Armasm.exe V5.06 update 7 (build 960)
Linker/Locator:  ArmLink.exe V5.06 update 7 (build 960)
Library Manager: ArmAr.exe V5.06 update 7 (build 960)
Hex Converter:   FromElf.exe V5.06 update 7 (build 960)
CPU DLL:         SARMCM3.DLL V5.42.0.0
Dialog DLL:      DCM.DLL V1.17.5.0
Target DLL:      UL2CM3.DLL V1.164.14.0
Dialog DLL:      TCM.DLL V1.56.6.0
 
<h2>Project:</h2>
D:\Docunemt\临时工程项目\BTCMinerControl\BTCMinerControl\Miner\F407测试\F407空测\Project\RVMDK（uv5）\BH-F407.uvprojx
Project File Date:  07/22/2026

<h2>Output:</h2>
*** Using Compiler 'V5.06 update 7 (build 960)', folder: 'D:\Program Files\Keil5\ARM\ARMCC\Bin'
Rebuild target 'BEEP'
assembling startup_stm32f40xx.s...
compiling misc.c...
compiling stm32f4xx_syscfg.c...
compiling stm32f4xx_exti.c...
compiling stm32f4xx_gpio.c...
compiling stm32f4xx_crc.c...
compiling system_stm32f4xx.c...
compiling stm32f4xx_usart.c...
compiling stm32f4xx_flash.c...
compiling stm32f4xx_rcc.c...
compiling stm32f4xx_dma.c...
compiling stm32f4xx_tim.c...
compiling altcp.c...
..\..\User\lwipopts.h(116): warning:  #1-D: last line of file ends without a newline
  #endif
..\..\Library\LwIP\src\core\altcp.c: 1 warning, 0 errors
compiling altcp_alloc.c...
..\..\User\lwipopts.h(116): warning:  #1-D: last line of file ends without a newline
  #endif
..\..\Library\LwIP\src\core\altcp_alloc.c: 1 warning, 0 errors
compiling altcp_tcp.c...
..\..\User\lwipopts.h(116): warning:  #1-D: last line of file ends without a newline
  #endif
..\..\Library\LwIP\src\core\altcp_tcp.c: 1 warning, 0 errors
compiling stm32f4xx_spi.c...
compiling stm32f4xx_it.c...
..\..\User\stm32f4xx_it.h(61): warning:  #1-D: last line of file ends without a newline
  /************************ (C) COPYRIGHT STMicroelectronics *****END OF FILE****/
..\..\User\stm32f4xx_it.c: 1 warning, 0 errors
compiling main.c...
..\..\User\main.c(392): warning:  #1-D: last line of file ends without a newline
  }
..\..\User\main.c: 1 warning, 0 errors
compiling def.c...
..\..\User\lwipopts.h(116): warning:  #1-D: last line of file ends without a newline
  #endif
..\..\Library\LwIP\src\core\def.c: 1 warning, 0 errors
compiling dns.c...
..\..\User\lwipopts.h(116): warning:  #1-D: last line of file ends without a newline
  #endif
..\..\Library\LwIP\src\core\dns.c: 1 warning, 0 errors
compiling protocol.c...
compiling Delay.c...
..\..\User\Delay.c(30): warning:  #1-D: last line of file ends without a newline
  }
..\..\User\Delay.c: 1 warning, 0 errors
compiling inet_chksum.c...
..\..\User\lwipopts.h(116): warning:  #1-D: last line of file ends without a newline
  #endif
..\..\Library\LwIP\src\core\inet_chksum.c: 1 warning, 0 errors
compiling debug_serial.c...
..\..\User\debug_serial.c(65): warning:  #1-D: last line of file ends without a newline
  }
..\..\User\debug_serial.c: 1 warning, 0 errors
compiling lwip_eth.c...
compiling bm1366.c...
..\..\User\bm1366.c(513): warning:  #1-D: last line of file ends without a newline
   }
..\..\User\bm1366.c(17): warning:  #550-D: variable "bm1366_cur_baud"  was set but never used
   static uint32_t bm1366_cur_baud         = BM1366_DEFAULT_BAUD;
..\..\User\bm1366.c(347): warning:  #177-D: function "bm1366_frequency_immediate"  was declared but never referenced
   static void bm1366_frequency_immediate(float target_freq_mhz) {
..\..\User\bm1366.c: 3 warnings, 0 errors
compiling init.c...
..\..\User\lwipopts.h(116): warning:  #1-D: last line of file ends without a newline
  #endif
..\..\Library\LwIP\src\core\init.c: 1 warning, 0 errors
compiling ip.c...
..\..\User\lwipopts.h(116): warning:  #1-D: last line of file ends without a newline
  #endif
..\..\Library\LwIP\src\core\ip.c: 1 warning, 0 errors
compiling mem.c...
..\..\User\lwipopts.h(116): warning:  #1-D: last line of file ends without a newline
  #endif
..\..\Library\LwIP\src\core\mem.c: 1 warning, 0 errors
compiling eth_drv.c...
..\..\User\lwipopts.h(116): warning:  #1-D: last line of file ends without a newline
  #endif
..\..\User\eth_drv.c(49): warning:  #550-D: variable "dest_port"  was set but never used
   static uint16_t         dest_port;
..\..\User\eth_drv.c: 2 warnings, 0 errors
compiling memp.c...
..\..\User\lwipopts.h(116): warning:  #1-D: last line of file ends without a newline
  #endif
..\..\Library\LwIP\src\core\memp.c: 1 warning, 0 errors
compiling stats.c...
..\..\User\lwipopts.h(116): warning:  #1-D: last line of file ends without a newline
  #endif
..\..\Library\LwIP\src\core\stats.c: 1 warning, 0 errors
compiling sys.c...
..\..\User\lwipopts.h(116): warning:  #1-D: last line of file ends without a newline
  #endif
..\..\Library\LwIP\src\core\sys.c: 1 warning, 0 errors
compiling netif.c...
..\..\User\lwipopts.h(116): warning:  #1-D: last line of file ends without a newline
  #endif
..\..\Library\LwIP\src\core\netif.c: 1 warning, 0 errors
compiling raw.c...
..\..\User\lwipopts.h(116): warning:  #1-D: last line of file ends without a newline
  #endif
..\..\Library\LwIP\src\core\raw.c: 1 warning, 0 errors
compiling pbuf.c...
..\..\User\lwipopts.h(116): warning:  #1-D: last line of file ends without a newline
  #endif
..\..\Library\LwIP\src\core\pbuf.c: 1 warning, 0 errors
compiling timeouts.c...
..\..\User\lwipopts.h(116): warning:  #1-D: last line of file ends without a newline
  #endif
..\..\Library\LwIP\src\core\timeouts.c: 1 warning, 0 errors
compiling udp.c...
..\..\User\lwipopts.h(116): warning:  #1-D: last line of file ends without a newline
  #endif
..\..\Library\LwIP\src\core\udp.c: 1 warning, 0 errors
compiling tcp.c...
..\..\User\lwipopts.h(116): warning:  #1-D: last line of file ends without a newline
  #endif
..\..\Library\LwIP\src\core\tcp.c: 1 warning, 0 errors
compiling tcp_out.c...
..\..\User\lwipopts.h(116): warning:  #1-D: last line of file ends without a newline
  #endif
..\..\Library\LwIP\src\core\tcp_out.c: 1 warning, 0 errors
compiling autoip.c...
..\..\User\lwipopts.h(116): warning:  #1-D: last line of file ends without a newline
  #endif
..\..\Library\LwIP\src\core\ipv4\autoip.c: 1 warning, 0 errors
compiling tcp_in.c...
..\..\User\lwipopts.h(116): warning:  #1-D: last line of file ends without a newline
  #endif
..\..\Library\LwIP\src\core\tcp_in.c: 1 warning, 0 errors
compiling dhcp.c...
..\..\User\lwipopts.h(116): warning:  #1-D: last line of file ends without a newline
  #endif
..\..\Library\LwIP\src\core\ipv4\dhcp.c: 1 warning, 0 errors
compiling icmp.c...
..\..\User\lwipopts.h(116): warning:  #1-D: last line of file ends without a newline
  #endif
..\..\Library\LwIP\src\core\ipv4\icmp.c: 1 warning, 0 errors
compiling igmp.c...
..\..\User\lwipopts.h(116): warning:  #1-D: last line of file ends without a newline
  #endif
..\..\Library\LwIP\src\core\ipv4\igmp.c: 1 warning, 0 errors
compiling etharp.c...
..\..\User\lwipopts.h(116): warning:  #1-D: last line of file ends without a newline
  #endif
..\..\Library\LwIP\src\core\ipv4\etharp.c: 1 warning, 0 errors
compiling ip4_addr.c...
..\..\User\lwipopts.h(116): warning:  #1-D: last line of file ends without a newline
  #endif
..\..\Library\LwIP\src\core\ipv4\ip4_addr.c: 1 warning, 0 errors
compiling ip4.c...
..\..\User\lwipopts.h(116): warning:  #1-D: last line of file ends without a newline
  #endif
..\..\Library\LwIP\src\core\ipv4\ip4.c: 1 warning, 0 errors
compiling ethernet.c...
..\..\User\lwipopts.h(116): warning:  #1-D: last line of file ends without a newline
  #endif
..\..\Library\LwIP\src\netif\ethernet.c: 1 warning, 0 errors
linking...
Program Size: Code=29478 RO-data=1070 RW-data=232 ZI-data=82088  
FromELF: creating hex file...
"..\..\Output\Template.axf" - 0 Error(s), 37 Warning(s).

<h2>Software Packages used:</h2>

Package Vendor: Keil
                https://www.keil.com/pack/Keil.STM32F4xx_DFP.3.1.1.pack
                Keil::STM32F4xx_DFP@3.1.1
                STMicroelectronics STM32F4 Series Device Support

<h2>Collection of Component include folders:</h2>

<h2>Collection of Component Files used:</h2>
Build Time Elapsed:  00:00:04
</pre>
</body>
</html>
